Archive member included to satisfy reference by file (symbol)

C:/ProgramData/MATLAB/SupportPackages/R2017b/3P.instrset/mbedlibrary-stm.instrset/25aea2a3f4e3/TARGET_DISCO_F769NI/TOOLCHAIN_GCC_ARM/libmbed.a(us_ticker.o)
                              C:/PROGRA~3/MATLAB/SUPPOR~1/R2017b/3P778C~1.INS/MBEDLI~1.INS/25AEA2~1/TARGET_DISCO_F769NI/TOOLCHAIN_GCC_ARM/mbed_overrides.o (us_ticker_read)
C:/ProgramData/MATLAB/SupportPackages/R2017b/3P.instrset/mbedlibrary-stm.instrset/25aea2a3f4e3/TARGET_DISCO_F769NI/TOOLCHAIN_GCC_ARM/libmbed.a(serial_api.o)
                              C:/PROGRA~3/MATLAB/SUPPOR~1/R2017b/3P778C~1.INS/MBEDLI~1.INS/25AEA2~1/TARGET_DISCO_F769NI/TOOLCHAIN_GCC_ARM/mbed_board.o (serial_init)
C:/ProgramData/MATLAB/SupportPackages/R2017b/3P.instrset/mbedlibrary-stm.instrset/25aea2a3f4e3/TARGET_DISCO_F769NI/TOOLCHAIN_GCC_ARM/libmbed.a(FilePath.o)
                              C:/PROGRA~3/MATLAB/SUPPOR~1/R2017b/3P778C~1.INS/MBEDLI~1.INS/25AEA2~1/TARGET_DISCO_F769NI/TOOLCHAIN_GCC_ARM/retarget.o (mbed::FilePath::FilePath(char const*))
C:/ProgramData/MATLAB/SupportPackages/R2017b/3P.instrset/mbedlibrary-stm.instrset/25aea2a3f4e3/TARGET_DISCO_F769NI/TOOLCHAIN_GCC_ARM/libmbed.a(FileSystemLike.o)
                              C:/PROGRA~3/MATLAB/SUPPOR~1/R2017b/3P778C~1.INS/MBEDLI~1.INS/25AEA2~1/TARGET_DISCO_F769NI/TOOLCHAIN_GCC_ARM/retarget.o (mbed::FileSystemLike::opendir())
C:/ProgramData/MATLAB/SupportPackages/R2017b/3P.instrset/mbedlibrary-stm.instrset/25aea2a3f4e3/TARGET_DISCO_F769NI/TOOLCHAIN_GCC_ARM/libmbed.a(mbed_assert.o)
                              C:/PROGRA~3/MATLAB/SUPPOR~1/R2017b/3P778C~1.INS/MBEDLI~1.INS/25AEA2~1/TARGET_DISCO_F769NI/TOOLCHAIN_GCC_ARM/retarget.o (mbed_assert_internal)
C:/ProgramData/MATLAB/SupportPackages/R2017b/3P.instrset/mbedlibrary-stm.instrset/25aea2a3f4e3/TARGET_DISCO_F769NI/TOOLCHAIN_GCC_ARM/libmbed.a(mbed_error.o)
                              C:/PROGRA~3/MATLAB/SUPPOR~1/R2017b/3P778C~1.INS/MBEDLI~1.INS/25AEA2~1/TARGET_DISCO_F769NI/TOOLCHAIN_GCC_ARM/retarget.o (error)
C:/ProgramData/MATLAB/SupportPackages/R2017b/3P.instrset/mbedlibrary-stm.instrset/25aea2a3f4e3/TARGET_DISCO_F769NI/TOOLCHAIN_GCC_ARM/libmbed.a(mbed_critical.o)
                              C:/PROGRA~3/MATLAB/SUPPOR~1/R2017b/3P778C~1.INS/MBEDLI~1.INS/25AEA2~1/TARGET_DISCO_F769NI/TOOLCHAIN_GCC_ARM/mbed_board.o (core_util_critical_section_enter)
C:/ProgramData/MATLAB/SupportPackages/R2017b/3P.instrset/mbedlibrary-stm.instrset/25aea2a3f4e3/TARGET_DISCO_F769NI/TOOLCHAIN_GCC_ARM/libmbed.a(mbed_gpio.o)
                              MW_digitalIO.o (gpio_init_in)
C:/ProgramData/MATLAB/SupportPackages/R2017b/3P.instrset/mbedlibrary-stm.instrset/25aea2a3f4e3/TARGET_DISCO_F769NI/TOOLCHAIN_GCC_ARM/libmbed.a(mbed_pinmap_common.o)
                              C:/ProgramData/MATLAB/SupportPackages/R2017b/3P.instrset/mbedlibrary-stm.instrset/25aea2a3f4e3/TARGET_DISCO_F769NI/TOOLCHAIN_GCC_ARM/libmbed.a(serial_api.o) (pinmap_pinout)
C:/ProgramData/MATLAB/SupportPackages/R2017b/3P.instrset/mbedlibrary-stm.instrset/25aea2a3f4e3/TARGET_DISCO_F769NI/TOOLCHAIN_GCC_ARM/libmbed.a(mbed_us_ticker_api.o)
                              C:/PROGRA~3/MATLAB/SUPPOR~1/R2017b/3P778C~1.INS/MBEDLI~1.INS/25AEA2~1/TARGET_DISCO_F769NI/TOOLCHAIN_GCC_ARM/hal_tick.o (us_ticker_irq_handler)
C:/ProgramData/MATLAB/SupportPackages/R2017b/3P.instrset/mbedlibrary-stm.instrset/25aea2a3f4e3/TARGET_DISCO_F769NI/TOOLCHAIN_GCC_ARM/libmbed.a(mbed_wait_api.o)
                              C:/PROGRA~3/MATLAB/SUPPOR~1/R2017b/3P778C~1.INS/MBEDLI~1.INS/25AEA2~1/TARGET_DISCO_F769NI/TOOLCHAIN_GCC_ARM/mbed_board.o (wait_ms)
C:/ProgramData/MATLAB/SupportPackages/R2017b/3P.instrset/mbedlibrary-stm.instrset/25aea2a3f4e3/TARGET_DISCO_F769NI/TOOLCHAIN_GCC_ARM/libmbed.a(PeripheralPins.o)
                              C:/ProgramData/MATLAB/SupportPackages/R2017b/3P.instrset/mbedlibrary-stm.instrset/25aea2a3f4e3/TARGET_DISCO_F769NI/TOOLCHAIN_GCC_ARM/libmbed.a(serial_api.o) (PinMap_UART_RX)
C:/ProgramData/MATLAB/SupportPackages/R2017b/3P.instrset/mbedlibrary-stm.instrset/25aea2a3f4e3/TARGET_DISCO_F769NI/TOOLCHAIN_GCC_ARM/libmbed.a(gpio_api.o)
                              C:/ProgramData/MATLAB/SupportPackages/R2017b/3P.instrset/mbedlibrary-stm.instrset/25aea2a3f4e3/TARGET_DISCO_F769NI/TOOLCHAIN_GCC_ARM/libmbed.a(mbed_gpio.o) (gpio_init)
C:/ProgramData/MATLAB/SupportPackages/R2017b/3P.instrset/mbedlibrary-stm.instrset/25aea2a3f4e3/TARGET_DISCO_F769NI/TOOLCHAIN_GCC_ARM/libmbed.a(pinmap.o)
                              C:/ProgramData/MATLAB/SupportPackages/R2017b/3P.instrset/mbedlibrary-stm.instrset/25aea2a3f4e3/TARGET_DISCO_F769NI/TOOLCHAIN_GCC_ARM/libmbed.a(gpio_api.o) (Set_GPIO_Clock)
C:/ProgramData/MATLAB/SupportPackages/R2017b/3P.instrset/mbedlibrary-stm.instrset/25aea2a3f4e3/TARGET_DISCO_F769NI/TOOLCHAIN_GCC_ARM/libmbed.a(FileBase.o)
[...]
Memory Configuration

Name             Origin             Length             Attributes
FLASH            0x08000000         0x00200000         xr
RAM              0x200001f8         0x0007fe08         xrw
*default*        0x00000000         0xffffffff

Linker script and memory map

LOAD c:/progra~3/matlab/suppor~1/r2017b/3p778c~1.ins/gnuarm~1.ins/bin/../lib/gcc/arm-none-eabi/5.2.1/armv7e-m/softfp/fpv5-d16/crti.o
LOAD c:/progra~3/matlab/suppor~1/r2017b/3p778c~1.ins/gnuarm~1.ins/bin/../lib/gcc/arm-none-eabi/5.2.1/armv7e-m/softfp/fpv5-d16/crtbegin.o
LOAD c:/progra~3/matlab/suppor~1/r2017b/3p778c~1.ins/gnuarm~1.ins/bin/../lib/gcc/arm-none-eabi/5.2.1/../../../../arm-none-eabi/lib/armv7e-m/softfp/fpv5-d16/crt0.o
LOAD C:/PROGRA~3/MATLAB/SUPPOR~1/R2017b/3P778C~1.INS/MBEDLI~1.INS/25AEA2~1/TARGET_DISCO_F769NI/TOOLCHAIN_GCC_ARM/cmsis_nvic.o
LOAD C:/PROGRA~3/MATLAB/SUPPOR~1/R2017b/3P778C~1.INS/MBEDLI~1.INS/25AEA2~1/TARGET_DISCO_F769NI/TOOLCHAIN_GCC_ARM/hal_tick.o
LOAD C:/PROGRA~3/MATLAB/SUPPOR~1/R2017b/3P778C~1.INS/MBEDLI~1.INS/25AEA2~1/TARGET_DISCO_F769NI/TOOLCHAIN_GCC_ARM/mbed_board.o
LOAD C:/PROGRA~3/MATLAB/SUPPOR~1/R2017b/3P778C~1.INS/MBEDLI~1.INS/25AEA2~1/TARGET_DISCO_F769NI/TOOLCHAIN_GCC_ARM/mbed_overrides.o
LOAD C:/PROGRA~3/MATLAB/SUPPOR~1/R2017b/3P778C~1.INS/MBEDLI~1.INS/25AEA2~1/TARGET_DISCO_F769NI/TOOLCHAIN_GCC_ARM/retarget.o
LOAD C:/PROGRA~3/MATLAB/SUPPOR~1/R2017b/3P778C~1.INS/MBEDLI~1.INS/25AEA2~1/TARGET_DISCO_F769NI/TOOLCHAIN_GCC_ARM/startup_stm32f769xx.o
LOAD C:/PROGRA~3/MATLAB/SUPPOR~1/R2017b/3P778C~1.INS/MBEDLI~1.INS/25AEA2~1/TARGET_DISCO_F769NI/TOOLCHAIN_GCC_ARM/stm32f7xx_hal.o
LOAD C:/PROGRA~3/MATLAB/SUPPOR~1/R2017b/3P778C~1.INS/MBEDLI~1.INS/25AEA2~1/TARGET_DISCO_F769NI/TOOLCHAIN_GCC_ARM/stm32f7xx_hal_adc.o
LOAD C:/PROGRA~3/MATLAB/SUPPOR~1/R2017b/3P778C~1.INS/MBEDLI~1.INS/25AEA2~1/TARGET_DISCO_F769NI/TOOLCHAIN_GCC_ARM/stm32f7xx_hal_adc_ex.o
LOAD C:/PROGRA~3/MATLAB/SUPPOR~1/R2017b/3P778C~1.INS/MBEDLI~1.INS/25AEA2~1/TARGET_DISCO_F769NI/TOOLCHAIN_GCC_ARM/stm32f7xx_hal_can.o
LOAD C:/PROGRA~3/MATLAB/SUPPOR~1/R2017b/3P778C~1.INS/MBEDLI~1.INS/25AEA2~1/TARGET_DISCO_F769NI/TOOLCHAIN_GCC_ARM/stm32f7xx_hal_cec.o
LOAD C:/PROGRA~3/MATLAB/SUPPOR~1/R2017b/3P778C~1.INS/MBEDLI~1.INS/25AEA2~1/TARGET_DISCO_F769NI/TOOLCHAIN_GCC_ARM/stm32f7xx_hal_cortex.o
LOAD C:/PROGRA~3/MATLAB/SUPPOR~1/R2017b/3P778C~1.INS/MBEDLI~1.INS/25AEA2~1/TARGET_DISCO_F769NI/TOOLCHAIN_GCC_ARM/stm32f7xx_hal_crc.o
LOAD C:/PROGRA~3/MATLAB/SUPPOR~1/R2017b/3P778C~1.INS/MBEDLI~1.INS/25AEA2~1/TARGET_DISCO_F769NI/TOOLCHAIN_GCC_ARM/stm32f7xx_hal_crc_ex.o
LOAD C:/PROGRA~3/MATLAB/SUPPOR~1/R2017b/3P778C~1.INS/MBEDLI~1.INS/25AEA2~1/TARGET_DISCO_F769NI/TOOLCHAIN_GCC_ARM/stm32f7xx_hal_cryp.o
LOAD C:/PROGRA~3/MATLAB/SUPPOR~1/R2017b/3P778C~1.INS/MBEDLI~1.INS/25AEA2~1/TARGET_DISCO_F769NI/TOOLCHAIN_GCC_ARM/stm32f7xx_hal_cryp_ex.o
LOAD C:/PROGRA~3/MATLAB/SUPPOR~1/R2017b/3P778C~1.INS/MBEDLI~1.INS/25AEA2~1/TARGET_DISCO_F769NI/TOOLCHAIN_GCC_ARM/stm32f7xx_hal_dac.o
LOAD C:/PROGRA~3/MATLAB/SUPPOR~1/R2017b/3P778C~1.INS/MBEDLI~1.INS/25AEA2~1/TARGET_DISCO_F769NI/TOOLCHAIN_GCC_ARM/stm32f7xx_hal_dac_ex.o
LOAD C:/PROGRA~3/MATLAB/SUPPOR~1/R2017b/3P778C~1.INS/MBEDLI~1.INS/25AEA2~1/TARGET_DISCO_F769NI/TOOLCHAIN_GCC_ARM/stm32f7xx_hal_dcmi.o
LOAD C:/PROGRA~3/MATLAB/SUPPOR~1/R2017b/3P778C~1.INS/MBEDLI~1.INS/25AEA2~1/TARGET_DISCO_F769NI/TOOLCHAIN_GCC_ARM/stm32f7xx_hal_dcmi_ex.o
LOAD C:/PROGRA~3/MATLAB/SUPPOR~1/R2017b/3P778C~1.INS/MBEDLI~1.INS/25AEA2~1/TARGET_DISCO_F769NI/TOOLCHAIN_GCC_ARM/stm32f7xx_hal_dfsdm.o
LOAD C:/PROGRA~3/MATLAB/SUPPOR~1/R2017b/3P778C~1.INS/MBEDLI~1.INS/25AEA2~1/TARGET_DISCO_F769NI/TOOLCHAIN_GCC_ARM/stm32f7xx_hal_dma.o
LOAD C:/PROGRA~3/MATLAB/SUPPOR~1/R2017b/3P778C~1.INS/MBEDLI~1.INS/25AEA2~1/TARGET_DISCO_F769NI/TOOLCHAIN_GCC_ARM/stm32f7xx_hal_dma2d.o
LOAD C:/PROGRA~3/MATLAB/SUPPOR~1/R2017b/3P778C~1.INS/MBEDLI~1.INS/25AEA2~1/TARGET_DISCO_F769NI/TOOLCHAIN_GCC_ARM/stm32f7xx_hal_dma_ex.o
LOAD C:/PROGRA~3/MATLAB/SUPPOR~1/R2017b/3P778C~1.INS/MBEDLI~1.INS/25AEA2~1/TARGET_DISCO_F769NI/TOOLCHAIN_GCC_ARM/stm32f7xx_hal_dsi.o
LOAD C:/PROGRA~3/MATLAB/SUPPOR~1/R2017b/3P778C~1.INS/MBEDLI~1.INS/25AEA2~1/TARGET_DISCO_F769NI/TOOLCHAIN_GCC_ARM/stm32f7xx_hal_eth.o
LOAD C:/PROGRA~3/MATLAB/SUPPOR~1/R2017b/3P778C~1.INS/MBEDLI~1.INS/25AEA2~1/TARGET_DISCO_F769NI/TOOLCHAIN_GCC_ARM/stm32f7xx_hal_flash.o
LOAD C:/PROGRA~3/MATLAB/SUPPOR~1/R2017b/3P778C~1.INS/MBEDLI~1.INS/25AEA2~1/TARGET_DISCO_F769NI/TOOLCHAIN_GCC_ARM/stm32f7xx_hal_flash_ex.o
LOAD C:/PROGRA~3/MATLAB/SUPPOR~1/R2017b/3P778C~1.INS/MBEDLI~1.INS/25AEA2~1/TARGET_DISCO_F769NI/TOOLCHAIN_GCC_ARM/stm32f7xx_hal_gpio.o
LOAD C:/PROGRA~3/MATLAB/SUPPOR~1/R2017b/3P778C~1.INS/MBEDLI~1.INS/25AEA2~1/TARGET_DISCO_F769NI/TOOLCHAIN_GCC_ARM/stm32f7xx_hal_hash.o
LOAD C:/PROGRA~3/MATLAB/SUPPOR~1/R2017b/3P778C~1.INS/MBEDLI~1.INS/25AEA2~1/TARGET_DISCO_F769NI/TOOLCHAIN_GCC_ARM/stm32f7xx_hal_hash_ex.o
LOAD C:/PROGRA~3/MATLAB/SUPPOR~1/R2017b/3P778C~1.INS/MBEDLI~1.INS/25AEA2~1/TARGET_DISCO_F769NI/TOOLCHAIN_GCC_ARM/stm32f7xx_hal_hcd.o
LOAD C:/PROGRA~3/MATLAB/SUPPOR~1/R2017b/3P778C~1.INS/MBEDLI~1.INS/25AEA2~1/TARGET_DISCO_F769NI/TOOLCHAIN_GCC_ARM/stm32f7xx_hal_i2c.o
LOAD C:/PROGRA~3/MATLAB/SUPPOR~1/R2017b/3P778C~1.INS/MBEDLI~1.INS/25AEA2~1/TARGET_DISCO_F769NI/TOOLCHAIN_GCC_ARM/stm32f7xx_hal_i2c_ex.o
LOAD C:/PROGRA~3/MATLAB/SUPPOR~1/R2017b/3P778C~1.INS/MBEDLI~1.INS/25AEA2~1/TARGET_DISCO_F769NI/TOOLCHAIN_GCC_ARM/stm32f7xx_hal_i2s.o
LOAD C:/PROGRA~3/MATLAB/SUPPOR~1/R2017b/3P778C~1.INS/MBEDLI~1.INS/25AEA2~1/TARGET_DISCO_F769NI/TOOLCHAIN_GCC_ARM/stm32f7xx_hal_irda.o
LOAD C:/PROGRA~3/MATLAB/SUPPOR~1/R2017b/3P778C~1.INS/MBEDLI~1.INS/25AEA2~1/TARGET_DISCO_F769NI/TOOLCHAIN_GCC_ARM/stm32f7xx_hal_iwdg.o
LOAD C:/PROGRA~3/MATLAB/SUPPOR~1/R2017b/3P778C~1.INS/MBEDLI~1.INS/25AEA2~1/TARGET_DISCO_F769NI/TOOLCHAIN_GCC_ARM/stm32f7xx_hal_jpeg.o
LOAD C:/PROGRA~3/MATLAB/SUPPOR~1/R2017b/3P778C~1.INS/MBEDLI~1.INS/25AEA2~1/TARGET_DISCO_F769NI/TOOLCHAIN_GCC_ARM/stm32f7xx_hal_lptim.o
LOAD C:/PROGRA~3/MATLAB/SUPPOR~1/R2017b/3P778C~1.INS/MBEDLI~1.INS/25AEA2~1/TARGET_DISCO_F769NI/TOOLCHAIN_GCC_ARM/stm32f7xx_hal_ltdc.o
LOAD C:/PROGRA~3/MATLAB/SUPPOR~1/R2017b/3P778C~1.INS/MBEDLI~1.INS/25AEA2~1/TARGET_DISCO_F769NI/TOOLCHAIN_GCC_ARM/stm32f7xx_hal_ltdc_ex.o
LOAD C:/PROGRA~3/MATLAB/SUPPOR~1/R2017b/3P778C~1.INS/MBEDLI~1.INS/25AEA2~1/TARGET_DISCO_F769NI/TOOLCHAIN_GCC_ARM/stm32f7xx_hal_mdios.o
LOAD C:/PROGRA~3/MATLAB/SUPPOR~1/R2017b/3P778C~1.INS/MBEDLI~1.INS/25AEA2~1/TARGET_DISCO_F769NI/TOOLCHAIN_GCC_ARM/stm32f7xx_hal_nand.o
LOAD C:/PROGRA~3/MATLAB/SUPPOR~1/R2017b/3P778C~1.INS/MBEDLI~1.INS/25AEA2~1/TARGET_DISCO_F769NI/TOOLCHAIN_GCC_ARM/stm32f7xx_hal_nor.o
LOAD C:/PROGRA~3/MATLAB/SUPPOR~1/R2017b/3P778C~1.INS/MBEDLI~1.INS/25AEA2~1/TARGET_DISCO_F769NI/TOOLCHAIN_GCC_ARM/stm32f7xx_hal_pcd.o
LOAD C:/PROGRA~3/MATLAB/SUPPOR~1/R2017b/3P778C~1.INS/MBEDLI~1.INS/25AEA2~1/TARGET_DISCO_F769NI/TOOLCHAIN_GCC_ARM/stm32f7xx_hal_pcd_ex.o
LOAD C:/PROGRA~3/MATLAB/SUPPOR~1/R2017b/3P778C~1.INS/MBEDLI~1.INS/25AEA2~1/TARGET_DISCO_F769NI/TOOLCHAIN_GCC_ARM/stm32f7xx_hal_pwr.o
LOAD C:/PROGRA~3/MATLAB/SUPPOR~1/R2017b/3P778C~1.INS/MBEDLI~1.INS/25AEA2~1/TARGET_DISCO_F769NI/TOOLCHAIN_GCC_ARM/stm32f7xx_hal_pwr_ex.o
LOAD C:/PROGRA~3/MATLAB/SUPPOR~1/R2017b/3P778C~1.INS/MBEDLI~1.INS/25AEA2~1/TARGET_DISCO_F769NI/TOOLCHAIN_GCC_ARM/stm32f7xx_hal_qspi.o
LOAD C:/PROGRA~3/MATLAB/SUPPOR~1/R2017b/3P778C~1.INS/MBEDLI~1.INS/25AEA2~1/TARGET_DISCO_F769NI/TOOLCHAIN_GCC_ARM/stm32f7xx_hal_rcc.o
LOAD C:/PROGRA~3/MATLAB/SUPPOR~1/R2017b/3P778C~1.INS/MBEDLI~1.INS/25AEA2~1/TARGET_DISCO_F769NI/TOOLCHAIN_GCC_ARM/stm32f7xx_hal_rcc_ex.o
LOAD C:/PROGRA~3/MATLAB/SUPPOR~1/R2017b/3P778C~1.INS/MBEDLI~1.INS/25AEA2~1/TARGET_DISCO_F769NI/TOOLCHAIN_GCC_ARM/stm32f7xx_hal_rng.o
LOAD C:/PROGRA~3/MATLAB/SUPPOR~1/R2017b/3P778C~1.INS/MBEDLI~1.INS/25AEA2~1/TARGET_DISCO_F769NI/TOOLCHAIN_GCC_ARM/stm32f7xx_hal_rtc.o
LOAD C:/PROGRA~3/MATLAB/SUPPOR~1/R2017b/3P778C~1.INS/MBEDLI~1.INS/25AEA2~1/TARGET_DISCO_F769NI/TOOLCHAIN_GCC_ARM/stm32f7xx_hal_rtc_ex.o
LOAD C:/PROGRA~3/MATLAB/SUPPOR~1/R2017b/3P778C~1.INS/MBEDLI~1.INS/25AEA2~1/TARGET_DISCO_F769NI/TOOLCHAIN_GCC_ARM/stm32f7xx_hal_sai.o
LOAD C:/PROGRA~3/MATLAB/SUPPOR~1/R2017b/3P778C~1.INS/MBEDLI~1.INS/25AEA2~1/TARGET_DISCO_F769NI/TOOLCHAIN_GCC_ARM/stm32f7xx_hal_sai_ex.o
LOAD C:/PROGRA~3/MATLAB/SUPPOR~1/R2017b/3P778C~1.INS/MBEDLI~1.INS/25AEA2~1/TARGET_DISCO_F769NI/TOOLCHAIN_GCC_ARM/stm32f7xx_hal_sd.o
LOAD C:/PROGRA~3/MATLAB/SUPPOR~1/R2017b/3P778C~1.INS/MBEDLI~1.INS/25AEA2~1/TARGET_DISCO_F769NI/TOOLCHAIN_GCC_ARM/stm32f7xx_hal_sdram.o
LOAD C:/PROGRA~3/MATLAB/SUPPOR~1/R2017b/3P778C~1.INS/MBEDLI~1.INS/25AEA2~1/TARGET_DISCO_F769NI/TOOLCHAIN_GCC_ARM/stm32f7xx_hal_smartcard.o
LOAD C:/PROGRA~3/MATLAB/SUPPOR~1/R2017b/3P778C~1.INS/MBEDLI~1.INS/25AEA2~1/TARGET_DISCO_F769NI/TOOLCHAIN_GCC_ARM/stm32f7xx_hal_smartcard_ex.o
LOAD C:/PROGRA~3/MATLAB/SUPPOR~1/R2017b/3P778C~1.INS/MBEDLI~1.INS/25AEA2~1/TARGET_DISCO_F769NI/TOOLCHAIN_GCC_ARM/stm32f7xx_hal_spdifrx.o
LOAD C:/PROGRA~3/MATLAB/SUPPOR~1/R2017b/3P778C~1.INS/MBEDLI~1.INS/25AEA2~1/TARGET_DISCO_F769NI/TOOLCHAIN_GCC_ARM/stm32f7xx_hal_spi.o
LOAD C:/PROGRA~3/MATLAB/SUPPOR~1/R2017b/3P778C~1.INS/MBEDLI~1.INS/25AEA2~1/TARGET_DISCO_F769NI/TOOLCHAIN_GCC_ARM/stm32f7xx_hal_sram.o
LOAD C:/PROGRA~3/MATLAB/SUPPOR~1/R2017b/3P778C~1.INS/MBEDLI~1.INS/25AEA2~1/TARGET_DISCO_F769NI/TOOLCHAIN_GCC_ARM/stm32f7xx_hal_tim.o
LOAD C:/PROGRA~3/MATLAB/SUPPOR~1/R2017b/3P778C~1.INS/MBEDLI~1.INS/25AEA2~1/TARGET_DISCO_F769NI/TOOLCHAIN_GCC_ARM/stm32f7xx_hal_tim_ex.o
LOAD C:/PROGRA~3/MATLAB/SUPPOR~1/R2017b/3P778C~1.INS/MBEDLI~1.INS/25AEA2~1/TARGET_DISCO_F769NI/TOOLCHAIN_GCC_ARM/stm32f7xx_hal_uart.o
LOAD C:/PROGRA~3/MATLAB/SUPPOR~1/R2017b/3P778C~1.INS/MBEDLI~1.INS/25AEA2~1/TARGET_DISCO_F769NI/TOOLCHAIN_GCC_ARM/stm32f7xx_hal_usart.o
LOAD C:/PROGRA~3/MATLAB/SUPPOR~1/R2017b/3P778C~1.INS/MBEDLI~1.INS/25AEA2~1/TARGET_DISCO_F769NI/TOOLCHAIN_GCC_ARM/stm32f7xx_hal_wwdg.o
LOAD C:/PROGRA~3/MATLAB/SUPPOR~1/R2017b/3P778C~1.INS/MBEDLI~1.INS/25AEA2~1/TARGET_DISCO_F769NI/TOOLCHAIN_GCC_ARM/stm32f7xx_ll_fmc.o
LOAD C:/PROGRA~3/MATLAB/SUPPOR~1/R2017b/3P778C~1.INS/MBEDLI~1.INS/25AEA2~1/TARGET_DISCO_F769NI/TOOLCHAIN_GCC_ARM/stm32f7xx_ll_sdmmc.o
LOAD C:/PROGRA~3/MATLAB/SUPPOR~1/R2017b/3P778C~1.INS/MBEDLI~1.INS/25AEA2~1/TARGET_DISCO_F769NI/TOOLCHAIN_GCC_ARM/stm32f7xx_ll_usb.o
LOAD C:/PROGRA~3/MATLAB/SUPPOR~1/R2017b/3P778C~1.INS/MBEDLI~1.INS/25AEA2~1/TARGET_DISCO_F769NI/TOOLCHAIN_GCC_ARM/system_stm32f7xx.o
LOAD MW_digitalIO.o
LOAD stm32f746gdiscovery_gettingstarted.o
LOAD stm32f746gdiscovery_gettingstarted_data.o
LOAD stm32f769i_init_board.o
LOAD mw_mbed_interface.o
LOAD SysTickScheduler.o
LOAD m3m4m4f_multitasking.o
LOAD ert_main.o
LOAD C:/ProgramData/MATLAB/SupportPackages/R2017b/3P.instrset/mbedlibrary-stm.instrset/25aea2a3f4e3/TARGET_DISCO_F769NI/TOOLCHAIN_GCC_ARM/libmbed.a
LOAD C:/ProgramData/MATLAB/SupportPackages/R2017b/3P.instrset/cmsis.instrset/CMSIS/Lib/GCC/libarm_cortexM7l_math.a
LOAD c:/progra~3/matlab/suppor~1/r2017b/3p778c~1.ins/gnuarm~1.ins/bin/../lib/gcc/arm-none-eabi/5.2.1/../../../../arm-none-eabi/lib/armv7e-m/softfp/fpv5-d16\libstdc++_nano.a
LOAD c:/progra~3/matlab/suppor~1/r2017b/3p778c~1.ins/gnuarm~1.ins/bin/../lib/gcc/arm-none-eabi/5.2.1/../../../../arm-none-eabi/lib/armv7e-m/softfp/fpv5-d16\libm.a
START GROUP
LOAD c:/progra~3/matlab/suppor~1/r2017b/3p778c~1.ins/gnuarm~1.ins/bin/../lib/gcc/arm-none-eabi/5.2.1/armv7e-m/softfp/fpv5-d16\libgcc.a
LOAD c:/progra~3/matlab/suppor~1/r2017b/3p778c~1.ins/gnuarm~1.ins/bin/../lib/gcc/arm-none-eabi/5.2.1/../../../../arm-none-eabi/lib/armv7e-m/softfp/fpv5-d16\libc_nano.a
END GROUP
START GROUP
LOAD c:/progra~3/matlab/suppor~1/r2017b/3p778c~1.ins/gnuarm~1.ins/bin/../lib/gcc/arm-none-eabi/5.2.1/armv7e-m/softfp/fpv5-d16\libgcc.a
LOAD c:/progra~3/matlab/suppor~1/r2017b/3p778c~1.ins/gnuarm~1.ins/bin/../lib/gcc/arm-none-eabi/5.2.1/../../../../arm-none-eabi/lib/armv7e-m/softfp/fpv5-d16\libc_nano.a
LOAD c:/progra~3/matlab/suppor~1/r2017b/3p778c~1.ins/gnuarm~1.ins/bin/../lib/gcc/arm-none-eabi/5.2.1/../../../../arm-none-eabi/lib/armv7e-m/softfp/fpv5-d16\libnosys.a
END GROUP
START GROUP
LOAD c:/progra~3/matlab/suppor~1/r2017b/3p778c~1.ins/gnuarm~1.ins/bin/../lib/gcc/arm-none-eabi/5.2.1/armv7e-m/softfp/fpv5-d16\libgcc.a
LOAD c:/progra~3/matlab/suppor~1/r2017b/3p778c~1.ins/gnuarm~1.ins/bin/../lib/gcc/arm-none-eabi/5.2.1/../../../../arm-none-eabi/lib/armv7e-m/softfp/fpv5-d16\libc_nano.a
LOAD c:/progra~3/matlab/suppor~1/r2017b/3p778c~1.ins/gnuarm~1.ins/bin/../lib/gcc/arm-none-eabi/5.2.1/../../../../arm-none-eabi/lib/armv7e-m/softfp/fpv5-d16\libnosys.a
END GROUP
LOAD c:/progra~3/matlab/suppor~1/r2017b/3p778c~1.ins/gnuarm~1.ins/bin/../lib/gcc/arm-none-eabi/5.2.1/armv7e-m/softfp/fpv5-d16/crtend.o
LOAD c:/progra~3/matlab/suppor~1/r2017b/3p778c~1.ins/gnuarm~1.ins/bin/../lib/gcc/arm-none-eabi/5.2.1/armv7e-m/softfp/fpv5-d16/crtn.o

.text           0x08000000     0x3d44
 *(.isr_vector)
 .isr_vector    0x08000000      0x1f8 C:/PROGRA~3/MATLAB/SUPPOR~1/R2017b/3P778C~1.INS/MBEDLI~1.INS/25AEA2~1/TARGET_DISCO_F769NI/TOOLCHAIN_GCC_ARM/startup_stm32f769xx.o
                0x08000000                g_pfnVectors
 *(.text*)
 .text          0x080001f8       0xa4 c:/progra~3/matlab/suppor~1/r2017b/3p778c~1.ins/gnuarm~1.ins/bin/../lib/gcc/arm-none-eabi/5.2.1/armv7e-m/softfp/fpv5-d16/crtbegin.o
 .text          0x0800029c       0x74 c:/progra~3/matlab/suppor~1/r2017b/3p778c~1.ins/gnuarm~1.ins/bin/../lib/gcc/arm-none-eabi/5.2.1/../../../../arm-none-eabi/lib/armv7e-m/softfp/fpv5-d16/crt0.o
                0x0800029c                _start
                0x0800029c                _mainCRTStartup
 .text.NVIC_SetVector
                0x08000310       0x40 C:/PROGRA~3/MATLAB/SUPPOR~1/R2017b/3P778C~1.INS/MBEDLI~1.INS/25AEA2~1/TARGET_DISCO_F769NI/TOOLCHAIN_GCC_ARM/cmsis_nvic.o
                0x08000310                NVIC_SetVector
 .text.timer_irq_handler
                0x08000350       0x5c C:/PROGRA~3/MATLAB/SUPPOR~1/R2017b/3P778C~1.INS/MBEDLI~1.INS/25AEA2~1/TARGET_DISCO_F769NI/TOOLCHAIN_GCC_ARM/hal_tick.o
                0x08000350                timer_irq_handler
 .text.HAL_InitTick
                0x080003ac       0xb8 C:/PROGRA~3/MATLAB/SUPPOR~1/R2017b/3P778C~1.INS/MBEDLI~1.INS/25AEA2~1/TARGET_DISCO_F769NI/TOOLCHAIN_GCC_ARM/hal_tick.o
                0x080003ac                HAL_InitTick
 .text.mbed_die
                0x08000464       0x14 C:/PROGRA~3/MATLAB/SUPPOR~1/R2017b/3P778C~1.INS/MBEDLI~1.INS/25AEA2~1/TARGET_DISCO_F769NI/TOOLCHAIN_GCC_ARM/mbed_board.o
                0x08000464                mbed_die
 .text.mbed_error_vfprintf
                0x08000478       0x50 C:/PROGRA~3/MATLAB/SUPPOR~1/R2017b/3P778C~1.INS/MBEDLI~1.INS/25AEA2~1/TARGET_DISCO_F769NI/TOOLCHAIN_GCC_ARM/mbed_board.o
                0x08000478                mbed_error_vfprintf
 .text.mbed_error_printf
                0x080004c8       0x1a C:/PROGRA~3/MATLAB/SUPPOR~1/R2017b/3P778C~1.INS/MBEDLI~1.INS/25AEA2~1/TARGET_DISCO_F769NI/TOOLCHAIN_GCC_ARM/mbed_board.o
                0x080004c8                mbed_error_printf
 *fill*         0x080004e2        0x2 
 .text._ZL11init_serialv
                0x080004e4       0x2c C:/PROGRA~3/MATLAB/SUPPOR~1/R2017b/3P778C~1.INS/MBEDLI~1.INS/25AEA2~1/TARGET_DISCO_F769NI/TOOLCHAIN_GCC_ARM/retarget.o
 .text._close   0x08000510       0x2c C:/PROGRA~3/MATLAB/SUPPOR~1/R2017b/3P778C~1.INS/MBEDLI~1.INS/25AEA2~1/TARGET_DISCO_F769NI/TOOLCHAIN_GCC_ARM/retarget.o
                0x08000510                _close
 .text._write   0x0800053c       0x50 C:/PROGRA~3/MATLAB/SUPPOR~1/R2017b/3P778C~1.INS/MBEDLI~1.INS/25AEA2~1/TARGET_DISCO_F769NI/TOOLCHAIN_GCC_ARM/retarget.o
                0x0800053c                _write
 .text._read    0x0800058c       0x44 C:/PROGRA~3/MATLAB/SUPPOR~1/R2017b/3P778C~1.INS/MBEDLI~1.INS/25AEA2~1/TARGET_DISCO_F769NI/TOOLCHAIN_GCC_ARM/retarget.o
                0x0800058c                _read
 .text._lseek   0x080005d0       0x24 C:/PROGRA~3/MATLAB/SUPPOR~1/R2017b/3P778C~1.INS/MBEDLI~1.INS/25AEA2~1/TARGET_DISCO_F769NI/TOOLCHAIN_GCC_ARM/retarget.o
                0x080005d0                _lseek
 .text.software_init_hook_rtos
                0x080005f4        0x2 C:/PROGRA~3/MATLAB/SUPPOR~1/R2017b/3P778C~1.INS/MBEDLI~1.INS/25AEA2~1/TARGET_DISCO_F769NI/TOOLCHAIN_GCC_ARM/retarget.o
                0x080005f4                software_init_hook_rtos
 .text.software_init_hook
                0x080005f6        0x8 C:/PROGRA~3/MATLAB/SUPPOR~1/R2017b/3P778C~1.INS/MBEDLI~1.INS/25AEA2~1/TARGET_DISCO_F769NI/TOOLCHAIN_GCC_ARM/retarget.o
                0x080005f6                software_init_hook
 *fill*         0x080005fe        0x2 
 .text._sbrk    0x08000600       0x44 C:/PROGRA~3/MATLAB/SUPPOR~1/R2017b/3P778C~1.INS/MBEDLI~1.INS/25AEA2~1/TARGET_DISCO_F769NI/TOOLCHAIN_GCC_ARM/retarget.o
                0x08000600                _sbrk
 .text._exit    0x08000644       0x24 C:/PROGRA~3/MATLAB/SUPPOR~1/R2017b/3P778C~1.INS/MBEDLI~1.INS/25AEA2~1/TARGET_DISCO_F769NI/TOOLCHAIN_GCC_ARM/retarget.o
                0x08000644                _exit
 .text._Znwj    0x08000668       0x18 C:/PROGRA~3/MATLAB/SUPPOR~1/R2017b/3P778C~1.INS/MBEDLI~1.INS/25AEA2~1/TARGET_DISCO_F769NI/TOOLCHAIN_GCC_ARM/retarget.o
                0x08000668                operator new(unsigned int)
 .text._ZdlPv   0x08000680        0x8 C:/PROGRA~3/MATLAB/SUPPOR~1/R2017b/3P778C~1.INS/MBEDLI~1.INS/25AEA2~1/TARGET_DISCO_F769NI/TOOLCHAIN_GCC_ARM/retarget.o
                0x08000680                operator delete(void*)
 .text.Reset_Handler
                0x08000688       0x4c C:/PROGRA~3/MATLAB/SUPPOR~1/R2017b/3P778C~1.INS/MBEDLI~1.INS/25AEA2~1/TARGET_DISCO_F769NI/TOOLCHAIN_GCC_ARM/startup_stm32f769xx.o
                0x08000688                Reset_Handler
 .text.Default_Handler
                0x080006d4        0x2 C:/PROGRA~3/MATLAB/SUPPOR~1/R2017b/3P778C~1.INS/MBEDLI~1.INS/25AEA2~1/TARGET_DISCO_F769NI/TOOLCHAIN_GCC_ARM/startup_stm32f769xx.o
                0x080006d4                RTC_Alarm_IRQHandler
                0x080006d4                EXTI2_IRQHandler
                0x080006d4                TIM8_CC_IRQHandler
                0x080006d4                DebugMon_Handler
                0x080006d4                UART8_IRQHandler
                0x080006d4                SPI4_IRQHandler
                0x080006d4                TIM1_CC_IRQHandler
                0x080006d4                DMA2_Stream5_IRQHandler
                0x080006d4                HardFault_Handler
                0x080006d4                JPEG_IRQHandler
                0x080006d4                DMA1_Stream5_IRQHandler
                0x080006d4                CAN3_RX1_IRQHandler
                0x080006d4                PVD_IRQHandler
                0x080006d4                TAMP_STAMP_IRQHandler
                0x080006d4                PendSV_Handler
                0x080006d4                NMI_Handler
                0x080006d4                CAN2_RX1_IRQHandler
                0x080006d4                EXTI3_IRQHandler
                0x080006d4                TIM8_TRG_COM_TIM14_IRQHandler
                0x080006d4                DFSDM1_FLT1_IRQHandler
                0x080006d4                TIM1_UP_TIM10_IRQHandler
                0x080006d4                TIM8_UP_TIM13_IRQHandler
                0x080006d4                I2C3_ER_IRQHandler
                0x080006d4                DFSDM1_FLT2_IRQHandler
                0x080006d4                EXTI0_IRQHandler
                0x080006d4                I2C2_EV_IRQHandler
                0x080006d4                DMA1_Stream2_IRQHandler
                0x080006d4                CAN1_RX0_IRQHandler
                0x080006d4                FPU_IRQHandler
                0x080006d4                OTG_HS_WKUP_IRQHandler
                0x080006d4                CAN3_SCE_IRQHandler
                0x080006d4                UsageFault_Handler
                0x080006d4                LTDC_ER_IRQHandler
                0x080006d4                CAN2_SCE_IRQHandler
                0x080006d4                DMA2_Stream2_IRQHandler
                0x080006d4                SPI1_IRQHandler
                0x080006d4                TIM6_DAC_IRQHandler
                0x080006d4                TIM1_BRK_TIM9_IRQHandler
                0x080006d4                DCMI_IRQHandler
                0x080006d4                CAN2_RX0_IRQHandler
                0x080006d4                DMA2_Stream3_IRQHandler
                0x080006d4                SAI2_IRQHandler
                0x080006d4                DFSDM1_FLT3_IRQHandler
                0x080006d4                USART6_IRQHandler
                0x080006d4                CAN3_RX0_IRQHandler
                0x080006d4                USART3_IRQHandler
                0x080006d4                CAN1_RX1_IRQHandler
                0x080006d4                UART5_IRQHandler
                0x080006d4                DMA2_Stream0_IRQHandler
                0x080006d4                TIM4_IRQHandler
                0x080006d4                QUADSPI_IRQHandler
                0x080006d4                I2C1_EV_IRQHandler
                0x080006d4                DMA1_Stream6_IRQHandler
                0x080006d4                DMA1_Stream1_IRQHandler
                0x080006d4                UART4_IRQHandler
                0x080006d4                TIM3_IRQHandler
                0x080006d4                RCC_IRQHandler
                0x080006d4                TIM8_BRK_TIM12_IRQHandler
                0x080006d4                Default_Handler
                0x080006d4                CEC_IRQHandler
                0x080006d4                EXTI15_10_IRQHandler
                0x080006d4                ADC_IRQHandler
                0x080006d4                DMA1_Stream7_IRQHandler
                0x080006d4                SPI5_IRQHandler
                0x080006d4                TIM7_IRQHandler
                0x080006d4                SDMMC1_IRQHandler
                0x080006d4                CAN2_TX_IRQHandler
                0x080006d4                TIM5_IRQHandler
                0x080006d4                DMA2_Stream7_IRQHandler
                0x080006d4                I2C3_EV_IRQHandler
                0x080006d4                EXTI9_5_IRQHandler
                0x080006d4                RTC_WKUP_IRQHandler
                0x080006d4                LTDC_IRQHandler
                0x080006d4                ETH_WKUP_IRQHandler
                0x080006d4                SPDIF_RX_IRQHandler
                0x080006d4                SPI2_IRQHandler
                0x080006d4                OTG_HS_EP1_IN_IRQHandler
                0x080006d4                MemManage_Handler
                0x080006d4                DMA1_Stream0_IRQHandler
                0x080006d4                CAN1_TX_IRQHandler
                0x080006d4                EXTI4_IRQHandler
                0x080006d4                RNG_IRQHandler
                0x080006d4                DSI_IRQHandler
                0x080006d4                ETH_IRQHandler
                0x080006d4                OTG_HS_EP1_OUT_IRQHandler
                0x080006d4                WWDG_IRQHandler
                0x080006d4                SPI6_IRQHandler
                0x080006d4                MDIOS_IRQHandler
                0x080006d4                I2C4_EV_IRQHandler
                0x080006d4                CAN3_TX_IRQHandler
                0x080006d4                TIM2_IRQHandler
                0x080006d4                OTG_FS_WKUP_IRQHandler
                0x080006d4                TIM1_TRG_COM_TIM11_IRQHandler
                0x080006d4                OTG_HS_IRQHandler
                0x080006d4                DMA2D_IRQHandler
                0x080006d4                EXTI1_IRQHandler
                0x080006d4                SDMMC2_IRQHandler
                0x080006d4                UART7_IRQHandler
                0x080006d4                USART2_IRQHandler
                0x080006d4                DFSDM1_FLT0_IRQHandler
                0x080006d4                I2C2_ER_IRQHandler
                0x080006d4                DMA2_Stream1_IRQHandler
                0x080006d4                CAN1_SCE_IRQHandler
                0x080006d4                FLASH_IRQHandler
                0x080006d4                DMA2_Stream4_IRQHandler
                0x080006d4                BusFault_Handler
                0x080006d4                USART1_IRQHandler
                0x080006d4                OTG_FS_IRQHandler
                0x080006d4                SPI3_IRQHandler
                0x080006d4                DMA1_Stream4_IRQHandler
                0x080006d4                I2C1_ER_IRQHandler
                0x080006d4                FMC_IRQHandler
                0x080006d4                LPTIM1_IRQHandler
                0x080006d4                I2C4_ER_IRQHandler
                0x080006d4                DMA2_Stream6_IRQHandler
                0x080006d4                SAI1_IRQHandler
                0x080006d4                DMA1_Stream3_IRQHandler
 .text.HAL_MspInit
                0x080006d6        0x2 C:/PROGRA~3/MATLAB/SUPPOR~1/R2017b/3P778C~1.INS/MBEDLI~1.INS/25AEA2~1/TARGET_DISCO_F769NI/TOOLCHAIN_GCC_ARM/stm32f7xx_hal.o
                0x080006d6                HAL_MspInit
 .text.HAL_Init
                0x080006d8       0x24 C:/PROGRA~3/MATLAB/SUPPOR~1/R2017b/3P778C~1.INS/MBEDLI~1.INS/25AEA2~1/TARGET_DISCO_F769NI/TOOLCHAIN_GCC_ARM/stm32f7xx_hal.o
                0x080006d8                HAL_Init
 .text.HAL_IncTick
                0x080006fc       0x10 C:/PROGRA~3/MATLAB/SUPPOR~1/R2017b/3P778C~1.INS/MBEDLI~1.INS/25AEA2~1/TARGET_DISCO_F769NI/TOOLCHAIN_GCC_ARM/stm32f7xx_hal.o
                0x080006fc                HAL_IncTick
 .text.HAL_GetTick
                0x0800070c        0xc C:/PROGRA~3/MATLAB/SUPPOR~1/R2017b/3P778C~1.INS/MBEDLI~1.INS/25AEA2~1/TARGET_DISCO_F769NI/TOOLCHAIN_GCC_ARM/stm32f7xx_hal.o
                0x0800070c                HAL_GetTick
 .text.HAL_NVIC_SetPriorityGrouping
                0x08000718       0x24 C:/PROGRA~3/MATLAB/SUPPOR~1/R2017b/3P778C~1.INS/MBEDLI~1.INS/25AEA2~1/TARGET_DISCO_F769NI/TOOLCHAIN_GCC_ARM/stm32f7xx_hal_cortex.o
                0x08000718                HAL_NVIC_SetPriorityGrouping
 .text.HAL_GPIO_Init
                0x0800073c      0x1d8 C:/PROGRA~3/MATLAB/SUPPOR~1/R2017b/3P778C~1.INS/MBEDLI~1.INS/25AEA2~1/TARGET_DISCO_F769NI/TOOLCHAIN_GCC_ARM/stm32f7xx_hal_gpio.o
                0x0800073c                HAL_GPIO_Init
 .text.HAL_PWREx_EnableOverDrive
                0x08000914       0x70 C:/PROGRA~3/MATLAB/SUPPOR~1/R2017b/3P778C~1.INS/MBEDLI~1.INS/25AEA2~1/TARGET_DISCO_F769NI/TOOLCHAIN_GCC_ARM/stm32f7xx_hal_pwr_ex.o
                0x08000914                HAL_PWREx_EnableOverDrive
 .text.HAL_RCC_GetSysClockFreq
                0x08000984       0x80 C:/PROGRA~3/MATLAB/SUPPOR~1/R2017b/3P778C~1.INS/MBEDLI~1.INS/25AEA2~1/TARGET_DISCO_F769NI/TOOLCHAIN_GCC_ARM/stm32f7xx_hal_rcc.o
                0x08000984                HAL_RCC_GetSysClockFreq
 .text.HAL_RCC_ClockConfig
                0x08000a04      0x158 C:/PROGRA~3/MATLAB/SUPPOR~1/R2017b/3P778C~1.INS/MBEDLI~1.INS/25AEA2~1/TARGET_DISCO_F769NI/TOOLCHAIN_GCC_ARM/stm32f7xx_hal_rcc.o
                0x08000a04                HAL_RCC_ClockConfig
 .text.HAL_RCC_GetPCLK1Freq
                0x08000b5c       0x30 C:/PROGRA~3/MATLAB/SUPPOR~1/R2017b/3P778C~1.INS/MBEDLI~1.INS/25AEA2~1/TARGET_DISCO_F769NI/TOOLCHAIN_GCC_ARM/stm32f7xx_hal_rcc.o
                0x08000b5c                HAL_RCC_GetPCLK1Freq
 .text.HAL_RCC_GetPCLK2Freq
                0x08000b8c       0x30 C:/PROGRA~3/MATLAB/SUPPOR~1/R2017b/3P778C~1.INS/MBEDLI~1.INS/25AEA2~1/TARGET_DISCO_F769NI/TOOLCHAIN_GCC_ARM/stm32f7xx_hal_rcc.o
                0x08000b8c                HAL_RCC_GetPCLK2Freq
 .text.HAL_RCC_GetClockConfig
                0x08000bbc       0x3c C:/PROGRA~3/MATLAB/SUPPOR~1/R2017b/3P778C~1.INS/MBEDLI~1.INS/25AEA2~1/TARGET_DISCO_F769NI/TOOLCHAIN_GCC_ARM/stm32f7xx_hal_rcc.o
                0x08000bbc                HAL_RCC_GetClockConfig
 .text.HAL_RCC_OscConfig
                0x08000bf8      0x354 C:/PROGRA~3/MATLAB/SUPPOR~1/R2017b/3P778C~1.INS/MBEDLI~1.INS/25AEA2~1/TARGET_DISCO_F769NI/TOOLCHAIN_GCC_ARM/stm32f7xx_hal_rcc_ex.o
                0x08000bf8                HAL_RCC_OscConfig
 .text.HAL_TIM_OC_MspInit
                0x08000f4c        0x2 C:/PROGRA~3/MATLAB/SUPPOR~1/R2017b/3P778C~1.INS/MBEDLI~1.INS/25AEA2~1/TARGET_DISCO_F769NI/TOOLCHAIN_GCC_ARM/stm32f7xx_hal_tim.o
                0x08000f4c                HAL_TIM_OC_MspInit
 *fill*         0x08000f4e        0x2 
 .text.TIM_Base_SetConfig
                0x08000f50       0xc8 C:/PROGRA~3/MATLAB/SUPPOR~1/R2017b/3P778C~1.INS/MBEDLI~1.INS/25AEA2~1/TARGET_DISCO_F769NI/TOOLCHAIN_GCC_ARM/stm32f7xx_hal_tim.o
                0x08000f50                TIM_Base_SetConfig
 .text.HAL_TIM_OC_Init
                0x08001018       0x34 C:/PROGRA~3/MATLAB/SUPPOR~1/R2017b/3P778C~1.INS/MBEDLI~1.INS/25AEA2~1/TARGET_DISCO_F769NI/TOOLCHAIN_GCC_ARM/stm32f7xx_hal_tim.o
                0x08001018                HAL_TIM_OC_Init
 .text.TIM_CCxChannelCmd
                0x0800104c       0x18 C:/PROGRA~3/MATLAB/SUPPOR~1/R2017b/3P778C~1.INS/MBEDLI~1.INS/25AEA2~1/TARGET_DISCO_F769NI/TOOLCHAIN_GCC_ARM/stm32f7xx_hal_tim.o
                0x0800104c                TIM_CCxChannelCmd
 .text.HAL_TIM_OC_Start
                0x08001064       0x34 C:/PROGRA~3/MATLAB/SUPPOR~1/R2017b/3P778C~1.INS/MBEDLI~1.INS/25AEA2~1/TARGET_DISCO_F769NI/TOOLCHAIN_GCC_ARM/stm32f7xx_hal_tim.o
                0x08001064                HAL_TIM_OC_Start
 .text.HAL_UART_MspInit
                0x08001098        0x2 C:/PROGRA~3/MATLAB/SUPPOR~1/R2017b/3P778C~1.INS/MBEDLI~1.INS/25AEA2~1/TARGET_DISCO_F769NI/TOOLCHAIN_GCC_ARM/stm32f7xx_hal_uart.o
                0x08001098                HAL_UART_MspInit
 .text.UART_WaitOnFlagUntilTimeout
                0x0800109a       0x60 C:/PROGRA~3/MATLAB/SUPPOR~1/R2017b/3P778C~1.INS/MBEDLI~1.INS/25AEA2~1/TARGET_DISCO_F769NI/TOOLCHAIN_GCC_ARM/stm32f7xx_hal_uart.o
                0x0800109a                UART_WaitOnFlagUntilTimeout
 *fill*         0x080010fa        0x2 
 .text.UART_SetConfig
                0x080010fc      0x268 C:/PROGRA~3/MATLAB/SUPPOR~1/R2017b/3P778C~1.INS/MBEDLI~1.INS/25AEA2~1/TARGET_DISCO_F769NI/TOOLCHAIN_GCC_ARM/stm32f7xx_hal_uart.o
                0x080010fc                UART_SetConfig
 .text.UART_AdvFeatureConfig
                0x08001364       0xaa C:/PROGRA~3/MATLAB/SUPPOR~1/R2017b/3P778C~1.INS/MBEDLI~1.INS/25AEA2~1/TARGET_DISCO_F769NI/TOOLCHAIN_GCC_ARM/stm32f7xx_hal_uart.o
                0x08001364                UART_AdvFeatureConfig
 .text.UART_CheckIdleState
                0x0800140e       0x68 C:/PROGRA~3/MATLAB/SUPPOR~1/R2017b/3P778C~1.INS/MBEDLI~1.INS/25AEA2~1/TARGET_DISCO_F769NI/TOOLCHAIN_GCC_ARM/stm32f7xx_hal_uart.o
                0x0800140e                UART_CheckIdleState
 .text.HAL_UART_Init
                0x08001476       0x64 C:/PROGRA~3/MATLAB/SUPPOR~1/R2017b/3P778C~1.INS/MBEDLI~1.INS/25AEA2~1/TARGET_DISCO_F769NI/TOOLCHAIN_GCC_ARM/stm32f7xx_hal_uart.o
                0x08001476                HAL_UART_Init
 *fill*         0x080014da        0x2 
 .text.SCB_EnableICache
                0x080014dc       0x28 C:/PROGRA~3/MATLAB/SUPPOR~1/R2017b/3P778C~1.INS/MBEDLI~1.INS/25AEA2~1/TARGET_DISCO_F769NI/TOOLCHAIN_GCC_ARM/system_stm32f7xx.o
 .text.SCB_EnableDCache
                0x08001504       0x64 C:/PROGRA~3/MATLAB/SUPPOR~1/R2017b/3P778C~1.INS/MBEDLI~1.INS/25AEA2~1/TARGET_DISCO_F769NI/TOOLCHAIN_GCC_ARM/system_stm32f7xx.o
 .text.SystemCoreClockUpdate
                0x08001568       0x74 C:/PROGRA~3/MATLAB/SUPPOR~1/R2017b/3P778C~1.INS/MBEDLI~1.INS/25AEA2~1/TARGET_DISCO_F769NI/TOOLCHAIN_GCC_ARM/system_stm32f7xx.o
                0x08001568                SystemCoreClockUpdate
 .text.SetSysClock_PLL_HSE
                0x080015dc       0x84 C:/PROGRA~3/MATLAB/SUPPOR~1/R2017b/3P778C~1.INS/MBEDLI~1.INS/25AEA2~1/TARGET_DISCO_F769NI/TOOLCHAIN_GCC_ARM/system_stm32f7xx.o
                0x080015dc                SetSysClock_PLL_HSE
 .text.SetSysClock_PLL_HSI
                0x08001660       0x84 C:/PROGRA~3/MATLAB/SUPPOR~1/R2017b/3P778C~1.INS/MBEDLI~1.INS/25AEA2~1/TARGET_DISCO_F769NI/TOOLCHAIN_GCC_ARM/system_stm32f7xx.o
                0x08001660                SetSysClock_PLL_HSI
 .text.SetSysClock
                0x080016e4       0x1a C:/PROGRA~3/MATLAB/SUPPOR~1/R2017b/3P778C~1.INS/MBEDLI~1.INS/25AEA2~1/TARGET_DISCO_F769NI/TOOLCHAIN_GCC_ARM/system_stm32f7xx.o
                0x080016e4                SetSysClock
 *fill*         0x080016fe        0x2 
 .text.SystemInit
                0x08001700       0x7c C:/PROGRA~3/MATLAB/SUPPOR~1/R2017b/3P778C~1.INS/MBEDLI~1.INS/25AEA2~1/TARGET_DISCO_F769NI/TOOLCHAIN_GCC_ARM/system_stm32f7xx.o
                0x08001700                SystemInit
 .text.gpio_write
                0x0800177c       0x50 MW_digitalIO.o
 .text._ZN4mbed9DigitalInC2E7PinName
                0x080017cc       0x34 MW_digitalIO.o
                0x080017cc                mbed::DigitalIn::DigitalIn(PinName)
                0x080017cc                mbed::DigitalIn::DigitalIn(PinName)
 .text._ZN4mbed10DigitalOutC2E7PinName
                0x08001800       0x34 MW_digitalIO.o
                0x08001800                mbed::DigitalOut::DigitalOut(PinName)
                0x08001800                mbed::DigitalOut::DigitalOut(PinName)
 .text._ZN4mbed10DigitalOut5writeEi
                0x08001834       0x1c MW_digitalIO.o
                0x08001834                mbed::DigitalOut::write(int)
 .text.MW_digitalIO_open
                0x08001850      0x144 MW_digitalIO.o
                0x08001850                MW_digitalIO_open
 .text.MW_digitalIO_write
                0x08001994       0x2c MW_digitalIO.o
                0x08001994                MW_digitalIO_write
 .text.MW_digitalIO_close
                0x080019c0       0x48 MW_digitalIO.o
                0x080019c0                MW_digitalIO_close
 .text.stm32f746gdiscovery_gettingstarted_step
                0x08001a08       0xe4 stm32f746gdiscovery_gettingstarted.o
                0x08001a08                stm32f746gdiscovery_gettingstarted_step
 .text.stm32f746gdiscovery_gettingstarted_initialize
                0x08001aec       0xa0 stm32f746gdiscovery_gettingstarted.o
                0x08001aec                stm32f746gdiscovery_gettingstarted_initialize
 .text.stm32f746gdiscovery_gettingstarted_terminate
                0x08001b8c       0x54 stm32f746gdiscovery_gettingstarted.o
                0x08001b8c                stm32f746gdiscovery_gettingstarted_terminate
 .text.NVIC_SetPriority
                0x08001be0       0x54 stm32f769i_init_board.o
 .text.stm32f7xx_init_board
                0x08001c34       0x1c stm32f769i_init_board.o
                0x08001c34                stm32f7xx_init_board
 .text.SystemClock_Config
                0x08001c50       0xbc stm32f769i_init_board.o
 .text.NVIC_SetPriority
                0x08001d0c       0x54 SysTickScheduler.o
 .text.SysTick_Config
                0x08001d60       0x44 SysTickScheduler.o
 .text.SysTick_Isr
                0x08001da4       0x40 SysTickScheduler.o
 .text.SysTick_Handler
                0x08001de4       0x14 SysTickScheduler.o
                0x08001de4                SysTick_Handler
 .text.ARMCM_SysTick_Config
                0x08001df8       0x8c SysTickScheduler.o
                0x08001df8                ARMCM_SysTick_Config
 .text.arm_cortex_m_call_thread_with_context_switch
                0x08001e84       0x30 m3m4m4f_multitasking.o
                0x08001e84                arm_cortex_m_call_thread_with_context_switch
 .text.SVC_Handler
                0x08001eb4       0x38 m3m4m4f_multitasking.o
                0x08001eb4                SVC_Handler
 .text.rt_OneStep
                0x08001eec       0x48 ert_main.o
                0x08001eec                rt_OneStep
 .text.main     0x08001f34       0x80 ert_main.o
                0x08001f34                main
 .text.us_ticker_init
                0x08001fb4       0x24 C:/ProgramData/MATLAB/SupportPackages/R2017b/3P.instrset/mbedlibrary-stm.instrset/25aea2a3f4e3/TARGET_DISCO_F769NI/TOOLCHAIN_GCC_ARM/libmbed.a(us_ticker.o)
                0x08001fb4                us_ticker_init
 .text.us_ticker_read
                0x08001fd8       0x1c C:/ProgramData/MATLAB/SupportPackages/R2017b/3P.instrset/mbedlibrary-stm.instrset/25aea2a3f4e3/TARGET_DISCO_F769NI/TOOLCHAIN_GCC_ARM/libmbed.a(us_ticker.o)
                0x08001fd8                us_ticker_read
 .text.us_ticker_set_interrupt
                0x08001ff4       0x14 C:/ProgramData/MATLAB/SupportPackages/R2017b/3P.instrset/mbedlibrary-stm.instrset/25aea2a3f4e3/TARGET_DISCO_F769NI/TOOLCHAIN_GCC_ARM/libmbed.a(us_ticker.o)
                0x08001ff4                us_ticker_set_interrupt
 .text.us_ticker_disable_interrupt
                0x08002008       0x14 C:/ProgramData/MATLAB/SupportPackages/R2017b/3P.instrset/mbedlibrary-stm.instrset/25aea2a3f4e3/TARGET_DISCO_F769NI/TOOLCHAIN_GCC_ARM/libmbed.a(us_ticker.o)
                0x08002008                us_ticker_disable_interrupt
 .text.us_ticker_clear_interrupt
                0x0800201c       0x10 C:/ProgramData/MATLAB/SupportPackages/R2017b/3P.instrset/mbedlibrary-stm.instrset/25aea2a3f4e3/TARGET_DISCO_F769NI/TOOLCHAIN_GCC_ARM/libmbed.a(us_ticker.o)
                0x0800201c                us_ticker_clear_interrupt
 .text.init_uart
                0x0800202c       0x78 C:/ProgramData/MATLAB/SupportPackages/R2017b/3P.instrset/mbedlibrary-stm.instrset/25aea2a3f4e3/TARGET_DISCO_F769NI/TOOLCHAIN_GCC_ARM/libmbed.a(serial_api.o)
 .text.serial_init
                0x080020a4      0x240 C:/ProgramData/MATLAB/SupportPackages/R2017b/3P.instrset/mbedlibrary-stm.instrset/25aea2a3f4e3/TARGET_DISCO_F769NI/TOOLCHAIN_GCC_ARM/libmbed.a(serial_api.o)
                0x080020a4                serial_init
 .text.serial_baud
                0x080022e4        0x6 C:/ProgramData/MATLAB/SupportPackages/R2017b/3P.instrset/mbedlibrary-stm.instrset/25aea2a3f4e3/TARGET_DISCO_F769NI/TOOLCHAIN_GCC_ARM/libmbed.a(serial_api.o)
                0x080022e4                serial_baud
 *fill*         0x080022ea        0x2 
 .text.serial_readable
                0x080022ec       0x18 C:/ProgramData/MATLAB/SupportPackages/R2017b/3P.instrset/mbedlibrary-stm.instrset/25aea2a3f4e3/TARGET_DISCO_F769NI/TOOLCHAIN_GCC_ARM/libmbed.a(serial_api.o)
                0x080022ec                serial_readable
 .text.serial_getc
                0x08002304       0x24 C:/ProgramData/MATLAB/SupportPackages/R2017b/3P.instrset/mbedlibrary-stm.instrset/25aea2a3f4e3/TARGET_DISCO_F769NI/TOOLCHAIN_GCC_ARM/libmbed.a(serial_api.o)
                0x08002304                serial_getc
 .text.serial_writable
                0x08002328       0x18 C:/ProgramData/MATLAB/SupportPackages/R2017b/3P.instrset/mbedlibrary-stm.instrset/25aea2a3f4e3/TARGET_DISCO_F769NI/TOOLCHAIN_GCC_ARM/libmbed.a(serial_api.o)
                0x08002328                serial_writable
 .text.serial_putc
                0x08002340       0x28 C:/ProgramData/MATLAB/SupportPackages/R2017b/3P.instrset/mbedlibrary-stm.instrset/25aea2a3f4e3/TARGET_DISCO_F769NI/TOOLCHAIN_GCC_ARM/libmbed.a(serial_api.o)
                0x08002340                serial_putc
 .text.mbed_assert_internal
                0x08002368       0x24 C:/ProgramData/MATLAB/SupportPackages/R2017b/3P.instrset/mbedlibrary-stm.instrset/25aea2a3f4e3/TARGET_DISCO_F769NI/TOOLCHAIN_GCC_ARM/libmbed.a(mbed_assert.o)
                0x08002368                mbed_assert_internal
 .text.error    0x0800238c       0x16 C:/ProgramData/MATLAB/SupportPackages/R2017b/3P.instrset/mbedlibrary-stm.instrset/25aea2a3f4e3/TARGET_DISCO_F769NI/TOOLCHAIN_GCC_ARM/libmbed.a(mbed_error.o)
                0x0800238c                error
 .text.core_util_are_interrupts_enabled
                0x080023a2        0xe C:/ProgramData/MATLAB/SupportPackages/R2017b/3P.instrset/mbedlibrary-stm.instrset/25aea2a3f4e3/TARGET_DISCO_F769NI/TOOLCHAIN_GCC_ARM/libmbed.a(mbed_critical.o)
                0x080023a2                core_util_are_interrupts_enabled
 .text.core_util_critical_section_enter
                0x080023b0       0x54 C:/ProgramData/MATLAB/SupportPackages/R2017b/3P.instrset/mbedlibrary-stm.instrset/25aea2a3f4e3/TARGET_DISCO_F769NI/TOOLCHAIN_GCC_ARM/libmbed.a(mbed_critical.o)
                0x080023b0                core_util_critical_section_enter
 .text.core_util_critical_section_exit
                0x08002404       0x3c C:/ProgramData/MATLAB/SupportPackages/R2017b/3P.instrset/mbedlibrary-stm.instrset/25aea2a3f4e3/TARGET_DISCO_F769NI/TOOLCHAIN_GCC_ARM/libmbed.a(mbed_critical.o)
                0x08002404                core_util_critical_section_exit
 .text._gpio_init_in
                0x08002440       0x26 C:/ProgramData/MATLAB/SupportPackages/R2017b/3P.instrset/mbedlibrary-stm.instrset/25aea2a3f4e3/TARGET_DISCO_F769NI/TOOLCHAIN_GCC_ARM/libmbed.a(mbed_gpio.o)
 *fill*         0x08002466        0x2 
 .text.gpio_write
                0x08002468       0x2c C:/ProgramData/MATLAB/SupportPackages/R2017b/3P.instrset/mbedlibrary-stm.instrset/25aea2a3f4e3/TARGET_DISCO_F769NI/TOOLCHAIN_GCC_ARM/libmbed.a(mbed_gpio.o)
 .text.gpio_init_in
                0x08002494        0x6 C:/ProgramData/MATLAB/SupportPackages/R2017b/3P.instrset/mbedlibrary-stm.instrset/25aea2a3f4e3/TARGET_DISCO_F769NI/TOOLCHAIN_GCC_ARM/libmbed.a(mbed_gpio.o)
                0x08002494                gpio_init_in
 .text.gpio_init_out_ex
                0x0800249a       0x2e C:/ProgramData/MATLAB/SupportPackages/R2017b/3P.instrset/mbedlibrary-stm.instrset/25aea2a3f4e3/TARGET_DISCO_F769NI/TOOLCHAIN_GCC_ARM/libmbed.a(mbed_gpio.o)
                0x0800249a                gpio_init_out_ex
 .text.gpio_init_out
                0x080024c8        0x6 C:/ProgramData/MATLAB/SupportPackages/R2017b/3P.instrset/mbedlibrary-stm.instrset/25aea2a3f4e3/TARGET_DISCO_F769NI/TOOLCHAIN_GCC_ARM/libmbed.a(mbed_gpio.o)
                0x080024c8                gpio_init_out
 *fill*         0x080024ce        0x2 
 .text.pinmap_pinout
                0x080024d0       0x3c C:/ProgramData/MATLAB/SupportPackages/R2017b/3P.instrset/mbedlibrary-stm.instrset/25aea2a3f4e3/TARGET_DISCO_F769NI/TOOLCHAIN_GCC_ARM/libmbed.a(mbed_pinmap_common.o)
                0x080024d0                pinmap_pinout
 .text.pinmap_merge
                0x0800250c       0x24 C:/ProgramData/MATLAB/SupportPackages/R2017b/3P.instrset/mbedlibrary-stm.instrset/25aea2a3f4e3/TARGET_DISCO_F769NI/TOOLCHAIN_GCC_ARM/libmbed.a(mbed_pinmap_common.o)
                0x0800250c                pinmap_merge
 .text.pinmap_find_peripheral
                0x08002530       0x18 C:/ProgramData/MATLAB/SupportPackages/R2017b/3P.instrset/mbedlibrary-stm.instrset/25aea2a3f4e3/TARGET_DISCO_F769NI/TOOLCHAIN_GCC_ARM/libmbed.a(mbed_pinmap_common.o)
                0x08002530                pinmap_find_peripheral
 .text.pinmap_peripheral
                0x08002548       0x20 C:/ProgramData/MATLAB/SupportPackages/R2017b/3P.instrset/mbedlibrary-stm.instrset/25aea2a3f4e3/TARGET_DISCO_F769NI/TOOLCHAIN_GCC_ARM/libmbed.a(mbed_pinmap_common.o)
                0x08002548                pinmap_peripheral
 .text.us_ticker_irq_handler
                0x08002568        0xc C:/ProgramData/MATLAB/SupportPackages/R2017b/3P.instrset/mbedlibrary-stm.instrset/25aea2a3f4e3/TARGET_DISCO_F769NI/TOOLCHAIN_GCC_ARM/libmbed.a(mbed_us_ticker_api.o)
                0x08002568                us_ticker_irq_handler
 .text.wait_us  0x08002574       0x16 C:/ProgramData/MATLAB/SupportPackages/R2017b/3P.instrset/mbedlibrary-stm.instrset/25aea2a3f4e3/TARGET_DISCO_F769NI/TOOLCHAIN_GCC_ARM/libmbed.a(mbed_wait_api.o)
                0x08002574                wait_us
 .text.wait_ms  0x0800258a        0xa C:/ProgramData/MATLAB/SupportPackages/R2017b/3P.instrset/mbedlibrary-stm.instrset/25aea2a3f4e3/TARGET_DISCO_F769NI/TOOLCHAIN_GCC_ARM/libmbed.a(mbed_wait_api.o)
                0x0800258a                wait_ms
 .text.gpio_set
                0x08002594       0x2c C:/ProgramData/MATLAB/SupportPackages/R2017b/3P.instrset/mbedlibrary-stm.instrset/25aea2a3f4e3/TARGET_DISCO_F769NI/TOOLCHAIN_GCC_ARM/libmbed.a(gpio_api.o)
                0x08002594                gpio_set
 .text.gpio_init
                0x080025c0       0x2a C:/ProgramData/MATLAB/SupportPackages/R2017b/3P.instrset/mbedlibrary-stm.instrset/25aea2a3f4e3/TARGET_DISCO_F769NI/TOOLCHAIN_GCC_ARM/libmbed.a(gpio_api.o)
                0x080025c0                gpio_init
 .text.gpio_mode
                0x080025ea        0x8 C:/ProgramData/MATLAB/SupportPackages/R2017b/3P.instrset/mbedlibrary-stm.instrset/25aea2a3f4e3/TARGET_DISCO_F769NI/TOOLCHAIN_GCC_ARM/libmbed.a(gpio_api.o)
                0x080025ea                gpio_mode
 *fill*         0x080025f2        0x2 
 .text.gpio_dir
                0x080025f4       0x34 C:/ProgramData/MATLAB/SupportPackages/R2017b/3P.instrset/mbedlibrary-stm.instrset/25aea2a3f4e3/TARGET_DISCO_F769NI/TOOLCHAIN_GCC_ARM/libmbed.a(gpio_api.o)
                0x080025f4                gpio_dir
 .text.Set_GPIO_Clock
                0x08002628      0x164 C:/ProgramData/MATLAB/SupportPackages/R2017b/3P.instrset/mbedlibrary-stm.instrset/25aea2a3f4e3/TARGET_DISCO_F769NI/TOOLCHAIN_GCC_ARM/libmbed.a(pinmap.o)
                0x08002628                Set_GPIO_Clock
 .text.pin_function
                0x0800278c       0x5c C:/ProgramData/MATLAB/SupportPackages/R2017b/3P.instrset/mbedlibrary-stm.instrset/25aea2a3f4e3/TARGET_DISCO_F769NI/TOOLCHAIN_GCC_ARM/libmbed.a(pinmap.o)
                0x0800278c                pin_function
 .text.pin_mode
                0x080027e8       0x48 C:/ProgramData/MATLAB/SupportPackages/R2017b/3P.instrset/mbedlibrary-stm.instrset/25aea2a3f4e3/TARGET_DISCO_F769NI/TOOLCHAIN_GCC_ARM/libmbed.a(pinmap.o)
                0x080027e8                pin_mode
 .text.ticker_irq_handler
                0x08002830       0x48 C:/ProgramData/MATLAB/SupportPackages/R2017b/3P.instrset/mbedlibrary-stm.instrset/25aea2a3f4e3/TARGET_DISCO_F769NI/TOOLCHAIN_GCC_ARM/libmbed.a(mbed_ticker_api.o)
                0x08002830                ticker_irq_handler
 .text.exit     0x08002878       0x28 c:/progra~3/matlab/suppor~1/r2017b/3p778c~1.ins/gnuarm~1.ins/bin/../lib/gcc/arm-none-eabi/5.2.1/../../../../arm-none-eabi/lib/armv7e-m/softfp/fpv5-d16\libc_nano.a(lib_a-exit.o)
                0x08002878                exit
 .text.__sflush_r
                0x080028a0      0x110 c:/progra~3/matlab/suppor~1/r2017b/3p778c~1.ins/gnuarm~1.ins/bin/../lib/gcc/arm-none-eabi/5.2.1/../../../../arm-none-eabi/lib/armv7e-m/softfp/fpv5-d16\libc_nano.a(lib_a-fflush.o)
                0x080028a0                __sflush_r
 .text._fflush_r
                0x080029b0       0x54 c:/progra~3/matlab/suppor~1/r2017b/3p778c~1.ins/gnuarm~1.ins/bin/../lib/gcc/arm-none-eabi/5.2.1/../../../../arm-none-eabi/lib/armv7e-m/softfp/fpv5-d16\libc_nano.a(lib_a-fflush.o)
                0x080029b0                _fflush_r
 .text.fflush   0x08002a04       0x24 c:/progra~3/matlab/suppor~1/r2017b/3p778c~1.ins/gnuarm~1.ins/bin/../lib/gcc/arm-none-eabi/5.2.1/../../../../arm-none-eabi/lib/armv7e-m/softfp/fpv5-d16\libc_nano.a(lib_a-fflush.o)
                0x08002a04                fflush
 .text._cleanup_r
                0x08002a28        0xc c:/progra~3/matlab/suppor~1/r2017b/3p778c~1.ins/gnuarm~1.ins/bin/../lib/gcc/arm-none-eabi/5.2.1/../../../../arm-none-eabi/lib/armv7e-m/softfp/fpv5-d16\libc_nano.a(lib_a-findfp.o)
                0x08002a28                _cleanup_r
 .text.std.isra.0
                0x08002a34       0x48 c:/progra~3/matlab/suppor~1/r2017b/3p778c~1.ins/gnuarm~1.ins/bin/../lib/gcc/arm-none-eabi/5.2.1/../../../../arm-none-eabi/lib/armv7e-m/softfp/fpv5-d16\libc_nano.a(lib_a-findfp.o)
 .text.__sfmoreglue
                0x08002a7c       0x2c c:/progra~3/matlab/suppor~1/r2017b/3p778c~1.ins/gnuarm~1.ins/bin/../lib/gcc/arm-none-eabi/5.2.1/../../../../arm-none-eabi/lib/armv7e-m/softfp/fpv5-d16\libc_nano.a(lib_a-findfp.o)
                0x08002a7c                __sfmoreglue
 .text.__sinit  0x08002aa8       0x60 c:/progra~3/matlab/suppor~1/r2017b/3p778c~1.ins/gnuarm~1.ins/bin/../lib/gcc/arm-none-eabi/5.2.1/../../../../arm-none-eabi/lib/armv7e-m/softfp/fpv5-d16\libc_nano.a(lib_a-findfp.o)
                0x08002aa8                __sinit
 .text.__sfp    0x08002b08       0x78 c:/progra~3/matlab/suppor~1/r2017b/3p778c~1.ins/gnuarm~1.ins/bin/../lib/gcc/arm-none-eabi/5.2.1/../../../../arm-none-eabi/lib/armv7e-m/softfp/fpv5-d16\libc_nano.a(lib_a-findfp.o)
                0x08002b08                __sfp
 .text._fwalk_reent
                0x08002b80       0x3c c:/progra~3/matlab/suppor~1/r2017b/3p778c~1.ins/gnuarm~1.ins/bin/../lib/gcc/arm-none-eabi/5.2.1/../../../../arm-none-eabi/lib/armv7e-m/softfp/fpv5-d16\libc_nano.a(lib_a-fwalk.o)
                0x08002b80                _fwalk_reent
 .text.__libc_init_array
                0x08002bbc       0x4c c:/progra~3/matlab/suppor~1/r2017b/3p778c~1.ins/gnuarm~1.ins/bin/../lib/gcc/arm-none-eabi/5.2.1/../../../../arm-none-eabi/lib/armv7e-m/softfp/fpv5-d16\libc_nano.a(lib_a-init.o)
                0x08002bbc                __libc_init_array
 .text.malloc   0x08002c08       0x10 c:/progra~3/matlab/suppor~1/r2017b/3p778c~1.ins/gnuarm~1.ins/bin/../lib/gcc/arm-none-eabi/5.2.1/../../../../arm-none-eabi/lib/armv7e-m/softfp/fpv5-d16\libc_nano.a(lib_a-malloc.o)
                0x08002c08                malloc
 .text.free     0x08002c18       0x10 c:/progra~3/matlab/suppor~1/r2017b/3p778c~1.ins/gnuarm~1.ins/bin/../lib/gcc/arm-none-eabi/5.2.1/../../../../arm-none-eabi/lib/armv7e-m/softfp/fpv5-d16\libc_nano.a(lib_a-malloc.o)
                0x08002c18                free
 *fill*         0x08002c28        0x8 
 .text          0x08002c30       0xa0 c:/progra~3/matlab/suppor~1/r2017b/3p778c~1.ins/gnuarm~1.ins/bin/../lib/gcc/arm-none-eabi/5.2.1/../../../../arm-none-eabi/lib/armv7e-m/softfp/fpv5-d16\libc_nano.a(lib_a-memchr.o)
                0x08002c30                memchr
 .text.memcpy   0x08002cd0       0x16 c:/progra~3/matlab/suppor~1/r2017b/3p778c~1.ins/gnuarm~1.ins/bin/../lib/gcc/arm-none-eabi/5.2.1/../../../../arm-none-eabi/lib/armv7e-m/softfp/fpv5-d16\libc_nano.a(lib_a-memcpy-stub.o)
                0x08002cd0                memcpy
 .text.memset   0x08002ce6       0x10 c:/progra~3/matlab/suppor~1/r2017b/3p778c~1.ins/gnuarm~1.ins/bin/../lib/gcc/arm-none-eabi/5.2.1/../../../../arm-none-eabi/lib/armv7e-m/softfp/fpv5-d16\libc_nano.a(lib_a-memset.o)
                0x08002ce6                memset
 *fill*         0x08002cf6        0x2 
 .text._free_r  0x08002cf8       0x8c c:/progra~3/matlab/suppor~1/r2017b/3p778c~1.ins/gnuarm~1.ins/bin/../lib/gcc/arm-none-eabi/5.2.1/../../../../arm-none-eabi/lib/armv7e-m/softfp/fpv5-d16\libc_nano.a(lib_a-nano-freer.o)
                0x08002cf8                _free_r
 .text._malloc_r
                0x08002d84       0xa8 c:/progra~3/matlab/suppor~1/r2017b/3p778c~1.ins/gnuarm~1.ins/bin/../lib/gcc/arm-none-eabi/5.2.1/../../../../arm-none-eabi/lib/armv7e-m/softfp/fpv5-d16\libc_nano.a(lib_a-nano-mallocr.o)
                0x08002d84                _malloc_r
 .text._sbrk_r  0x08002e2c       0x20 c:/progra~3/matlab/suppor~1/r2017b/3p778c~1.ins/gnuarm~1.ins/bin/../lib/gcc/arm-none-eabi/5.2.1/../../../../arm-none-eabi/lib/armv7e-m/softfp/fpv5-d16\libc_nano.a(lib_a-sbrkr.o)
                0x08002e2c                _sbrk_r
 .text.__sread  0x08002e4c       0x22 c:/progra~3/matlab/suppor~1/r2017b/3p778c~1.ins/gnuarm~1.ins/bin/../lib/gcc/arm-none-eabi/5.2.1/../../../../arm-none-eabi/lib/armv7e-m/softfp/fpv5-d16\libc_nano.a(lib_a-stdio.o)
                0x08002e4c                __sread
 .text.__swrite
                0x08002e6e       0x38 c:/progra~3/matlab/suppor~1/r2017b/3p778c~1.ins/gnuarm~1.ins/bin/../lib/gcc/arm-none-eabi/5.2.1/../../../../arm-none-eabi/lib/armv7e-m/softfp/fpv5-d16\libc_nano.a(lib_a-stdio.o)
                0x08002e6e                __swrite
 .text.__sseek  0x08002ea6       0x24 c:/progra~3/matlab/suppor~1/r2017b/3p778c~1.ins/gnuarm~1.ins/bin/../lib/gcc/arm-none-eabi/5.2.1/../../../../arm-none-eabi/lib/armv7e-m/softfp/fpv5-d16\libc_nano.a(lib_a-stdio.o)
                0x08002ea6                __sseek
 .text.__sclose
                0x08002eca        0x8 c:/progra~3/matlab/suppor~1/r2017b/3p778c~1.ins/gnuarm~1.ins/bin/../lib/gcc/arm-none-eabi/5.2.1/../../../../arm-none-eabi/lib/armv7e-m/softfp/fpv5-d16\libc_nano.a(lib_a-stdio.o)
                0x08002eca                __sclose
 .text._vsprintf_r
                0x08002ed2       0x30 c:/progra~3/matlab/suppor~1/r2017b/3p778c~1.ins/gnuarm~1.ins/bin/../lib/gcc/arm-none-eabi/5.2.1/../../../../arm-none-eabi/lib/armv7e-m/softfp/fpv5-d16\libc_nano.a(lib_a-vsprintf.o)
                0x08002ed2                _vsprintf_r
                0x08002ed2                _vsiprintf_r
 *fill*         0x08002f02        0x2 
 .text.vsprintf
                0x08002f04       0x14 c:/progra~3/matlab/suppor~1/r2017b/3p778c~1.ins/gnuarm~1.ins/bin/../lib/gcc/arm-none-eabi/5.2.1/../../../../arm-none-eabi/lib/armv7e-m/softfp/fpv5-d16\libc_nano.a(lib_a-vsprintf.o)
                0x08002f04                vsiprintf
                0x08002f04                vsprintf
 .text._write_r
                0x08002f18       0x24 c:/progra~3/matlab/suppor~1/r2017b/3p778c~1.ins/gnuarm~1.ins/bin/../lib/gcc/arm-none-eabi/5.2.1/../../../../arm-none-eabi/lib/armv7e-m/softfp/fpv5-d16\libc_nano.a(lib_a-writer.o)
                0x08002f18                _write_r
 .text._close_r
                0x08002f3c       0x20 c:/progra~3/matlab/suppor~1/r2017b/3p778c~1.ins/gnuarm~1.ins/bin/../lib/gcc/arm-none-eabi/5.2.1/../../../../arm-none-eabi/lib/armv7e-m/softfp/fpv5-d16\libc_nano.a(lib_a-closer.o)
                0x08002f3c                _close_r
 .text._lseek_r
                0x08002f5c       0x24 c:/progra~3/matlab/suppor~1/r2017b/3p778c~1.ins/gnuarm~1.ins/bin/../lib/gcc/arm-none-eabi/5.2.1/../../../../arm-none-eabi/lib/armv7e-m/softfp/fpv5-d16\libc_nano.a(lib_a-lseekr.o)
                0x08002f5c                _lseek_r
 .text.__ssputs_r
                0x08002f80       0xb2 c:/progra~3/matlab/suppor~1/r2017b/3p778c~1.ins/gnuarm~1.ins/bin/../lib/gcc/arm-none-eabi/5.2.1/../../../../arm-none-eabi/lib/armv7e-m/softfp/fpv5-d16\libc_nano.a(lib_a-nano-svfprintf.o)
                0x08002f80                __ssputs_r
 *fill*         0x08003032        0x2 
 .text._svfprintf_r
                0x08003034      0x1e8 c:/progra~3/matlab/suppor~1/r2017b/3p778c~1.ins/gnuarm~1.ins/bin/../lib/gcc/arm-none-eabi/5.2.1/../../../../arm-none-eabi/lib/armv7e-m/softfp/fpv5-d16\libc_nano.a(lib_a-nano-svfprintf.o)
                0x08003034                _svfiprintf_r
                0x08003034                _svfprintf_r
 .text._printf_common
                0x0800321c       0xec c:/progra~3/matlab/suppor~1/r2017b/3p778c~1.ins/gnuarm~1.ins/bin/../lib/gcc/arm-none-eabi/5.2.1/../../../../arm-none-eabi/lib/armv7e-m/softfp/fpv5-d16\libc_nano.a(lib_a-nano-vfprintf_i.o)
                0x0800321c                _printf_common
 .text._printf_i
                0x08003308      0x24c c:/progra~3/matlab/suppor~1/r2017b/3p778c~1.ins/gnuarm~1.ins/bin/../lib/gcc/arm-none-eabi/5.2.1/../../../../arm-none-eabi/lib/armv7e-m/softfp/fpv5-d16\libc_nano.a(lib_a-nano-vfprintf_i.o)
                0x08003308                _printf_i
 .text._read_r  0x08003554       0x24 c:/progra~3/matlab/suppor~1/r2017b/3p778c~1.ins/gnuarm~1.ins/bin/../lib/gcc/arm-none-eabi/5.2.1/../../../../arm-none-eabi/lib/armv7e-m/softfp/fpv5-d16\libc_nano.a(lib_a-readr.o)
                0x08003554                _read_r
 .text.memmove  0x08003578       0x36 c:/progra~3/matlab/suppor~1/r2017b/3p778c~1.ins/gnuarm~1.ins/bin/../lib/gcc/arm-none-eabi/5.2.1/../../../../arm-none-eabi/lib/armv7e-m/softfp/fpv5-d16\libc_nano.a(lib_a-memmove.o)
                0x08003578                memmove
 .text._realloc_r
                0x080035ae       0x4c c:/progra~3/matlab/suppor~1/r2017b/3p778c~1.ins/gnuarm~1.ins/bin/../lib/gcc/arm-none-eabi/5.2.1/../../../../arm-none-eabi/lib/armv7e-m/softfp/fpv5-d16\libc_nano.a(lib_a-nano-reallocr.o)
                0x080035ae                _realloc_r
 .text._malloc_usable_size_r
                0x080035fa       0x14 c:/progra~3/matlab/suppor~1/r2017b/3p778c~1.ins/gnuarm~1.ins/bin/../lib/gcc/arm-none-eabi/5.2.1/../../../../arm-none-eabi/lib/armv7e-m/softfp/fpv5-d16\libc_nano.a(lib_a-nano-msizer.o)
                0x080035fa                _malloc_usable_size_r
 *(.init)
 *fill*         0x0800360e        0x2 
 .init          0x08003610        0x4 c:/progra~3/matlab/suppor~1/r2017b/3p778c~1.ins/gnuarm~1.ins/bin/../lib/gcc/arm-none-eabi/5.2.1/armv7e-m/softfp/fpv5-d16/crti.o
                0x08003610                _init
 .init          0x08003614        0x8 c:/progra~3/matlab/suppor~1/r2017b/3p778c~1.ins/gnuarm~1.ins/bin/../lib/gcc/arm-none-eabi/5.2.1/armv7e-m/softfp/fpv5-d16/crtn.o
 *(.fini)
 .fini          0x0800361c        0x4 c:/progra~3/matlab/suppor~1/r2017b/3p778c~1.ins/gnuarm~1.ins/bin/../lib/gcc/arm-none-eabi/5.2.1/armv7e-m/softfp/fpv5-d16/crti.o
                0x0800361c                _fini
 .fini          0x08003620        0x8 c:/progra~3/matlab/suppor~1/r2017b/3p778c~1.ins/gnuarm~1.ins/bin/../lib/gcc/arm-none-eabi/5.2.1/armv7e-m/softfp/fpv5-d16/crtn.o
 *crtbegin.o(.ctors)
 *crtbegin?.o(.ctors)
 *(EXCLUDE_FILE(*crtend.o *crtend?.o) .ctors)
 *(SORT(.ctors.*))
 *(.ctors)
 *crtbegin.o(.dtors)
 *crtbegin?.o(.dtors)
 *(EXCLUDE_FILE(*crtend.o *crtend?.o) .dtors)
 *(SORT(.dtors.*))
 *(.dtors)
 *(.rodata*)
 .rodata.str1.1
                0x08003628      0x14a C:/PROGRA~3/MATLAB/SUPPOR~1/R2017b/3P778C~1.INS/MBEDLI~1.INS/25AEA2~1/TARGET_DISCO_F769NI/TOOLCHAIN_GCC_ARM/retarget.o
 .rodata.CSWTCH.38
                0x08003772        0x4 C:/PROGRA~3/MATLAB/SUPPOR~1/R2017b/3P778C~1.INS/MBEDLI~1.INS/25AEA2~1/TARGET_DISCO_F769NI/TOOLCHAIN_GCC_ARM/stm32f7xx_hal_uart.o
 .rodata.CSWTCH.39
                0x08003776        0xd C:/PROGRA~3/MATLAB/SUPPOR~1/R2017b/3P778C~1.INS/MBEDLI~1.INS/25AEA2~1/TARGET_DISCO_F769NI/TOOLCHAIN_GCC_ARM/stm32f7xx_hal_uart.o
 .rodata.AHBPrescTable
                0x08003783       0x10 C:/PROGRA~3/MATLAB/SUPPOR~1/R2017b/3P778C~1.INS/MBEDLI~1.INS/25AEA2~1/TARGET_DISCO_F769NI/TOOLCHAIN_GCC_ARM/system_stm32f7xx.o
                0x08003783                AHBPrescTable
 .rodata.APBPrescTable
                0x08003793        0x8 C:/PROGRA~3/MATLAB/SUPPOR~1/R2017b/3P778C~1.INS/MBEDLI~1.INS/25AEA2~1/TARGET_DISCO_F769NI/TOOLCHAIN_GCC_ARM/system_stm32f7xx.o
                0x08003793                APBPrescTable
 *fill*         0x0800379b        0x1 
 .rodata        0x0800379c       0xb4 MW_digitalIO.o
 .rodata.stm32f746gdiscovery_gettings_M
                0x08003850        0x4 stm32f746gdiscovery_gettingstarted.o
                0x08003850                stm32f746gdiscovery_gettings_M
 .rodata.str1.1
                0x08003854       0xd3 C:/ProgramData/MATLAB/SupportPackages/R2017b/3P.instrset/mbedlibrary-stm.instrset/25aea2a3f4e3/TARGET_DISCO_F769NI/TOOLCHAIN_GCC_ARM/libmbed.a(serial_api.o)
 .rodata.str1.1
                0x08003927       0x31 C:/ProgramData/MATLAB/SupportPackages/R2017b/3P.instrset/mbedlibrary-stm.instrset/25aea2a3f4e3/TARGET_DISCO_F769NI/TOOLCHAIN_GCC_ARM/libmbed.a(mbed_assert.o)
 .rodata.str1.1
                0x08003958       0x7f C:/ProgramData/MATLAB/SupportPackages/R2017b/3P.instrset/mbedlibrary-stm.instrset/25aea2a3f4e3/TARGET_DISCO_F769NI/TOOLCHAIN_GCC_ARM/libmbed.a(mbed_critical.o)
 .rodata.str1.1
                0x080039d7       0x8a C:/ProgramData/MATLAB/SupportPackages/R2017b/3P.instrset/mbedlibrary-stm.instrset/25aea2a3f4e3/TARGET_DISCO_F769NI/TOOLCHAIN_GCC_ARM/libmbed.a(mbed_gpio.o)
 .rodata.str1.1
                0x08003a61       0x60 C:/ProgramData/MATLAB/SupportPackages/R2017b/3P.instrset/mbedlibrary-stm.instrset/25aea2a3f4e3/TARGET_DISCO_F769NI/TOOLCHAIN_GCC_ARM/libmbed.a(mbed_pinmap_common.o)
 *fill*         0x08003ac1        0x3 
 .rodata.us_interface
                0x08003ac4       0x14 C:/ProgramData/MATLAB/SupportPackages/R2017b/3P.instrset/mbedlibrary-stm.instrset/25aea2a3f4e3/TARGET_DISCO_F769NI/TOOLCHAIN_GCC_ARM/libmbed.a(mbed_us_ticker_api.o)
 .rodata.us_data
                0x08003ad8        0x8 C:/ProgramData/MATLAB/SupportPackages/R2017b/3P.instrset/mbedlibrary-stm.instrset/25aea2a3f4e3/TARGET_DISCO_F769NI/TOOLCHAIN_GCC_ARM/libmbed.a(mbed_us_ticker_api.o)
 .rodata.PinMap_UART_RX
                0x08003ae0       0x60 C:/ProgramData/MATLAB/SupportPackages/R2017b/3P.instrset/mbedlibrary-stm.instrset/25aea2a3f4e3/TARGET_DISCO_F769NI/TOOLCHAIN_GCC_ARM/libmbed.a(PeripheralPins.o)
                0x08003ae0                PinMap_UART_RX
 .rodata.PinMap_UART_TX
                0x08003b40       0x54 C:/ProgramData/MATLAB/SupportPackages/R2017b/3P.instrset/mbedlibrary-stm.instrset/25aea2a3f4e3/TARGET_DISCO_F769NI/TOOLCHAIN_GCC_ARM/libmbed.a(PeripheralPins.o)
                0x08003b40                PinMap_UART_TX
 .rodata.str1.1
                0x08003b94       0x5f C:/ProgramData/MATLAB/SupportPackages/R2017b/3P.instrset/mbedlibrary-stm.instrset/25aea2a3f4e3/TARGET_DISCO_F769NI/TOOLCHAIN_GCC_ARM/libmbed.a(gpio_api.o)
                                 0x8a (size before relaxing)
 .rodata.str1.1
                0x08003bf3       0x7e C:/ProgramData/MATLAB/SupportPackages/R2017b/3P.instrset/mbedlibrary-stm.instrset/25aea2a3f4e3/TARGET_DISCO_F769NI/TOOLCHAIN_GCC_ARM/libmbed.a(pinmap.o)
                                 0x91 (size before relaxing)
 *fill*         0x08003c71        0x3 
 .rodata.gpio_mode
                0x08003c74       0x34 C:/ProgramData/MATLAB/SupportPackages/R2017b/3P.instrset/mbedlibrary-stm.instrset/25aea2a3f4e3/TARGET_DISCO_F769NI/TOOLCHAIN_GCC_ARM/libmbed.a(pinmap.o)
 .rodata.__sf_fake_stdin
                0x08003ca8       0x20 c:/progra~3/matlab/suppor~1/r2017b/3p778c~1.ins/gnuarm~1.ins/bin/../lib/gcc/arm-none-eabi/5.2.1/../../../../arm-none-eabi/lib/armv7e-m/softfp/fpv5-d16\libc_nano.a(lib_a-findfp.o)
                0x08003ca8                __sf_fake_stdin
 .rodata.__sf_fake_stdout
                0x08003cc8       0x20 c:/progra~3/matlab/suppor~1/r2017b/3p778c~1.ins/gnuarm~1.ins/bin/../lib/gcc/arm-none-eabi/5.2.1/../../../../arm-none-eabi/lib/armv7e-m/softfp/fpv5-d16\libc_nano.a(lib_a-findfp.o)
                0x08003cc8                __sf_fake_stdout
 .rodata.__sf_fake_stderr
                0x08003ce8       0x20 c:/progra~3/matlab/suppor~1/r2017b/3p778c~1.ins/gnuarm~1.ins/bin/../lib/gcc/arm-none-eabi/5.2.1/../../../../arm-none-eabi/lib/armv7e-m/softfp/fpv5-d16\libc_nano.a(lib_a-findfp.o)
                0x08003ce8                __sf_fake_stderr
 .rodata.str1.1
                0x08003d08       0x7e c:/progra~3/matlab/suppor~1/r2017b/3p778c~1.ins/gnuarm~1.ins/bin/../lib/gcc/arm-none-eabi/5.2.1/../../../../arm-none-eabi/lib/armv7e-m/softfp/fpv5-d16\libc_nano.a(lib_a-impure.o)
                                  0x2 (size before relaxing)
 .rodata._global_impure_ptr
                0x08003d08        0x4 c:/progra~3/matlab/suppor~1/r2017b/3p778c~1.ins/gnuarm~1.ins/bin/../lib/gcc/arm-none-eabi/5.2.1/../../../../arm-none-eabi/lib/armv7e-m/softfp/fpv5-d16\libc_nano.a(lib_a-impure.o)
                0x08003d08                _global_impure_ptr
 .rodata.str1.1
                0x08003d0c       0x11 c:/progra~3/matlab/suppor~1/r2017b/3p778c~1.ins/gnuarm~1.ins/bin/../lib/gcc/arm-none-eabi/5.2.1/../../../../arm-none-eabi/lib/armv7e-m/softfp/fpv5-d16\libc_nano.a(lib_a-nano-svfprintf.o)
 .rodata.str1.1
                0x08003d1d       0x22 c:/progra~3/matlab/suppor~1/r2017b/3p778c~1.ins/gnuarm~1.ins/bin/../lib/gcc/arm-none-eabi/5.2.1/../../../../arm-none-eabi/lib/armv7e-m/softfp/fpv5-d16\libc_nano.a(lib_a-nano-vfprintf_i.o)
 *(.eh_frame*)
 *fill*         0x08003d3f        0x1 
 .eh_frame      0x08003d40        0x0 c:/progra~3/matlab/suppor~1/r2017b/3p778c~1.ins/gnuarm~1.ins/bin/../lib/gcc/arm-none-eabi/5.2.1/armv7e-m/softfp/fpv5-d16/crtbegin.o
 .eh_frame      0x08003d40        0x4 c:/progra~3/matlab/suppor~1/r2017b/3p778c~1.ins/gnuarm~1.ins/bin/../lib/gcc/arm-none-eabi/5.2.1/armv7e-m/softfp/fpv5-d16/crtend.o

.glue_7         0x08003d44        0x0
 .glue_7        0x08003d44        0x0 linker stubs

.glue_7t        0x08003d44        0x0
 .glue_7t       0x08003d44        0x0 linker stubs

.vfp11_veneer   0x08003d44        0x0
 .vfp11_veneer  0x08003d44        0x0 linker stubs

.v4_bx          0x08003d44        0x0
 .v4_bx         0x08003d44        0x0 linker stubs

.iplt           0x08003d44        0x0
 .iplt          0x08003d44        0x0 c:/progra~3/matlab/suppor~1/r2017b/3p778c~1.ins/gnuarm~1.ins/bin/../lib/gcc/arm-none-eabi/5.2.1/armv7e-m/softfp/fpv5-d16/crtbegin.o

.ARM.extab
 *(.ARM.extab* .gnu.linkonce.armextab.*)
                0x08003d44                __exidx_start = .

.ARM.exidx      0x08003d44        0x8
 *(.ARM.exidx* .gnu.linkonce.armexidx.*)
 .ARM.exidx     0x08003d44        0x8 c:/progra~3/matlab/suppor~1/r2017b/3p778c~1.ins/gnuarm~1.ins/bin/../lib/gcc/arm-none-eabi/5.2.1/../../../../arm-none-eabi/lib/armv7e-m/softfp/fpv5-d16/crt0.o
                0x08003d4c                __exidx_end = .
                0x08003d4c                __etext = .
                0x08003d4c                _sidata = .

.rel.dyn        0x08003d4c        0x0
 .rel.iplt      0x08003d4c        0x0 c:/progra~3/matlab/suppor~1/r2017b/3p778c~1.ins/gnuarm~1.ins/bin/../lib/gcc/arm-none-eabi/5.2.1/armv7e-m/softfp/fpv5-d16/crtbegin.o

.data           0x200001f8      0x884 load address 0x08003d4c
                0x200001f8                __data_start__ = .
                0x200001f8                _sdata = .
 *(vtable)
 *(.data*)
 .data._ZZ5_sbrkE4heap
                0x200001f8        0x4 C:/PROGRA~3/MATLAB/SUPPOR~1/R2017b/3P778C~1.INS/MBEDLI~1.INS/25AEA2~1/TARGET_DISCO_F769NI/TOOLCHAIN_GCC_ARM/retarget.o
 .data.SystemCoreClock
                0x200001fc        0x4 C:/PROGRA~3/MATLAB/SUPPOR~1/R2017b/3P778C~1.INS/MBEDLI~1.INS/25AEA2~1/TARGET_DISCO_F769NI/TOOLCHAIN_GCC_ARM/system_stm32f7xx.o
                0x200001fc                SystemCoreClock
 .data.stm32f746gdiscovery_gettingst_P
                0x20000200       0x20 stm32f746gdiscovery_gettingstarted_data.o
                0x20000200                stm32f746gdiscovery_gettingst_P
 .data.MW_MbedPins
                0x20000220      0x7ec mw_mbed_interface.o
                0x20000220                MW_MbedPins
 .data.impure_data
                0x20000a0c       0x60 c:/progra~3/matlab/suppor~1/r2017b/3p778c~1.ins/gnuarm~1.ins/bin/../lib/gcc/arm-none-eabi/5.2.1/../../../../arm-none-eabi/lib/armv7e-m/softfp/fpv5-d16\libc_nano.a(lib_a-impure.o)
 .data._impure_ptr
                0x20000a6c        0x4 c:/progra~3/matlab/suppor~1/r2017b/3p778c~1.ins/gnuarm~1.ins/bin/../lib/gcc/arm-none-eabi/5.2.1/../../../../arm-none-eabi/lib/armv7e-m/softfp/fpv5-d16\libc_nano.a(lib_a-impure.o)
                0x20000a6c                _impure_ptr
                0x20000a70                . = ALIGN (0x4)
                0x20000a70                PROVIDE (__preinit_array_start, .)
 *(.preinit_array)
                0x20000a70                PROVIDE (__preinit_array_end, .)
                0x20000a70                . = ALIGN (0x4)
                0x20000a70                PROVIDE (__init_array_start, .)
 *(SORT(.init_array.*))
 *(.init_array)
 .init_array    0x20000a70        0x4 c:/progra~3/matlab/suppor~1/r2017b/3p778c~1.ins/gnuarm~1.ins/bin/../lib/gcc/arm-none-eabi/5.2.1/armv7e-m/softfp/fpv5-d16/crtbegin.o
                0x20000a74                PROVIDE (__init_array_end, .)
                0x20000a74                . = ALIGN (0x4)
                [!provide]                PROVIDE (__fini_array_start, .)
 *(SORT(.fini_array.*))
 *(.fini_array)
 .fini_array    0x20000a74        0x4 c:/progra~3/matlab/suppor~1/r2017b/3p778c~1.ins/gnuarm~1.ins/bin/../lib/gcc/arm-none-eabi/5.2.1/armv7e-m/softfp/fpv5-d16/crtbegin.o
                [!provide]                PROVIDE (__fini_array_end, .)
 *(.jcr*)
 .jcr           0x20000a78        0x0 c:/progra~3/matlab/suppor~1/r2017b/3p778c~1.ins/gnuarm~1.ins/bin/../lib/gcc/arm-none-eabi/5.2.1/armv7e-m/softfp/fpv5-d16/crtbegin.o
 .jcr           0x20000a78        0x4 c:/progra~3/matlab/suppor~1/r2017b/3p778c~1.ins/gnuarm~1.ins/bin/../lib/gcc/arm-none-eabi/5.2.1/armv7e-m/softfp/fpv5-d16/crtend.o
                0x20000a7c                . = ALIGN (0x4)
                0x20000a7c                __data_end__ = .
                0x20000a7c                _edata = .

.tm_clone_table
                0x20000a7c        0x0 load address 0x080045d0
 .tm_clone_table
                0x20000a7c        0x0 c:/progra~3/matlab/suppor~1/r2017b/3p778c~1.ins/gnuarm~1.ins/bin/../lib/gcc/arm-none-eabi/5.2.1/armv7e-m/softfp/fpv5-d16/crtbegin.o
 .tm_clone_table
                0x20000a7c        0x0 c:/progra~3/matlab/suppor~1/r2017b/3p778c~1.ins/gnuarm~1.ins/bin/../lib/gcc/arm-none-eabi/5.2.1/armv7e-m/softfp/fpv5-d16/crtend.o

.igot.plt       0x20000a7c        0x0 load address 0x080045d0
 .igot.plt      0x20000a7c        0x0 c:/progra~3/matlab/suppor~1/r2017b/3p778c~1.ins/gnuarm~1.ins/bin/../lib/gcc/arm-none-eabi/5.2.1/armv7e-m/softfp/fpv5-d16/crtbegin.o

.bss            0x20000a7c      0x5bc load address 0x080045d0
                0x20000a7c                . = ALIGN (0x4)
                0x20000a7c                __bss_start__ = .
                0x20000a7c                _sbss = .
 *(.bss*)
 .bss           0x20000a7c       0x1c c:/progra~3/matlab/suppor~1/r2017b/3p778c~1.ins/gnuarm~1.ins/bin/../lib/gcc/arm-none-eabi/5.2.1/armv7e-m/softfp/fpv5-d16/crtbegin.o
 .bss.PreviousVal
                0x20000a98        0x4 C:/PROGRA~3/MATLAB/SUPPOR~1/R2017b/3P778C~1.INS/MBEDLI~1.INS/25AEA2~1/TARGET_DISCO_F769NI/TOOLCHAIN_GCC_ARM/hal_tick.o
                0x20000a98                PreviousVal
 .bss.mbed_heap_size
                0x20000a9c        0x4 C:/PROGRA~3/MATLAB/SUPPOR~1/R2017b/3P778C~1.INS/MBEDLI~1.INS/25AEA2~1/TARGET_DISCO_F769NI/TOOLCHAIN_GCC_ARM/retarget.o
                0x20000a9c                mbed_heap_size
 .bss._ZL11filehandles
                0x20000aa0      0x100 C:/PROGRA~3/MATLAB/SUPPOR~1/R2017b/3P778C~1.INS/MBEDLI~1.INS/25AEA2~1/TARGET_DISCO_F769NI/TOOLCHAIN_GCC_ARM/retarget.o
 .bss.mbed_heap_start
                0x20000ba0        0x4 C:/PROGRA~3/MATLAB/SUPPOR~1/R2017b/3P778C~1.INS/MBEDLI~1.INS/25AEA2~1/TARGET_DISCO_F769NI/TOOLCHAIN_GCC_ARM/retarget.o
                0x20000ba0                mbed_heap_start
 .bss.IsrOverrun
                0x20000ba4        0x4 ert_main.o
                0x20000ba4                IsrOverrun
 .bss.OverrunFlag
                0x20000ba8        0x1 ert_main.o
 .bss.stopRequested
                0x20000ba9        0x1 ert_main.o
                0x20000ba9                stopRequested
 *fill*         0x20000baa        0x2 
 .bss.TimMasterHandle
                0x20000bac       0x3c C:/ProgramData/MATLAB/SupportPackages/R2017b/3P.instrset/mbedlibrary-stm.instrset/25aea2a3f4e3/TARGET_DISCO_F769NI/TOOLCHAIN_GCC_ARM/libmbed.a(us_ticker.o)
 .bss.us_ticker_inited
                0x20000be8        0x4 C:/ProgramData/MATLAB/SupportPackages/R2017b/3P.instrset/mbedlibrary-stm.instrset/25aea2a3f4e3/TARGET_DISCO_F769NI/TOOLCHAIN_GCC_ARM/libmbed.a(us_ticker.o)
 .bss.uart_handlers
                0x20000bec      0x380 C:/ProgramData/MATLAB/SupportPackages/R2017b/3P.instrset/mbedlibrary-stm.instrset/25aea2a3f4e3/TARGET_DISCO_F769NI/TOOLCHAIN_GCC_ARM/libmbed.a(serial_api.o)
 .bss.stdio_uart_inited
                0x20000f6c        0x4 C:/ProgramData/MATLAB/SupportPackages/R2017b/3P.instrset/mbedlibrary-stm.instrset/25aea2a3f4e3/TARGET_DISCO_F769NI/TOOLCHAIN_GCC_ARM/libmbed.a(serial_api.o)
                0x20000f6c                stdio_uart_inited
 .bss.interrupt_enable_counter
                0x20000f70        0x4 C:/ProgramData/MATLAB/SupportPackages/R2017b/3P.instrset/mbedlibrary-stm.instrset/25aea2a3f4e3/TARGET_DISCO_F769NI/TOOLCHAIN_GCC_ARM/libmbed.a(mbed_critical.o)
 .bss.critical_interrupts_disabled
                0x20000f74        0x1 C:/ProgramData/MATLAB/SupportPackages/R2017b/3P.instrset/mbedlibrary-stm.instrset/25aea2a3f4e3/TARGET_DISCO_F769NI/TOOLCHAIN_GCC_ARM/libmbed.a(mbed_critical.o)
 *fill*         0x20000f75        0x3 
 .bss.events    0x20000f78        0x8 C:/ProgramData/MATLAB/SupportPackages/R2017b/3P.instrset/mbedlibrary-stm.instrset/25aea2a3f4e3/TARGET_DISCO_F769NI/TOOLCHAIN_GCC_ARM/libmbed.a(mbed_us_ticker_api.o)
 .bss.__malloc_sbrk_start
                0x20000f80        0x4 c:/progra~3/matlab/suppor~1/r2017b/3p778c~1.ins/gnuarm~1.ins/bin/../lib/gcc/arm-none-eabi/5.2.1/../../../../arm-none-eabi/lib/armv7e-m/softfp/fpv5-d16\libc_nano.a(lib_a-nano-mallocr.o)
                0x20000f80                __malloc_sbrk_start
 .bss.__malloc_free_list
                0x20000f84        0x4 c:/progra~3/matlab/suppor~1/r2017b/3p778c~1.ins/gnuarm~1.ins/bin/../lib/gcc/arm-none-eabi/5.2.1/../../../../arm-none-eabi/lib/armv7e-m/softfp/fpv5-d16\libc_nano.a(lib_a-nano-mallocr.o)
                0x20000f84                __malloc_free_list
 *(COMMON)
 COMMON         0x20000f88       0x3c C:/PROGRA~3/MATLAB/SUPPOR~1/R2017b/3P778C~1.INS/MBEDLI~1.INS/25AEA2~1/TARGET_DISCO_F769NI/TOOLCHAIN_GCC_ARM/hal_tick.o
                0x20000f88                TimMasterHandle
 COMMON         0x20000fc4        0x4 C:/PROGRA~3/MATLAB/SUPPOR~1/R2017b/3P778C~1.INS/MBEDLI~1.INS/25AEA2~1/TARGET_DISCO_F769NI/TOOLCHAIN_GCC_ARM/stm32f7xx_hal.o
                0x20000fc4                uwTick
 COMMON         0x20000fc8       0x20 stm32f746gdiscovery_gettingstarted.o
                0x20000fc8                stm32f746gdiscovery_gettings_DW
                0x20000fe4                stm32f746gdiscovery_gettings_M_
 COMMON         0x20000fe8        0x8 SysTickScheduler.o
                0x20000fe8                schdl_counter_max
                0x20000fec                schdl_counter
 COMMON         0x20000ff0       0x44 C:/ProgramData/MATLAB/SupportPackages/R2017b/3P.instrset/mbedlibrary-stm.instrset/25aea2a3f4e3/TARGET_DISCO_F769NI/TOOLCHAIN_GCC_ARM/libmbed.a(serial_api.o)
                0x20000ff0                stdio_uart
 COMMON         0x20001034        0x4 c:/progra~3/matlab/suppor~1/r2017b/3p778c~1.ins/gnuarm~1.ins/bin/../lib/gcc/arm-none-eabi/5.2.1/../../../../arm-none-eabi/lib/armv7e-m/softfp/fpv5-d16\libc_nano.a(lib_a-reent.o)
                0x20001034                errno
                0x20001038                . = ALIGN (0x4)
                0x20001038                __bss_end__ = .
                0x20001038                _ebss = .

.heap           0x20001038        0x0
                0x20001038                __end__ = .
                0x20001038                end = __end__
 *(.heap*)
                0x20001038                __HeapLimit = .

.stack_dummy    0x20001038        0x0
 *(.stack*)
                0x20080000                __StackTop = (ORIGIN (RAM) + LENGTH (RAM))
                0x20080000                _estack = __StackTop
                0x20080000                __StackLimit = (__StackTop - SIZEOF (.stack_dummy))
                0x20080000                PROVIDE (__stack, __StackTop)
                0x00000001                ASSERT ((__StackLimit >= __HeapLimit), region RAM overflowed with stack)
OUTPUT(../stm32f746gdiscovery_gettingstarted.elf elf32-littlearm)

.ARM.attributes
                0x00000000       0x2c
 .ARM.attributes
                0x00000000       0x20 c:/progra~3/matlab/suppor~1/r2017b/3p778c~1.ins/gnuarm~1.ins/bin/../lib/gcc/arm-none-eabi/5.2.1/armv7e-m/softfp/fpv5-d16/crti.o
 .ARM.attributes
                0x00000020       0x30 c:/progra~3/matlab/suppor~1/r2017b/3p778c~1.ins/gnuarm~1.ins/bin/../lib/gcc/arm-none-eabi/5.2.1/armv7e-m/softfp/fpv5-d16/crtbegin.o
 .ARM.attributes
                0x00000050       0x1e c:/progra~3/matlab/suppor~1/r2017b/3p778c~1.ins/gnuarm~1.ins/bin/../lib/gcc/arm-none-eabi/5.2.1/../../../../arm-none-eabi/lib/armv7e-m/softfp/fpv5-d16/crt0.o
 .ARM.attributes
                0x0000006e       0x35 C:/PROGRA~3/MATLAB/SUPPOR~1/R2017b/3P778C~1.INS/MBEDLI~1.INS/25AEA2~1/TARGET_DISCO_F769NI/TOOLCHAIN_GCC_ARM/cmsis_nvic.o
 .ARM.attributes
                0x000000a3       0x35 C:/PROGRA~3/MATLAB/SUPPOR~1/R2017b/3P778C~1.INS/MBEDLI~1.INS/25AEA2~1/TARGET_DISCO_F769NI/TOOLCHAIN_GCC_ARM/hal_tick.o
 .ARM.attributes
                0x000000d8       0x35 C:/PROGRA~3/MATLAB/SUPPOR~1/R2017b/3P778C~1.INS/MBEDLI~1.INS/25AEA2~1/TARGET_DISCO_F769NI/TOOLCHAIN_GCC_ARM/mbed_board.o
 .ARM.attributes
                0x0000010d       0x35 C:/PROGRA~3/MATLAB/SUPPOR~1/R2017b/3P778C~1.INS/MBEDLI~1.INS/25AEA2~1/TARGET_DISCO_F769NI/TOOLCHAIN_GCC_ARM/retarget.o
 .ARM.attributes
                0x00000142       0x21 C:/PROGRA~3/MATLAB/SUPPOR~1/R2017b/3P778C~1.INS/MBEDLI~1.INS/25AEA2~1/TARGET_DISCO_F769NI/TOOLCHAIN_GCC_ARM/startup_stm32f769xx.o
 .ARM.attributes
                0x00000163       0x35 C:/PROGRA~3/MATLAB/SUPPOR~1/R2017b/3P778C~1.INS/MBEDLI~1.INS/25AEA2~1/TARGET_DISCO_F769NI/TOOLCHAIN_GCC_ARM/stm32f7xx_hal.o
 .ARM.attributes
                0x00000198       0x35 C:/PROGRA~3/MATLAB/SUPPOR~1/R2017b/3P778C~1.INS/MBEDLI~1.INS/25AEA2~1/TARGET_DISCO_F769NI/TOOLCHAIN_GCC_ARM/stm32f7xx_hal_cortex.o
 .ARM.attributes
                0x000001cd       0x35 C:/PROGRA~3/MATLAB/SUPPOR~1/R2017b/3P778C~1.INS/MBEDLI~1.INS/25AEA2~1/TARGET_DISCO_F769NI/TOOLCHAIN_GCC_ARM/stm32f7xx_hal_gpio.o
 .ARM.attributes
                0x00000202       0x35 C:/PROGRA~3/MATLAB/SUPPOR~1/R2017b/3P778C~1.INS/MBEDLI~1.INS/25AEA2~1/TARGET_DISCO_F769NI/TOOLCHAIN_GCC_ARM/stm32f7xx_hal_pwr_ex.o
 .ARM.attributes
                0x00000237       0x35 C:/PROGRA~3/MATLAB/SUPPOR~1/R2017b/3P778C~1.INS/MBEDLI~1.INS/25AEA2~1/TARGET_DISCO_F769NI/TOOLCHAIN_GCC_ARM/stm32f7xx_hal_rcc.o
 .ARM.attributes
                0x0000026c       0x35 C:/PROGRA~3/MATLAB/SUPPOR~1/R2017b/3P778C~1.INS/MBEDLI~1.INS/25AEA2~1/TARGET_DISCO_F769NI/TOOLCHAIN_GCC_ARM/stm32f7xx_hal_rcc_ex.o
 .ARM.attributes
                0x000002a1       0x35 C:/PROGRA~3/MATLAB/SUPPOR~1/R2017b/3P778C~1.INS/MBEDLI~1.INS/25AEA2~1/TARGET_DISCO_F769NI/TOOLCHAIN_GCC_ARM/stm32f7xx_hal_tim.o
 .ARM.attributes
                0x000002d6       0x35 C:/PROGRA~3/MATLAB/SUPPOR~1/R2017b/3P778C~1.INS/MBEDLI~1.INS/25AEA2~1/TARGET_DISCO_F769NI/TOOLCHAIN_GCC_ARM/stm32f7xx_hal_uart.o
 .ARM.attributes
                0x0000030b       0x35 C:/PROGRA~3/MATLAB/SUPPOR~1/R2017b/3P778C~1.INS/MBEDLI~1.INS/25AEA2~1/TARGET_DISCO_F769NI/TOOLCHAIN_GCC_ARM/system_stm32f7xx.o
 .ARM.attributes
                0x00000340       0x35 MW_digitalIO.o
 .ARM.attributes
                0x00000375       0x35 stm32f746gdiscovery_gettingstarted.o
 .ARM.attributes
                0x000003aa       0x35 stm32f746gdiscovery_gettingstarted_data.o
 .ARM.attributes
                0x000003df       0x35 stm32f769i_init_board.o
 .ARM.attributes
                0x00000414       0x35 mw_mbed_interface.o
 .ARM.attributes
                0x00000449       0x35 SysTickScheduler.o
 .ARM.attributes
                0x0000047e       0x35 m3m4m4f_multitasking.o
 .ARM.attributes
                0x000004b3       0x35 ert_main.o
 .ARM.attributes
                0x000004e8       0x35 C:/ProgramData/MATLAB/SupportPackages/R2017b/3P.instrset/mbedlibrary-stm.instrset/25aea2a3f4e3/TARGET_DISCO_F769NI/TOOLCHAIN_GCC_ARM/libmbed.a(us_ticker.o)
 .ARM.attributes
                0x0000051d       0x35 C:/ProgramData/MATLAB/SupportPackages/R2017b/3P.instrset/mbedlibrary-stm.instrset/25aea2a3f4e3/TARGET_DISCO_F769NI/TOOLCHAIN_GCC_ARM/libmbed.a(serial_api.o)
 .ARM.attributes
                0x00000552       0x35 C:/ProgramData/MATLAB/SupportPackages/R2017b/3P.instrset/mbedlibrary-stm.instrset/25aea2a3f4e3/TARGET_DISCO_F769NI/TOOLCHAIN_GCC_ARM/libmbed.a(mbed_assert.o)
 .ARM.attributes
                0x00000587       0x35 C:/ProgramData/MATLAB/SupportPackages/R2017b/3P.instrset/mbedlibrary-stm.instrset/25aea2a3f4e3/TARGET_DISCO_F769NI/TOOLCHAIN_GCC_ARM/libmbed.a(mbed_error.o)
 .ARM.attributes
                0x000005bc       0x35 C:/ProgramData/MATLAB/SupportPackages/R2017b/3P.instrset/mbedlibrary-stm.instrset/25aea2a3f4e3/TARGET_DISCO_F769NI/TOOLCHAIN_GCC_ARM/libmbed.a(mbed_critical.o)
 .ARM.attributes
                0x000005f1       0x35 C:/ProgramData/MATLAB/SupportPackages/R2017b/3P.instrset/mbedlibrary-stm.instrset/25aea2a3f4e3/TARGET_DISCO_F769NI/TOOLCHAIN_GCC_ARM/libmbed.a(mbed_gpio.o)
 .ARM.attributes
                0x00000626       0x35 C:/ProgramData/MATLAB/SupportPackages/R2017b/3P.instrset/mbedlibrary-stm.instrset/25aea2a3f4e3/TARGET_DISCO_F769NI/TOOLCHAIN_GCC_ARM/libmbed.a(mbed_pinmap_common.o)
 .ARM.attributes
                0x0000065b       0x35 C:/ProgramData/MATLAB/SupportPackages/R2017b/3P.instrset/mbedlibrary-stm.instrset/25aea2a3f4e3/TARGET_DISCO_F769NI/TOOLCHAIN_GCC_ARM/libmbed.a(mbed_us_ticker_api.o)
 .ARM.attributes
                0x00000690       0x35 C:/ProgramData/MATLAB/SupportPackages/R2017b/3P.instrset/mbedlibrary-stm.instrset/25aea2a3f4e3/TARGET_DISCO_F769NI/TOOLCHAIN_GCC_ARM/libmbed.a(mbed_wait_api.o)
 .ARM.attributes
                0x000006c5       0x35 C:/ProgramData/MATLAB/SupportPackages/R2017b/3P.instrset/mbedlibrary-stm.instrset/25aea2a3f4e3/TARGET_DISCO_F769NI/TOOLCHAIN_GCC_ARM/libmbed.a(PeripheralPins.o)
 .ARM.attributes
                0x000006fa       0x35 C:/ProgramData/MATLAB/SupportPackages/R2017b/3P.instrset/mbedlibrary-stm.instrset/25aea2a3f4e3/TARGET_DISCO_F769NI/TOOLCHAIN_GCC_ARM/libmbed.a(gpio_api.o)
 .ARM.attributes
                0x0000072f       0x35 C:/ProgramData/MATLAB/SupportPackages/R2017b/3P.instrset/mbedlibrary-stm.instrset/25aea2a3f4e3/TARGET_DISCO_F769NI/TOOLCHAIN_GCC_ARM/libmbed.a(pinmap.o)
 .ARM.attributes
                0x00000764       0x35 C:/ProgramData/MATLAB/SupportPackages/R2017b/3P.instrset/mbedlibrary-stm.instrset/25aea2a3f4e3/TARGET_DISCO_F769NI/TOOLCHAIN_GCC_ARM/libmbed.a(mbed_ticker_api.o)
 .ARM.attributes
                0x00000799       0x30 c:/progra~3/matlab/suppor~1/r2017b/3p778c~1.ins/gnuarm~1.ins/bin/../lib/gcc/arm-none-eabi/5.2.1/../../../../arm-none-eabi/lib/armv7e-m/softfp/fpv5-d16\libc_nano.a(lib_a-exit.o)
 .ARM.attributes
                0x000007c9       0x30 c:/progra~3/matlab/suppor~1/r2017b/3p778c~1.ins/gnuarm~1.ins/bin/../lib/gcc/arm-none-eabi/5.2.1/../../../../arm-none-eabi/lib/armv7e-m/softfp/fpv5-d16\libc_nano.a(lib_a-fflush.o)
 .ARM.attributes
                0x000007f9       0x30 c:/progra~3/matlab/suppor~1/r2017b/3p778c~1.ins/gnuarm~1.ins/bin/../lib/gcc/arm-none-eabi/5.2.1/../../../../arm-none-eabi/lib/armv7e-m/softfp/fpv5-d16\libc_nano.a(lib_a-findfp.o)
 .ARM.attributes
                0x00000829       0x30 c:/progra~3/matlab/suppor~1/r2017b/3p778c~1.ins/gnuarm~1.ins/bin/../lib/gcc/arm-none-eabi/5.2.1/../../../../arm-none-eabi/lib/armv7e-m/softfp/fpv5-d16\libc_nano.a(lib_a-fwalk.o)
 .ARM.attributes
                0x00000859       0x30 c:/progra~3/matlab/suppor~1/r2017b/3p778c~1.ins/gnuarm~1.ins/bin/../lib/gcc/arm-none-eabi/5.2.1/../../../../arm-none-eabi/lib/armv7e-m/softfp/fpv5-d16\libc_nano.a(lib_a-impure.o)
 .ARM.attributes
                0x00000889       0x30 c:/progra~3/matlab/suppor~1/r2017b/3p778c~1.ins/gnuarm~1.ins/bin/../lib/gcc/arm-none-eabi/5.2.1/../../../../arm-none-eabi/lib/armv7e-m/softfp/fpv5-d16\libc_nano.a(lib_a-init.o)
 .ARM.attributes
                0x000008b9       0x30 c:/progra~3/matlab/suppor~1/r2017b/3p778c~1.ins/gnuarm~1.ins/bin/../lib/gcc/arm-none-eabi/5.2.1/../../../../arm-none-eabi/lib/armv7e-m/softfp/fpv5-d16\libc_nano.a(lib_a-malloc.o)
 .ARM.attributes
                0x000008e9       0x1e c:/progra~3/matlab/suppor~1/r2017b/3p778c~1.ins/gnuarm~1.ins/bin/../lib/gcc/arm-none-eabi/5.2.1/../../../../arm-none-eabi/lib/armv7e-m/softfp/fpv5-d16\libc_nano.a(lib_a-memchr.o)
 .ARM.attributes
                0x00000907       0x30 c:/progra~3/matlab/suppor~1/r2017b/3p778c~1.ins/gnuarm~1.ins/bin/../lib/gcc/arm-none-eabi/5.2.1/../../../../arm-none-eabi/lib/armv7e-m/softfp/fpv5-d16\libc_nano.a(lib_a-memcpy-stub.o)
 .ARM.attributes
                0x00000937       0x30 c:/progra~3/matlab/suppor~1/r2017b/3p778c~1.ins/gnuarm~1.ins/bin/../lib/gcc/arm-none-eabi/5.2.1/../../../../arm-none-eabi/lib/armv7e-m/softfp/fpv5-d16\libc_nano.a(lib_a-memset.o)
 .ARM.attributes
                0x00000967       0x30 c:/progra~3/matlab/suppor~1/r2017b/3p778c~1.ins/gnuarm~1.ins/bin/../lib/gcc/arm-none-eabi/5.2.1/../../../../arm-none-eabi/lib/armv7e-m/softfp/fpv5-d16\libc_nano.a(lib_a-nano-freer.o)
 .ARM.attributes
                0x00000997       0x30 c:/progra~3/matlab/suppor~1/r2017b/3p778c~1.ins/gnuarm~1.ins/bin/../lib/gcc/arm-none-eabi/5.2.1/../../../../arm-none-eabi/lib/armv7e-m/softfp/fpv5-d16\libc_nano.a(lib_a-nano-mallocr.o)
 .ARM.attributes
                0x000009c7       0x30 c:/progra~3/matlab/suppor~1/r2017b/3p778c~1.ins/gnuarm~1.ins/bin/../lib/gcc/arm-none-eabi/5.2.1/../../../../arm-none-eabi/lib/armv7e-m/softfp/fpv5-d16\libc_nano.a(lib_a-reent.o)
 .ARM.attributes
                0x000009f7       0x30 c:/progra~3/matlab/suppor~1/r2017b/3p778c~1.ins/gnuarm~1.ins/bin/../lib/gcc/arm-none-eabi/5.2.1/../../../../arm-none-eabi/lib/armv7e-m/softfp/fpv5-d16\libc_nano.a(lib_a-sbrkr.o)
 .ARM.attributes
                0x00000a27       0x30 c:/progra~3/matlab/suppor~1/r2017b/3p778c~1.ins/gnuarm~1.ins/bin/../lib/gcc/arm-none-eabi/5.2.1/../../../../arm-none-eabi/lib/armv7e-m/softfp/fpv5-d16\libc_nano.a(lib_a-stdio.o)
 .ARM.attributes
                0x00000a57       0x30 c:/progra~3/matlab/suppor~1/r2017b/3p778c~1.ins/gnuarm~1.ins/bin/../lib/gcc/arm-none-eabi/5.2.1/../../../../arm-none-eabi/lib/armv7e-m/softfp/fpv5-d16\libc_nano.a(lib_a-vsprintf.o)
 .ARM.attributes
                0x00000a87       0x30 c:/progra~3/matlab/suppor~1/r2017b/3p778c~1.ins/gnuarm~1.ins/bin/../lib/gcc/arm-none-eabi/5.2.1/../../../../arm-none-eabi/lib/armv7e-m/softfp/fpv5-d16\libc_nano.a(lib_a-writer.o)
 .ARM.attributes
                0x00000ab7       0x30 c:/progra~3/matlab/suppor~1/r2017b/3p778c~1.ins/gnuarm~1.ins/bin/../lib/gcc/arm-none-eabi/5.2.1/../../../../arm-none-eabi/lib/armv7e-m/softfp/fpv5-d16\libc_nano.a(lib_a-closer.o)
 .ARM.attributes
                0x00000ae7       0x30 c:/progra~3/matlab/suppor~1/r2017b/3p778c~1.ins/gnuarm~1.ins/bin/../lib/gcc/arm-none-eabi/5.2.1/../../../../arm-none-eabi/lib/armv7e-m/softfp/fpv5-d16\libc_nano.a(lib_a-lseekr.o)
 .ARM.attributes
                0x00000b17       0x30 c:/progra~3/matlab/suppor~1/r2017b/3p778c~1.ins/gnuarm~1.ins/bin/../lib/gcc/arm-none-eabi/5.2.1/../../../../arm-none-eabi/lib/armv7e-m/softfp/fpv5-d16\libc_nano.a(lib_a-nano-svfprintf.o)
 .ARM.attributes
                0x00000b47       0x30 c:/progra~3/matlab/suppor~1/r2017b/3p778c~1.ins/gnuarm~1.ins/bin/../lib/gcc/arm-none-eabi/5.2.1/../../../../arm-none-eabi/lib/armv7e-m/softfp/fpv5-d16\libc_nano.a(lib_a-nano-vfprintf_i.o)
 .ARM.attributes
                0x00000b77       0x30 c:/progra~3/matlab/suppor~1/r2017b/3p778c~1.ins/gnuarm~1.ins/bin/../lib/gcc/arm-none-eabi/5.2.1/../../../../arm-none-eabi/lib/armv7e-m/softfp/fpv5-d16\libc_nano.a(lib_a-readr.o)
 .ARM.attributes
                0x00000ba7       0x30 c:/progra~3/matlab/suppor~1/r2017b/3p778c~1.ins/gnuarm~1.ins/bin/../lib/gcc/arm-none-eabi/5.2.1/../../../../arm-none-eabi/lib/armv7e-m/softfp/fpv5-d16\libc_nano.a(lib_a-memmove.o)
 .ARM.attributes
                0x00000bd7       0x30 c:/progra~3/matlab/suppor~1/r2017b/3p778c~1.ins/gnuarm~1.ins/bin/../lib/gcc/arm-none-eabi/5.2.1/../../../../arm-none-eabi/lib/armv7e-m/softfp/fpv5-d16\libc_nano.a(lib_a-nano-reallocr.o)
 .ARM.attributes
                0x00000c07       0x30 c:/progra~3/matlab/suppor~1/r2017b/3p778c~1.ins/gnuarm~1.ins/bin/../lib/gcc/arm-none-eabi/5.2.1/../../../../arm-none-eabi/lib/armv7e-m/softfp/fpv5-d16\libc_nano.a(lib_a-nano-msizer.o)
 .ARM.attributes
                0x00000c37       0x30 c:/progra~3/matlab/suppor~1/r2017b/3p778c~1.ins/gnuarm~1.ins/bin/../lib/gcc/arm-none-eabi/5.2.1/armv7e-m/softfp/fpv5-d16/crtend.o
 .ARM.attributes
                0x00000c67       0x20 c:/progra~3/matlab/suppor~1/r2017b/3p778c~1.ins/gnuarm~1.ins/bin/../lib/gcc/arm-none-eabi/5.2.1/armv7e-m/softfp/fpv5-d16/crtn.o

.comment        0x00000000       0xde
 .comment       0x00000000       0x70 C:/PROGRA~3/MATLAB/SUPPOR~1/R2017b/3P778C~1.INS/MBEDLI~1.INS/25AEA2~1/TARGET_DISCO_F769NI/TOOLCHAIN_GCC_ARM/cmsis_nvic.o
                                 0x71 (size before relaxing)
 .comment       0x00000070       0x71 C:/PROGRA~3/MATLAB/SUPPOR~1/R2017b/3P778C~1.INS/MBEDLI~1.INS/25AEA2~1/TARGET_DISCO_F769NI/TOOLCHAIN_GCC_ARM/hal_tick.o
 .comment       0x00000070       0x71 C:/PROGRA~3/MATLAB/SUPPOR~1/R2017b/3P778C~1.INS/MBEDLI~1.INS/25AEA2~1/TARGET_DISCO_F769NI/TOOLCHAIN_GCC_ARM/mbed_board.o
 .comment       0x00000070       0x71 C:/PROGRA~3/MATLAB/SUPPOR~1/R2017b/3P778C~1.INS/MBEDLI~1.INS/25AEA2~1/TARGET_DISCO_F769NI/TOOLCHAIN_GCC_ARM/retarget.o
 .comment       0x00000070       0x71 C:/PROGRA~3/MATLAB/SUPPOR~1/R2017b/3P778C~1.INS/MBEDLI~1.INS/25AEA2~1/TARGET_DISCO_F769NI/TOOLCHAIN_GCC_ARM/stm32f7xx_hal.o
 .comment       0x00000070       0x71 C:/PROGRA~3/MATLAB/SUPPOR~1/R2017b/3P778C~1.INS/MBEDLI~1.INS/25AEA2~1/TARGET_DISCO_F769NI/TOOLCHAIN_GCC_ARM/stm32f7xx_hal_cortex.o
 .comment       0x00000070       0x71 C:/PROGRA~3/MATLAB/SUPPOR~1/R2017b/3P778C~1.INS/MBEDLI~1.INS/25AEA2~1/TARGET_DISCO_F769NI/TOOLCHAIN_GCC_ARM/stm32f7xx_hal_gpio.o
 .comment       0x00000070       0x71 C:/PROGRA~3/MATLAB/SUPPOR~1/R2017b/3P778C~1.INS/MBEDLI~1.INS/25AEA2~1/TARGET_DISCO_F769NI/TOOLCHAIN_GCC_ARM/stm32f7xx_hal_pwr_ex.o
 .comment       0x00000070       0x71 C:/PROGRA~3/MATLAB/SUPPOR~1/R2017b/3P778C~1.INS/MBEDLI~1.INS/25AEA2~1/TARGET_DISCO_F769NI/TOOLCHAIN_GCC_ARM/stm32f7xx_hal_rcc.o
 .comment       0x00000070       0x71 C:/PROGRA~3/MATLAB/SUPPOR~1/R2017b/3P778C~1.INS/MBEDLI~1.INS/25AEA2~1/TARGET_DISCO_F769NI/TOOLCHAIN_GCC_ARM/stm32f7xx_hal_rcc_ex.o
 .comment       0x00000070       0x71 C:/PROGRA~3/MATLAB/SUPPOR~1/R2017b/3P778C~1.INS/MBEDLI~1.INS/25AEA2~1/TARGET_DISCO_F769NI/TOOLCHAIN_GCC_ARM/stm32f7xx_hal_tim.o
 .comment       0x00000070       0x71 C:/PROGRA~3/MATLAB/SUPPOR~1/R2017b/3P778C~1.INS/MBEDLI~1.INS/25AEA2~1/TARGET_DISCO_F769NI/TOOLCHAIN_GCC_ARM/stm32f7xx_hal_uart.o
 .comment       0x00000070       0x71 C:/PROGRA~3/MATLAB/SUPPOR~1/R2017b/3P778C~1.INS/MBEDLI~1.INS/25AEA2~1/TARGET_DISCO_F769NI/TOOLCHAIN_GCC_ARM/system_stm32f7xx.o
 .comment       0x00000070       0x6e MW_digitalIO.o
                                 0x6f (size before relaxing)
 .comment       0x000000de       0x6f stm32f746gdiscovery_gettingstarted.o
 .comment       0x000000de       0x6f stm32f746gdiscovery_gettingstarted_data.o
 .comment       0x000000de       0x6f stm32f769i_init_board.o
 .comment       0x000000de       0x6f mw_mbed_interface.o
 .comment       0x000000de       0x6f SysTickScheduler.o
 .comment       0x000000de       0x6f m3m4m4f_multitasking.o
 .comment       0x000000de       0x6f ert_main.o
 .comment       0x000000de       0x71 C:/ProgramData/MATLAB/SupportPackages/R2017b/3P.instrset/mbedlibrary-stm.instrset/25aea2a3f4e3/TARGET_DISCO_F769NI/TOOLCHAIN_GCC_ARM/libmbed.a(us_ticker.o)
 .comment       0x000000de       0x71 C:/ProgramData/MATLAB/SupportPackages/R2017b/3P.instrset/mbedlibrary-stm.instrset/25aea2a3f4e3/TARGET_DISCO_F769NI/TOOLCHAIN_GCC_ARM/libmbed.a(serial_api.o)
 .comment       0x000000de       0x71 C:/ProgramData/MATLAB/SupportPackages/R2017b/3P.instrset/mbedlibrary-stm.instrset/25aea2a3f4e3/TARGET_DISCO_F769NI/TOOLCHAIN_GCC_ARM/libmbed.a(mbed_assert.o)
 .comment       0x000000de       0x71 C:/ProgramData/MATLAB/SupportPackages/R2017b/3P.instrset/mbedlibrary-stm.instrset/25aea2a3f4e3/TARGET_DISCO_F769NI/TOOLCHAIN_GCC_ARM/libmbed.a(mbed_error.o)
 .comment       0x000000de       0x71 C:/ProgramData/MATLAB/SupportPackages/R2017b/3P.instrset/mbedlibrary-stm.instrset/25aea2a3f4e3/TARGET_DISCO_F769NI/TOOLCHAIN_GCC_ARM/libmbed.a(mbed_critical.o)
 .comment       0x000000de       0x71 C:/ProgramData/MATLAB/SupportPackages/R2017b/3P.instrset/mbedlibrary-stm.instrset/25aea2a3f4e3/TARGET_DISCO_F769NI/TOOLCHAIN_GCC_ARM/libmbed.a(mbed_gpio.o)
 .comment       0x000000de       0x71 C:/ProgramData/MATLAB/SupportPackages/R2017b/3P.instrset/mbedlibrary-stm.instrset/25aea2a3f4e3/TARGET_DISCO_F769NI/TOOLCHAIN_GCC_ARM/libmbed.a(mbed_pinmap_common.o)
 .comment       0x000000de       0x71 C:/ProgramData/MATLAB/SupportPackages/R2017b/3P.instrset/mbedlibrary-stm.instrset/25aea2a3f4e3/TARGET_DISCO_F769NI/TOOLCHAIN_GCC_ARM/libmbed.a(mbed_us_ticker_api.o)
 .comment       0x000000de       0x71 C:/ProgramData/MATLAB/SupportPackages/R2017b/3P.instrset/mbedlibrary-stm.instrset/25aea2a3f4e3/TARGET_DISCO_F769NI/TOOLCHAIN_GCC_ARM/libmbed.a(mbed_wait_api.o)
 .comment       0x000000de       0x71 C:/ProgramData/MATLAB/SupportPackages/R2017b/3P.instrset/mbedlibrary-stm.instrset/25aea2a3f4e3/TARGET_DISCO_F769NI/TOOLCHAIN_GCC_ARM/libmbed.a(PeripheralPins.o)
 .comment       0x000000de       0x71 C:/ProgramData/MATLAB/SupportPackages/R2017b/3P.instrset/mbedlibrary-stm.instrset/25aea2a3f4e3/TARGET_DISCO_F769NI/TOOLCHAIN_GCC_ARM/libmbed.a(gpio_api.o)
 .comment       0x000000de       0x71 C:/ProgramData/MATLAB/SupportPackages/R2017b/3P.instrset/mbedlibrary-stm.instrset/25aea2a3f4e3/TARGET_DISCO_F769NI/TOOLCHAIN_GCC_ARM/libmbed.a(pinmap.o)
 .comment       0x000000de       0x71 C:/ProgramData/MATLAB/SupportPackages/R2017b/3P.instrset/mbedlibrary-stm.instrset/25aea2a3f4e3/TARGET_DISCO_F769NI/TOOLCHAIN_GCC_ARM/libmbed.a(mbed_ticker_api.o)

.debug_frame    0x00000000      0x670
 .debug_frame   0x00000000       0x28 c:/progra~3/matlab/suppor~1/r2017b/3p778c~1.ins/gnuarm~1.ins/bin/../lib/gcc/arm-none-eabi/5.2.1/../../../../arm-none-eabi/lib/armv7e-m/softfp/fpv5-d16\libc_nano.a(lib_a-exit.o)
 .debug_frame   0x00000028       0x68 c:/progra~3/matlab/suppor~1/r2017b/3p778c~1.ins/gnuarm~1.ins/bin/../lib/gcc/arm-none-eabi/5.2.1/../../../../arm-none-eabi/lib/armv7e-m/softfp/fpv5-d16\libc_nano.a(lib_a-fflush.o)
 .debug_frame   0x00000090      0x11c c:/progra~3/matlab/suppor~1/r2017b/3p778c~1.ins/gnuarm~1.ins/bin/../lib/gcc/arm-none-eabi/5.2.1/../../../../arm-none-eabi/lib/armv7e-m/softfp/fpv5-d16\libc_nano.a(lib_a-findfp.o)
 .debug_frame   0x000001ac       0x54 c:/progra~3/matlab/suppor~1/r2017b/3p778c~1.ins/gnuarm~1.ins/bin/../lib/gcc/arm-none-eabi/5.2.1/../../../../arm-none-eabi/lib/armv7e-m/softfp/fpv5-d16\libc_nano.a(lib_a-fwalk.o)
 .debug_frame   0x00000200       0x2c c:/progra~3/matlab/suppor~1/r2017b/3p778c~1.ins/gnuarm~1.ins/bin/../lib/gcc/arm-none-eabi/5.2.1/../../../../arm-none-eabi/lib/armv7e-m/softfp/fpv5-d16\libc_nano.a(lib_a-init.o)