Archive member included to satisfy reference by file (symbol)

C:/ProgramData/MATLAB/SupportPackages/R2018a/3P.instrset/mbedlibrary-stm.instrset/0f02307a0877/TARGET_DISCO_F769NI/TOOLCHAIN_GCC_ARM/libmbed.a(FilePath.o)
                              C:/PROGRA~3/MATLAB/SUPPOR~1/R2018a/3P778C~1.INS/MBEDLI~1.INS/0F0230~1/TARGET_DISCO_F769NI/TOOLCHAIN_GCC_ARM/mbed_retarget.o (mbed::FilePath::FilePath(char const*))
C:/ProgramData/MATLAB/SupportPackages/R2018a/3P.instrset/mbedlibrary-stm.instrset/0f02307a0877/TARGET_DISCO_F769NI/TOOLCHAIN_GCC_ARM/libmbed.a(FileBase.o)
                              C:/ProgramData/MATLAB/SupportPackages/R2018a/3P.instrset/mbedlibrary-stm.instrset/0f02307a0877/TARGET_DISCO_F769NI/TOOLCHAIN_GCC_ARM/libmbed.a(FilePath.o) (mbed::FileBase::getPathType())
C:/ProgramData/MATLAB/SupportPackages/R2018a/3P.instrset/mbedlibrary-stm.instrset/0f02307a0877/TARGET_DISCO_F769NI/TOOLCHAIN_GCC_ARM/libmbed.a(Serial.o)
                              BufferedSerial.o (mbed::Serial::unlock())
C:/ProgramData/MATLAB/SupportPackages/R2018a/3P.instrset/mbedlibrary-stm.instrset/0f02307a0877/TARGET_DISCO_F769NI/TOOLCHAIN_GCC_ARM/libmbed.a(Stream.o)
                              BufferedSerial.o (mbed::Stream::write(void const*, unsigned int))
C:/ProgramData/MATLAB/SupportPackages/R2018a/3P.instrset/mbedlibrary-stm.instrset/0f02307a0877/TARGET_DISCO_F769NI/TOOLCHAIN_GCC_ARM/libmbed.a(SerialBase.o)
                              rtiostream_serial_mbed.o (mbed::SerialBase::baud(int))
C:/ProgramData/MATLAB/SupportPackages/R2018a/3P.instrset/mbedlibrary-stm.instrset/0f02307a0877/TARGET_DISCO_F769NI/TOOLCHAIN_GCC_ARM/libmbed.a(mbed_gpio.o)
                              MW_digitalIO.o (gpio_init_in)
C:/ProgramData/MATLAB/SupportPackages/R2018a/3P.instrset/mbedlibrary-stm.instrset/0f02307a0877/TARGET_DISCO_F769NI/TOOLCHAIN_GCC_ARM/libmbed.a(mbed_us_ticker_api.o)
                              C:/PROGRA~3/MATLAB/SUPPOR~1/R2018a/3P778C~1.INS/MBEDLI~1.INS/0F0230~1/TARGET_DISCO_F769NI/TOOLCHAIN_GCC_ARM/hal_tick_32b.o (us_ticker_irq_handler)
C:/ProgramData/MATLAB/SupportPackages/R2018a/3P.instrset/mbedlibrary-stm.instrset/0f02307a0877/TARGET_DISCO_F769NI/TOOLCHAIN_GCC_ARM/libmbed.a(mbed_lp_ticker_api.o)
                              C:/PROGRA~3/MATLAB/SUPPOR~1/R2018a/3P778C~1.INS/MBEDLI~1.INS/0F0230~1/TARGET_DISCO_F769NI/TOOLCHAIN_GCC_ARM/lp_ticker.o (lp_ticker_irq_handler)
C:/ProgramData/MATLAB/SupportPackages/R2018a/3P.instrset/mbedlibrary-stm.instrset/0f02307a0877/TARGET_DISCO_F769NI/TOOLCHAIN_GCC_ARM/libmbed.a(mbed_ticker_api.o)
                              C:/ProgramData/MATLAB/SupportPackages/R2018a/3P.instrset/mbedlibrary-stm.instrset/0f02307a0877/TARGET_DISCO_F769NI/TOOLCHAIN_GCC_ARM/libmbed.a(mbed_us_ticker_api.o) (ticker_irq_handler)
C:/ProgramData/MATLAB/SupportPackages/R2018a/3P.instrset/mbedlibrary-stm.instrset/0f02307a0877/TARGET_DISCO_F769NI/TOOLCHAIN_GCC_ARM/libmbed.a(mbed_pinmap_common.o)
                              C:/PROGRA~3/MATLAB/SUPPOR~1/R2018a/3P778C~1.INS/MBEDLI~1.INS/0F0230~1/TARGET_DISCO_F769NI/TOOLCHAIN_GCC_ARM/analogin_api.o (pinmap_pinout)
C:/ProgramData/MATLAB/SupportPackages/R2018a/3P.instrset/mbedlibrary-stm.instrset/0f02307a0877/TARGET_DISCO_F769NI/TOOLCHAIN_GCC_ARM/libmbed.a(mbed_assert.o)
                              C:/PROGRA~3/MATLAB/SUPPOR~1/R2018a/3P778C~1.INS/MBEDLI~1.INS/0F0230~1/TARGET_DISCO_F769NI/TOOLCHAIN_GCC_ARM/analogin_api.o (mbed_assert_internal)
C:/ProgramData/MATLAB/SupportPackages/R2018a/3P.instrset/mbedlibrary-stm.instrset/0f02307a0877/TARGET_DISCO_F769NI/TOOLCHAIN_GCC_ARM/libmbed.a(mbed_error.o)
                              C:/PROGRA~3/MATLAB/SUPPOR~1/R2018a/3P778C~1.INS/MBEDLI~1.INS/0F0230~1/TARGET_DISCO_F769NI/TOOLCHAIN_GCC_ARM/analogin_api.o (error)
C:/ProgramData/MATLAB/SupportPackages/R2018a/3P.instrset/mbedlibrary-stm.instrset/0f02307a0877/TARGET_DISCO_F769NI/TOOLCHAIN_GCC_ARM/libmbed.a(mbed_critical.o)
                              C:/PROGRA~3/MATLAB/SUPPOR~1/R2018a/3P778C~1.INS/MBEDLI~1.INS/0F0230~1/TARGET_DISCO_F769NI/TOOLCHAIN_GCC_ARM/mbed_board.o (core_util_critical_section_enter)
C:/ProgramData/MATLAB/SupportPackages/R2018a/3P.instrset/mbedlibrary-stm.instrset/0f02307a0877/TARGET_DISCO_F769NI/TOOLCHAIN_GCC_ARM/libmbed.a(mbed_wait_api_no_rtos.o)
                              C:/PROGRA~3/MATLAB/SUPPOR~1/R2018a/3P778C~1.INS/MBEDLI~1.INS/0F0230~1/TARGET_DISCO_F769NI/TOOLCHAIN_GCC_ARM/i2c_api.o (wait_us)
c:/progra~3/matlab/suppor~1/r2018a/3p778c~1.ins/gnuarm~1.ins/bin/../lib/gcc/arm-none-eabi/5.2.1/../../../../arm-none-eabi/lib/armv7e-m/softfp/fpv5-d16\libm.a(lib_a-s_floor.o)
                              STM32_FIR_wrap_sym.o (floor)
c:/progra~3/matlab/suppor~1/r2018a/3p778c~1.ins/gnuarm~1.ins/bin/../lib/gcc/arm-none-eabi/5.2.1/../../../../arm-none-eabi/lib/armv7e-m/softfp/fpv5-d16\libm.a(lib_a-s_sin.o)
                              STM32_FIR_wrap_sym.o (sin)
[...]
Memory Configuration

Name             Origin             Length             Attributes
FLASH            0x08000000         0x00200000         xr
RAM              0x200001f8         0x0007fe08         xrw
*default*        0x00000000         0xffffffff

Linker script and memory map

LOAD c:/progra~3/matlab/suppor~1/r2018a/3p778c~1.ins/gnuarm~1.ins/bin/../lib/gcc/arm-none-eabi/5.2.1/armv7e-m/softfp/fpv5-d16/crti.o
LOAD c:/progra~3/matlab/suppor~1/r2018a/3p778c~1.ins/gnuarm~1.ins/bin/../lib/gcc/arm-none-eabi/5.2.1/armv7e-m/softfp/fpv5-d16/crtbegin.o
LOAD c:/progra~3/matlab/suppor~1/r2018a/3p778c~1.ins/gnuarm~1.ins/bin/../lib/gcc/arm-none-eabi/5.2.1/../../../../arm-none-eabi/lib/armv7e-m/softfp/fpv5-d16/crt0.o
LOAD C:/PROGRA~3/MATLAB/SUPPOR~1/R2018a/3P778C~1.INS/MBEDLI~1.INS/0F0230~1/TARGET_DISCO_F769NI/TOOLCHAIN_GCC_ARM/analogin_api.o
LOAD C:/PROGRA~3/MATLAB/SUPPOR~1/R2018a/3P778C~1.INS/MBEDLI~1.INS/0F0230~1/TARGET_DISCO_F769NI/TOOLCHAIN_GCC_ARM/analogout_api.o
LOAD C:/PROGRA~3/MATLAB/SUPPOR~1/R2018a/3P778C~1.INS/MBEDLI~1.INS/0F0230~1/TARGET_DISCO_F769NI/TOOLCHAIN_GCC_ARM/can_api.o
LOAD C:/PROGRA~3/MATLAB/SUPPOR~1/R2018a/3P778C~1.INS/MBEDLI~1.INS/0F0230~1/TARGET_DISCO_F769NI/TOOLCHAIN_GCC_ARM/cmsis_nvic.o
LOAD C:/PROGRA~3/MATLAB/SUPPOR~1/R2018a/3P778C~1.INS/MBEDLI~1.INS/0F0230~1/TARGET_DISCO_F769NI/TOOLCHAIN_GCC_ARM/gpio_api.o
LOAD C:/PROGRA~3/MATLAB/SUPPOR~1/R2018a/3P778C~1.INS/MBEDLI~1.INS/0F0230~1/TARGET_DISCO_F769NI/TOOLCHAIN_GCC_ARM/gpio_irq_api.o
LOAD C:/PROGRA~3/MATLAB/SUPPOR~1/R2018a/3P778C~1.INS/MBEDLI~1.INS/0F0230~1/TARGET_DISCO_F769NI/TOOLCHAIN_GCC_ARM/gpio_irq_device.o
LOAD C:/PROGRA~3/MATLAB/SUPPOR~1/R2018a/3P778C~1.INS/MBEDLI~1.INS/0F0230~1/TARGET_DISCO_F769NI/TOOLCHAIN_GCC_ARM/hal_tick_16b.o
LOAD C:/PROGRA~3/MATLAB/SUPPOR~1/R2018a/3P778C~1.INS/MBEDLI~1.INS/0F0230~1/TARGET_DISCO_F769NI/TOOLCHAIN_GCC_ARM/hal_tick_32b.o
LOAD C:/PROGRA~3/MATLAB/SUPPOR~1/R2018a/3P778C~1.INS/MBEDLI~1.INS/0F0230~1/TARGET_DISCO_F769NI/TOOLCHAIN_GCC_ARM/i2c_api.o
LOAD C:/PROGRA~3/MATLAB/SUPPOR~1/R2018a/3P778C~1.INS/MBEDLI~1.INS/0F0230~1/TARGET_DISCO_F769NI/TOOLCHAIN_GCC_ARM/lp_ticker.o
LOAD C:/PROGRA~3/MATLAB/SUPPOR~1/R2018a/3P778C~1.INS/MBEDLI~1.INS/0F0230~1/TARGET_DISCO_F769NI/TOOLCHAIN_GCC_ARM/mbed_board.o
LOAD C:/PROGRA~3/MATLAB/SUPPOR~1/R2018a/3P778C~1.INS/MBEDLI~1.INS/0F0230~1/TARGET_DISCO_F769NI/TOOLCHAIN_GCC_ARM/mbed_overrides.o
LOAD C:/PROGRA~3/MATLAB/SUPPOR~1/R2018a/3P778C~1.INS/MBEDLI~1.INS/0F0230~1/TARGET_DISCO_F769NI/TOOLCHAIN_GCC_ARM/mbed_retarget.o
LOAD C:/PROGRA~3/MATLAB/SUPPOR~1/R2018a/3P778C~1.INS/MBEDLI~1.INS/0F0230~1/TARGET_DISCO_F769NI/TOOLCHAIN_GCC_ARM/PeripheralPins.o
LOAD C:/PROGRA~3/MATLAB/SUPPOR~1/R2018a/3P778C~1.INS/MBEDLI~1.INS/0F0230~1/TARGET_DISCO_F769NI/TOOLCHAIN_GCC_ARM/pinmap.o
LOAD C:/PROGRA~3/MATLAB/SUPPOR~1/R2018a/3P778C~1.INS/MBEDLI~1.INS/0F0230~1/TARGET_DISCO_F769NI/TOOLCHAIN_GCC_ARM/port_api.o
LOAD C:/PROGRA~3/MATLAB/SUPPOR~1/R2018a/3P778C~1.INS/MBEDLI~1.INS/0F0230~1/TARGET_DISCO_F769NI/TOOLCHAIN_GCC_ARM/pwmout_api.o
LOAD C:/PROGRA~3/MATLAB/SUPPOR~1/R2018a/3P778C~1.INS/MBEDLI~1.INS/0F0230~1/TARGET_DISCO_F769NI/TOOLCHAIN_GCC_ARM/pwmout_device.o
LOAD C:/PROGRA~3/MATLAB/SUPPOR~1/R2018a/3P778C~1.INS/MBEDLI~1.INS/0F0230~1/TARGET_DISCO_F769NI/TOOLCHAIN_GCC_ARM/rtc_api.o
LOAD C:/PROGRA~3/MATLAB/SUPPOR~1/R2018a/3P778C~1.INS/MBEDLI~1.INS/0F0230~1/TARGET_DISCO_F769NI/TOOLCHAIN_GCC_ARM/serial_api.o
LOAD C:/PROGRA~3/MATLAB/SUPPOR~1/R2018a/3P778C~1.INS/MBEDLI~1.INS/0F0230~1/TARGET_DISCO_F769NI/TOOLCHAIN_GCC_ARM/sleep.o
LOAD C:/PROGRA~3/MATLAB/SUPPOR~1/R2018a/3P778C~1.INS/MBEDLI~1.INS/0F0230~1/TARGET_DISCO_F769NI/TOOLCHAIN_GCC_ARM/spi_api.o
LOAD C:/PROGRA~3/MATLAB/SUPPOR~1/R2018a/3P778C~1.INS/MBEDLI~1.INS/0F0230~1/TARGET_DISCO_F769NI/TOOLCHAIN_GCC_ARM/startup_stm32f769xx.o
LOAD C:/PROGRA~3/MATLAB/SUPPOR~1/R2018a/3P778C~1.INS/MBEDLI~1.INS/0F0230~1/TARGET_DISCO_F769NI/TOOLCHAIN_GCC_ARM/stm32f7xx_hal.o
LOAD C:/PROGRA~3/MATLAB/SUPPOR~1/R2018a/3P778C~1.INS/MBEDLI~1.INS/0F0230~1/TARGET_DISCO_F769NI/TOOLCHAIN_GCC_ARM/stm32f7xx_hal_adc.o
LOAD C:/PROGRA~3/MATLAB/SUPPOR~1/R2018a/3P778C~1.INS/MBEDLI~1.INS/0F0230~1/TARGET_DISCO_F769NI/TOOLCHAIN_GCC_ARM/stm32f7xx_hal_adc_ex.o
LOAD C:/PROGRA~3/MATLAB/SUPPOR~1/R2018a/3P778C~1.INS/MBEDLI~1.INS/0F0230~1/TARGET_DISCO_F769NI/TOOLCHAIN_GCC_ARM/stm32f7xx_hal_can.o
LOAD C:/PROGRA~3/MATLAB/SUPPOR~1/R2018a/3P778C~1.INS/MBEDLI~1.INS/0F0230~1/TARGET_DISCO_F769NI/TOOLCHAIN_GCC_ARM/stm32f7xx_hal_cec.o
LOAD C:/PROGRA~3/MATLAB/SUPPOR~1/R2018a/3P778C~1.INS/MBEDLI~1.INS/0F0230~1/TARGET_DISCO_F769NI/TOOLCHAIN_GCC_ARM/stm32f7xx_hal_cortex.o
LOAD C:/PROGRA~3/MATLAB/SUPPOR~1/R2018a/3P778C~1.INS/MBEDLI~1.INS/0F0230~1/TARGET_DISCO_F769NI/TOOLCHAIN_GCC_ARM/stm32f7xx_hal_crc.o
LOAD C:/PROGRA~3/MATLAB/SUPPOR~1/R2018a/3P778C~1.INS/MBEDLI~1.INS/0F0230~1/TARGET_DISCO_F769NI/TOOLCHAIN_GCC_ARM/stm32f7xx_hal_crc_ex.o
LOAD C:/PROGRA~3/MATLAB/SUPPOR~1/R2018a/3P778C~1.INS/MBEDLI~1.INS/0F0230~1/TARGET_DISCO_F769NI/TOOLCHAIN_GCC_ARM/stm32f7xx_hal_cryp.o
LOAD C:/PROGRA~3/MATLAB/SUPPOR~1/R2018a/3P778C~1.INS/MBEDLI~1.INS/0F0230~1/TARGET_DISCO_F769NI/TOOLCHAIN_GCC_ARM/stm32f7xx_hal_cryp_ex.o
LOAD C:/PROGRA~3/MATLAB/SUPPOR~1/R2018a/3P778C~1.INS/MBEDLI~1.INS/0F0230~1/TARGET_DISCO_F769NI/TOOLCHAIN_GCC_ARM/stm32f7xx_hal_dac.o
LOAD C:/PROGRA~3/MATLAB/SUPPOR~1/R2018a/3P778C~1.INS/MBEDLI~1.INS/0F0230~1/TARGET_DISCO_F769NI/TOOLCHAIN_GCC_ARM/stm32f7xx_hal_dac_ex.o
LOAD C:/PROGRA~3/MATLAB/SUPPOR~1/R2018a/3P778C~1.INS/MBEDLI~1.INS/0F0230~1/TARGET_DISCO_F769NI/TOOLCHAIN_GCC_ARM/stm32f7xx_hal_dcmi.o
LOAD C:/PROGRA~3/MATLAB/SUPPOR~1/R2018a/3P778C~1.INS/MBEDLI~1.INS/0F0230~1/TARGET_DISCO_F769NI/TOOLCHAIN_GCC_ARM/stm32f7xx_hal_dcmi_ex.o
LOAD C:/PROGRA~3/MATLAB/SUPPOR~1/R2018a/3P778C~1.INS/MBEDLI~1.INS/0F0230~1/TARGET_DISCO_F769NI/TOOLCHAIN_GCC_ARM/stm32f7xx_hal_dfsdm.o
LOAD C:/PROGRA~3/MATLAB/SUPPOR~1/R2018a/3P778C~1.INS/MBEDLI~1.INS/0F0230~1/TARGET_DISCO_F769NI/TOOLCHAIN_GCC_ARM/stm32f7xx_hal_dma.o
LOAD C:/PROGRA~3/MATLAB/SUPPOR~1/R2018a/3P778C~1.INS/MBEDLI~1.INS/0F0230~1/TARGET_DISCO_F769NI/TOOLCHAIN_GCC_ARM/stm32f7xx_hal_dma2d.o
LOAD C:/PROGRA~3/MATLAB/SUPPOR~1/R2018a/3P778C~1.INS/MBEDLI~1.INS/0F0230~1/TARGET_DISCO_F769NI/TOOLCHAIN_GCC_ARM/stm32f7xx_hal_dma_ex.o
LOAD C:/PROGRA~3/MATLAB/SUPPOR~1/R2018a/3P778C~1.INS/MBEDLI~1.INS/0F0230~1/TARGET_DISCO_F769NI/TOOLCHAIN_GCC_ARM/stm32f7xx_hal_dsi.o
LOAD C:/PROGRA~3/MATLAB/SUPPOR~1/R2018a/3P778C~1.INS/MBEDLI~1.INS/0F0230~1/TARGET_DISCO_F769NI/TOOLCHAIN_GCC_ARM/stm32f7xx_hal_eth.o
LOAD C:/PROGRA~3/MATLAB/SUPPOR~1/R2018a/3P778C~1.INS/MBEDLI~1.INS/0F0230~1/TARGET_DISCO_F769NI/TOOLCHAIN_GCC_ARM/stm32f7xx_hal_flash.o
LOAD C:/PROGRA~3/MATLAB/SUPPOR~1/R2018a/3P778C~1.INS/MBEDLI~1.INS/0F0230~1/TARGET_DISCO_F769NI/TOOLCHAIN_GCC_ARM/stm32f7xx_hal_flash_ex.o
LOAD C:/PROGRA~3/MATLAB/SUPPOR~1/R2018a/3P778C~1.INS/MBEDLI~1.INS/0F0230~1/TARGET_DISCO_F769NI/TOOLCHAIN_GCC_ARM/stm32f7xx_hal_gpio.o
LOAD C:/PROGRA~3/MATLAB/SUPPOR~1/R2018a/3P778C~1.INS/MBEDLI~1.INS/0F0230~1/TARGET_DISCO_F769NI/TOOLCHAIN_GCC_ARM/stm32f7xx_hal_hash.o
LOAD C:/PROGRA~3/MATLAB/SUPPOR~1/R2018a/3P778C~1.INS/MBEDLI~1.INS/0F0230~1/TARGET_DISCO_F769NI/TOOLCHAIN_GCC_ARM/stm32f7xx_hal_hash_ex.o
LOAD C:/PROGRA~3/MATLAB/SUPPOR~1/R2018a/3P778C~1.INS/MBEDLI~1.INS/0F0230~1/TARGET_DISCO_F769NI/TOOLCHAIN_GCC_ARM/stm32f7xx_hal_hcd.o
LOAD C:/PROGRA~3/MATLAB/SUPPOR~1/R2018a/3P778C~1.INS/MBEDLI~1.INS/0F0230~1/TARGET_DISCO_F769NI/TOOLCHAIN_GCC_ARM/stm32f7xx_hal_i2c.o
LOAD C:/PROGRA~3/MATLAB/SUPPOR~1/R2018a/3P778C~1.INS/MBEDLI~1.INS/0F0230~1/TARGET_DISCO_F769NI/TOOLCHAIN_GCC_ARM/stm32f7xx_hal_i2c_ex.o
LOAD C:/PROGRA~3/MATLAB/SUPPOR~1/R2018a/3P778C~1.INS/MBEDLI~1.INS/0F0230~1/TARGET_DISCO_F769NI/TOOLCHAIN_GCC_ARM/stm32f7xx_hal_i2s.o
LOAD C:/PROGRA~3/MATLAB/SUPPOR~1/R2018a/3P778C~1.INS/MBEDLI~1.INS/0F0230~1/TARGET_DISCO_F769NI/TOOLCHAIN_GCC_ARM/stm32f7xx_hal_irda.o
LOAD C:/PROGRA~3/MATLAB/SUPPOR~1/R2018a/3P778C~1.INS/MBEDLI~1.INS/0F0230~1/TARGET_DISCO_F769NI/TOOLCHAIN_GCC_ARM/stm32f7xx_hal_iwdg.o
LOAD C:/PROGRA~3/MATLAB/SUPPOR~1/R2018a/3P778C~1.INS/MBEDLI~1.INS/0F0230~1/TARGET_DISCO_F769NI/TOOLCHAIN_GCC_ARM/stm32f7xx_hal_jpeg.o
LOAD C:/PROGRA~3/MATLAB/SUPPOR~1/R2018a/3P778C~1.INS/MBEDLI~1.INS/0F0230~1/TARGET_DISCO_F769NI/TOOLCHAIN_GCC_ARM/stm32f7xx_hal_lptim.o
LOAD C:/PROGRA~3/MATLAB/SUPPOR~1/R2018a/3P778C~1.INS/MBEDLI~1.INS/0F0230~1/TARGET_DISCO_F769NI/TOOLCHAIN_GCC_ARM/stm32f7xx_hal_ltdc.o
LOAD C:/PROGRA~3/MATLAB/SUPPOR~1/R2018a/3P778C~1.INS/MBEDLI~1.INS/0F0230~1/TARGET_DISCO_F769NI/TOOLCHAIN_GCC_ARM/stm32f7xx_hal_ltdc_ex.o
LOAD C:/PROGRA~3/MATLAB/SUPPOR~1/R2018a/3P778C~1.INS/MBEDLI~1.INS/0F0230~1/TARGET_DISCO_F769NI/TOOLCHAIN_GCC_ARM/stm32f7xx_hal_mdios.o
LOAD C:/PROGRA~3/MATLAB/SUPPOR~1/R2018a/3P778C~1.INS/MBEDLI~1.INS/0F0230~1/TARGET_DISCO_F769NI/TOOLCHAIN_GCC_ARM/stm32f7xx_hal_mmc.o
LOAD C:/PROGRA~3/MATLAB/SUPPOR~1/R2018a/3P778C~1.INS/MBEDLI~1.INS/0F0230~1/TARGET_DISCO_F769NI/TOOLCHAIN_GCC_ARM/stm32f7xx_hal_nand.o
LOAD C:/PROGRA~3/MATLAB/SUPPOR~1/R2018a/3P778C~1.INS/MBEDLI~1.INS/0F0230~1/TARGET_DISCO_F769NI/TOOLCHAIN_GCC_ARM/stm32f7xx_hal_nor.o
LOAD C:/PROGRA~3/MATLAB/SUPPOR~1/R2018a/3P778C~1.INS/MBEDLI~1.INS/0F0230~1/TARGET_DISCO_F769NI/TOOLCHAIN_GCC_ARM/stm32f7xx_hal_pcd.o
LOAD C:/PROGRA~3/MATLAB/SUPPOR~1/R2018a/3P778C~1.INS/MBEDLI~1.INS/0F0230~1/TARGET_DISCO_F769NI/TOOLCHAIN_GCC_ARM/stm32f7xx_hal_pcd_ex.o
LOAD C:/PROGRA~3/MATLAB/SUPPOR~1/R2018a/3P778C~1.INS/MBEDLI~1.INS/0F0230~1/TARGET_DISCO_F769NI/TOOLCHAIN_GCC_ARM/stm32f7xx_hal_pwr.o
LOAD C:/PROGRA~3/MATLAB/SUPPOR~1/R2018a/3P778C~1.INS/MBEDLI~1.INS/0F0230~1/TARGET_DISCO_F769NI/TOOLCHAIN_GCC_ARM/stm32f7xx_hal_pwr_ex.o
LOAD C:/PROGRA~3/MATLAB/SUPPOR~1/R2018a/3P778C~1.INS/MBEDLI~1.INS/0F0230~1/TARGET_DISCO_F769NI/TOOLCHAIN_GCC_ARM/stm32f7xx_hal_qspi.o
LOAD C:/PROGRA~3/MATLAB/SUPPOR~1/R2018a/3P778C~1.INS/MBEDLI~1.INS/0F0230~1/TARGET_DISCO_F769NI/TOOLCHAIN_GCC_ARM/stm32f7xx_hal_rcc.o
LOAD C:/PROGRA~3/MATLAB/SUPPOR~1/R2018a/3P778C~1.INS/MBEDLI~1.INS/0F0230~1/TARGET_DISCO_F769NI/TOOLCHAIN_GCC_ARM/stm32f7xx_hal_rcc_ex.o
LOAD C:/PROGRA~3/MATLAB/SUPPOR~1/R2018a/3P778C~1.INS/MBEDLI~1.INS/0F0230~1/TARGET_DISCO_F769NI/TOOLCHAIN_GCC_ARM/stm32f7xx_hal_rng.o
LOAD C:/PROGRA~3/MATLAB/SUPPOR~1/R2018a/3P778C~1.INS/MBEDLI~1.INS/0F0230~1/TARGET_DISCO_F769NI/TOOLCHAIN_GCC_ARM/stm32f7xx_hal_rtc.o
LOAD C:/PROGRA~3/MATLAB/SUPPOR~1/R2018a/3P778C~1.INS/MBEDLI~1.INS/0F0230~1/TARGET_DISCO_F769NI/TOOLCHAIN_GCC_ARM/stm32f7xx_hal_rtc_ex.o
LOAD C:/PROGRA~3/MATLAB/SUPPOR~1/R2018a/3P778C~1.INS/MBEDLI~1.INS/0F0230~1/TARGET_DISCO_F769NI/TOOLCHAIN_GCC_ARM/stm32f7xx_hal_sai.o
LOAD C:/PROGRA~3/MATLAB/SUPPOR~1/R2018a/3P778C~1.INS/MBEDLI~1.INS/0F0230~1/TARGET_DISCO_F769NI/TOOLCHAIN_GCC_ARM/stm32f7xx_hal_sai_ex.o
LOAD C:/PROGRA~3/MATLAB/SUPPOR~1/R2018a/3P778C~1.INS/MBEDLI~1.INS/0F0230~1/TARGET_DISCO_F769NI/TOOLCHAIN_GCC_ARM/stm32f7xx_hal_sd.o
LOAD C:/PROGRA~3/MATLAB/SUPPOR~1/R2018a/3P778C~1.INS/MBEDLI~1.INS/0F0230~1/TARGET_DISCO_F769NI/TOOLCHAIN_GCC_ARM/stm32f7xx_hal_sdram.o
LOAD C:/PROGRA~3/MATLAB/SUPPOR~1/R2018a/3P778C~1.INS/MBEDLI~1.INS/0F0230~1/TARGET_DISCO_F769NI/TOOLCHAIN_GCC_ARM/stm32f7xx_hal_smartcard.o
LOAD C:/PROGRA~3/MATLAB/SUPPOR~1/R2018a/3P778C~1.INS/MBEDLI~1.INS/0F0230~1/TARGET_DISCO_F769NI/TOOLCHAIN_GCC_ARM/stm32f7xx_hal_smartcard_ex.o
LOAD C:/PROGRA~3/MATLAB/SUPPOR~1/R2018a/3P778C~1.INS/MBEDLI~1.INS/0F0230~1/TARGET_DISCO_F769NI/TOOLCHAIN_GCC_ARM/stm32f7xx_hal_smbus.o
LOAD C:/PROGRA~3/MATLAB/SUPPOR~1/R2018a/3P778C~1.INS/MBEDLI~1.INS/0F0230~1/TARGET_DISCO_F769NI/TOOLCHAIN_GCC_ARM/stm32f7xx_hal_spdifrx.o
LOAD C:/PROGRA~3/MATLAB/SUPPOR~1/R2018a/3P778C~1.INS/MBEDLI~1.INS/0F0230~1/TARGET_DISCO_F769NI/TOOLCHAIN_GCC_ARM/stm32f7xx_hal_spi.o
LOAD C:/PROGRA~3/MATLAB/SUPPOR~1/R2018a/3P778C~1.INS/MBEDLI~1.INS/0F0230~1/TARGET_DISCO_F769NI/TOOLCHAIN_GCC_ARM/stm32f7xx_hal_sram.o
LOAD C:/PROGRA~3/MATLAB/SUPPOR~1/R2018a/3P778C~1.INS/MBEDLI~1.INS/0F0230~1/TARGET_DISCO_F769NI/TOOLCHAIN_GCC_ARM/stm32f7xx_hal_tim.o
LOAD C:/PROGRA~3/MATLAB/SUPPOR~1/R2018a/3P778C~1.INS/MBEDLI~1.INS/0F0230~1/TARGET_DISCO_F769NI/TOOLCHAIN_GCC_ARM/stm32f7xx_hal_tim_ex.o
LOAD C:/PROGRA~3/MATLAB/SUPPOR~1/R2018a/3P778C~1.INS/MBEDLI~1.INS/0F0230~1/TARGET_DISCO_F769NI/TOOLCHAIN_GCC_ARM/stm32f7xx_hal_uart.o
LOAD C:/PROGRA~3/MATLAB/SUPPOR~1/R2018a/3P778C~1.INS/MBEDLI~1.INS/0F0230~1/TARGET_DISCO_F769NI/TOOLCHAIN_GCC_ARM/stm32f7xx_hal_usart.o
LOAD C:/PROGRA~3/MATLAB/SUPPOR~1/R2018a/3P778C~1.INS/MBEDLI~1.INS/0F0230~1/TARGET_DISCO_F769NI/TOOLCHAIN_GCC_ARM/stm32f7xx_hal_wwdg.o
LOAD C:/PROGRA~3/MATLAB/SUPPOR~1/R2018a/3P778C~1.INS/MBEDLI~1.INS/0F0230~1/TARGET_DISCO_F769NI/TOOLCHAIN_GCC_ARM/stm32f7xx_ll_adc.o
LOAD C:/PROGRA~3/MATLAB/SUPPOR~1/R2018a/3P778C~1.INS/MBEDLI~1.INS/0F0230~1/TARGET_DISCO_F769NI/TOOLCHAIN_GCC_ARM/stm32f7xx_ll_crc.o
LOAD C:/PROGRA~3/MATLAB/SUPPOR~1/R2018a/3P778C~1.INS/MBEDLI~1.INS/0F0230~1/TARGET_DISCO_F769NI/TOOLCHAIN_GCC_ARM/stm32f7xx_ll_dac.o
LOAD C:/PROGRA~3/MATLAB/SUPPOR~1/R2018a/3P778C~1.INS/MBEDLI~1.INS/0F0230~1/TARGET_DISCO_F769NI/TOOLCHAIN_GCC_ARM/stm32f7xx_ll_dma.o
LOAD C:/PROGRA~3/MATLAB/SUPPOR~1/R2018a/3P778C~1.INS/MBEDLI~1.INS/0F0230~1/TARGET_DISCO_F769NI/TOOLCHAIN_GCC_ARM/stm32f7xx_ll_dma2d.o
LOAD C:/PROGRA~3/MATLAB/SUPPOR~1/R2018a/3P778C~1.INS/MBEDLI~1.INS/0F0230~1/TARGET_DISCO_F769NI/TOOLCHAIN_GCC_ARM/stm32f7xx_ll_exti.o
LOAD C:/PROGRA~3/MATLAB/SUPPOR~1/R2018a/3P778C~1.INS/MBEDLI~1.INS/0F0230~1/TARGET_DISCO_F769NI/TOOLCHAIN_GCC_ARM/stm32f7xx_ll_fmc.o
LOAD C:/PROGRA~3/MATLAB/SUPPOR~1/R2018a/3P778C~1.INS/MBEDLI~1.INS/0F0230~1/TARGET_DISCO_F769NI/TOOLCHAIN_GCC_ARM/stm32f7xx_ll_gpio.o
LOAD C:/PROGRA~3/MATLAB/SUPPOR~1/R2018a/3P778C~1.INS/MBEDLI~1.INS/0F0230~1/TARGET_DISCO_F769NI/TOOLCHAIN_GCC_ARM/stm32f7xx_ll_i2c.o
LOAD C:/PROGRA~3/MATLAB/SUPPOR~1/R2018a/3P778C~1.INS/MBEDLI~1.INS/0F0230~1/TARGET_DISCO_F769NI/TOOLCHAIN_GCC_ARM/stm32f7xx_ll_lptim.o
LOAD C:/PROGRA~3/MATLAB/SUPPOR~1/R2018a/3P778C~1.INS/MBEDLI~1.INS/0F0230~1/TARGET_DISCO_F769NI/TOOLCHAIN_GCC_ARM/stm32f7xx_ll_pwr.o
LOAD C:/PROGRA~3/MATLAB/SUPPOR~1/R2018a/3P778C~1.INS/MBEDLI~1.INS/0F0230~1/TARGET_DISCO_F769NI/TOOLCHAIN_GCC_ARM/stm32f7xx_ll_rcc.o
LOAD C:/PROGRA~3/MATLAB/SUPPOR~1/R2018a/3P778C~1.INS/MBEDLI~1.INS/0F0230~1/TARGET_DISCO_F769NI/TOOLCHAIN_GCC_ARM/stm32f7xx_ll_rng.o
LOAD C:/PROGRA~3/MATLAB/SUPPOR~1/R2018a/3P778C~1.INS/MBEDLI~1.INS/0F0230~1/TARGET_DISCO_F769NI/TOOLCHAIN_GCC_ARM/stm32f7xx_ll_rtc.o
LOAD C:/PROGRA~3/MATLAB/SUPPOR~1/R2018a/3P778C~1.INS/MBEDLI~1.INS/0F0230~1/TARGET_DISCO_F769NI/TOOLCHAIN_GCC_ARM/stm32f7xx_ll_sdmmc.o
LOAD C:/PROGRA~3/MATLAB/SUPPOR~1/R2018a/3P778C~1.INS/MBEDLI~1.INS/0F0230~1/TARGET_DISCO_F769NI/TOOLCHAIN_GCC_ARM/stm32f7xx_ll_spi.o
LOAD C:/PROGRA~3/MATLAB/SUPPOR~1/R2018a/3P778C~1.INS/MBEDLI~1.INS/0F0230~1/TARGET_DISCO_F769NI/TOOLCHAIN_GCC_ARM/stm32f7xx_ll_tim.o
LOAD C:/PROGRA~3/MATLAB/SUPPOR~1/R2018a/3P778C~1.INS/MBEDLI~1.INS/0F0230~1/TARGET_DISCO_F769NI/TOOLCHAIN_GCC_ARM/stm32f7xx_ll_usart.o
LOAD C:/PROGRA~3/MATLAB/SUPPOR~1/R2018a/3P778C~1.INS/MBEDLI~1.INS/0F0230~1/TARGET_DISCO_F769NI/TOOLCHAIN_GCC_ARM/stm32f7xx_ll_usb.o
LOAD C:/PROGRA~3/MATLAB/SUPPOR~1/R2018a/3P778C~1.INS/MBEDLI~1.INS/0F0230~1/TARGET_DISCO_F769NI/TOOLCHAIN_GCC_ARM/stm32f7xx_ll_utils.o
LOAD C:/PROGRA~3/MATLAB/SUPPOR~1/R2018a/3P778C~1.INS/MBEDLI~1.INS/0F0230~1/TARGET_DISCO_F769NI/TOOLCHAIN_GCC_ARM/stm_spi_api.o
LOAD C:/PROGRA~3/MATLAB/SUPPOR~1/R2018a/3P778C~1.INS/MBEDLI~1.INS/0F0230~1/TARGET_DISCO_F769NI/TOOLCHAIN_GCC_ARM/system_stm32f7xx.o
LOAD C:/PROGRA~3/MATLAB/SUPPOR~1/R2018a/3P778C~1.INS/MBEDLI~1.INS/0F0230~1/TARGET_DISCO_F769NI/TOOLCHAIN_GCC_ARM/trng_api.o
LOAD C:/PROGRA~3/MATLAB/SUPPOR~1/R2018a/3P778C~1.INS/MBEDLI~1.INS/0F0230~1/TARGET_DISCO_F769NI/TOOLCHAIN_GCC_ARM/us_ticker_16b.o
LOAD C:/PROGRA~3/MATLAB/SUPPOR~1/R2018a/3P778C~1.INS/MBEDLI~1.INS/0F0230~1/TARGET_DISCO_F769NI/TOOLCHAIN_GCC_ARM/us_ticker_32b.o
LOAD stm32f7_audio_wrapper.o
LOAD stm32f769i_discovery.o
LOAD stm32f769i_discovery_audio.o
LOAD wm8994.o
LOAD MW_digitalIO.o
LOAD STM32_FIR_wrap_sym.o
LOAD STM32_FIR_wrap_sym_data.o
LOAD rtGetInf.o
LOAD rtGetNaN.o
LOAD rt_nonfinite.o
LOAD ext_svr.o
LOAD updown.o
LOAD ext_work.o
LOAD rtiostream_utils.o
LOAD stm32f769i_init_board.o
LOAD mw_mbed_interface.o
LOAD BufferedSerial.o
LOAD SysTickScheduler.o
LOAD m3m4m4f_multitasking.o
LOAD ext_serial_pkt.o
LOAD rtiostream_serial_interface.o
LOAD ext_svr_serial_transport.o
LOAD rtiostream_serial_mbed.o
LOAD ert_main.o
LOAD C:/ProgramData/MATLAB/SupportPackages/R2018a/3P.instrset/mbedlibrary-stm.instrset/0f02307a0877/TARGET_DISCO_F769NI/TOOLCHAIN_GCC_ARM/libmbed.a
LOAD C:/ProgramData/MATLAB/SupportPackages/R2018a/3P.instrset/cmsis.instrset/CMSIS/Lib/GCC/libarm_cortexM7l_math.a
LOAD c:/progra~3/matlab/suppor~1/r2018a/3p778c~1.ins/gnuarm~1.ins/bin/../lib/gcc/arm-none-eabi/5.2.1/../../../../arm-none-eabi/lib/armv7e-m/softfp/fpv5-d16\libstdc++_nano.a
LOAD c:/progra~3/matlab/suppor~1/r2018a/3p778c~1.ins/gnuarm~1.ins/bin/../lib/gcc/arm-none-eabi/5.2.1/../../../../arm-none-eabi/lib/armv7e-m/softfp/fpv5-d16\libm.a
START GROUP
LOAD c:/progra~3/matlab/suppor~1/r2018a/3p778c~1.ins/gnuarm~1.ins/bin/../lib/gcc/arm-none-eabi/5.2.1/armv7e-m/softfp/fpv5-d16\libgcc.a
LOAD c:/progra~3/matlab/suppor~1/r2018a/3p778c~1.ins/gnuarm~1.ins/bin/../lib/gcc/arm-none-eabi/5.2.1/../../../../arm-none-eabi/lib/armv7e-m/softfp/fpv5-d16\libc_nano.a
END GROUP
START GROUP
LOAD c:/progra~3/matlab/suppor~1/r2018a/3p778c~1.ins/gnuarm~1.ins/bin/../lib/gcc/arm-none-eabi/5.2.1/armv7e-m/softfp/fpv5-d16\libgcc.a
LOAD c:/progra~3/matlab/suppor~1/r2018a/3p778c~1.ins/gnuarm~1.ins/bin/../lib/gcc/arm-none-eabi/5.2.1/../../../../arm-none-eabi/lib/armv7e-m/softfp/fpv5-d16\libc_nano.a
LOAD c:/progra~3/matlab/suppor~1/r2018a/3p778c~1.ins/gnuarm~1.ins/bin/../lib/gcc/arm-none-eabi/5.2.1/../../../../arm-none-eabi/lib/armv7e-m/softfp/fpv5-d16\libnosys.a
END GROUP
START GROUP
LOAD c:/progra~3/matlab/suppor~1/r2018a/3p778c~1.ins/gnuarm~1.ins/bin/../lib/gcc/arm-none-eabi/5.2.1/armv7e-m/softfp/fpv5-d16\libgcc.a
LOAD c:/progra~3/matlab/suppor~1/r2018a/3p778c~1.ins/gnuarm~1.ins/bin/../lib/gcc/arm-none-eabi/5.2.1/../../../../arm-none-eabi/lib/armv7e-m/softfp/fpv5-d16\libc_nano.a
LOAD c:/progra~3/matlab/suppor~1/r2018a/3p778c~1.ins/gnuarm~1.ins/bin/../lib/gcc/arm-none-eabi/5.2.1/../../../../arm-none-eabi/lib/armv7e-m/softfp/fpv5-d16\libnosys.a
END GROUP
LOAD c:/progra~3/matlab/suppor~1/r2018a/3p778c~1.ins/gnuarm~1.ins/bin/../lib/gcc/arm-none-eabi/5.2.1/armv7e-m/softfp/fpv5-d16/crtend.o
LOAD c:/progra~3/matlab/suppor~1/r2018a/3p778c~1.ins/gnuarm~1.ins/bin/../lib/gcc/arm-none-eabi/5.2.1/armv7e-m/softfp/fpv5-d16/crtn.o

.text           0x08000000    0x11aa0
 *(.isr_vector)
 .isr_vector    0x08000000      0x1f8 C:/PROGRA~3/MATLAB/SUPPOR~1/R2018a/3P778C~1.INS/MBEDLI~1.INS/0F0230~1/TARGET_DISCO_F769NI/TOOLCHAIN_GCC_ARM/startup_stm32f769xx.o
                0x08000000                g_pfnVectors
 *(.text*)
 .text          0x080001f8       0xa4 c:/progra~3/matlab/suppor~1/r2018a/3p778c~1.ins/gnuarm~1.ins/bin/../lib/gcc/arm-none-eabi/5.2.1/armv7e-m/softfp/fpv5-d16/crtbegin.o
 .text          0x0800029c       0x74 c:/progra~3/matlab/suppor~1/r2018a/3p778c~1.ins/gnuarm~1.ins/bin/../lib/gcc/arm-none-eabi/5.2.1/../../../../arm-none-eabi/lib/armv7e-m/softfp/fpv5-d16/crt0.o
                0x0800029c                _start
                0x0800029c                _mainCRTStartup
 .text.can_irq  0x08000310      0x108 C:/PROGRA~3/MATLAB/SUPPOR~1/R2018a/3P778C~1.INS/MBEDLI~1.INS/0F0230~1/TARGET_DISCO_F769NI/TOOLCHAIN_GCC_ARM/can_api.o
 .text.CAN1_SCE_IRQHandler
                0x08000418        0xc C:/PROGRA~3/MATLAB/SUPPOR~1/R2018a/3P778C~1.INS/MBEDLI~1.INS/0F0230~1/TARGET_DISCO_F769NI/TOOLCHAIN_GCC_ARM/can_api.o
                0x08000418                CAN1_SCE_IRQHandler
 .text.CAN1_TX_IRQHandler
                0x08000424        0x4 C:/PROGRA~3/MATLAB/SUPPOR~1/R2018a/3P778C~1.INS/MBEDLI~1.INS/0F0230~1/TARGET_DISCO_F769NI/TOOLCHAIN_GCC_ARM/can_api.o
                0x08000424                CAN1_TX_IRQHandler
 .text.CAN1_RX0_IRQHandler
                0x08000428        0x4 C:/PROGRA~3/MATLAB/SUPPOR~1/R2018a/3P778C~1.INS/MBEDLI~1.INS/0F0230~1/TARGET_DISCO_F769NI/TOOLCHAIN_GCC_ARM/can_api.o
                0x08000428                CAN1_RX0_IRQHandler
 .text.CAN2_SCE_IRQHandler
                0x0800042c        0xc C:/PROGRA~3/MATLAB/SUPPOR~1/R2018a/3P778C~1.INS/MBEDLI~1.INS/0F0230~1/TARGET_DISCO_F769NI/TOOLCHAIN_GCC_ARM/can_api.o
                0x0800042c                CAN2_SCE_IRQHandler
 .text.CAN2_TX_IRQHandler
                0x08000438        0x4 C:/PROGRA~3/MATLAB/SUPPOR~1/R2018a/3P778C~1.INS/MBEDLI~1.INS/0F0230~1/TARGET_DISCO_F769NI/TOOLCHAIN_GCC_ARM/can_api.o
                0x08000438                CAN2_TX_IRQHandler
 .text.CAN2_RX0_IRQHandler
                0x0800043c        0x4 C:/PROGRA~3/MATLAB/SUPPOR~1/R2018a/3P778C~1.INS/MBEDLI~1.INS/0F0230~1/TARGET_DISCO_F769NI/TOOLCHAIN_GCC_ARM/can_api.o
                0x0800043c                CAN2_RX0_IRQHandler
 .text.NVIC_SetVector
                0x08000440       0x40 C:/PROGRA~3/MATLAB/SUPPOR~1/R2018a/3P778C~1.INS/MBEDLI~1.INS/0F0230~1/TARGET_DISCO_F769NI/TOOLCHAIN_GCC_ARM/cmsis_nvic.o
                0x08000440                NVIC_SetVector
 .text.Set_GPIO_Clock
                0x08000480      0x164 C:/PROGRA~3/MATLAB/SUPPOR~1/R2018a/3P778C~1.INS/MBEDLI~1.INS/0F0230~1/TARGET_DISCO_F769NI/TOOLCHAIN_GCC_ARM/gpio_api.o
                0x08000480                Set_GPIO_Clock
 .text.gpio_set
                0x080005e4       0x2c C:/PROGRA~3/MATLAB/SUPPOR~1/R2018a/3P778C~1.INS/MBEDLI~1.INS/0F0230~1/TARGET_DISCO_F769NI/TOOLCHAIN_GCC_ARM/gpio_api.o
                0x080005e4                gpio_set
 .text.gpio_init
                0x08000610       0x40 C:/PROGRA~3/MATLAB/SUPPOR~1/R2018a/3P778C~1.INS/MBEDLI~1.INS/0F0230~1/TARGET_DISCO_F769NI/TOOLCHAIN_GCC_ARM/gpio_api.o
                0x08000610                gpio_init
 .text.gpio_mode
                0x08000650        0x8 C:/PROGRA~3/MATLAB/SUPPOR~1/R2018a/3P778C~1.INS/MBEDLI~1.INS/0F0230~1/TARGET_DISCO_F769NI/TOOLCHAIN_GCC_ARM/gpio_api.o
                0x08000650                gpio_mode
 .text.gpio_dir
                0x08000658       0x52 C:/PROGRA~3/MATLAB/SUPPOR~1/R2018a/3P778C~1.INS/MBEDLI~1.INS/0F0230~1/TARGET_DISCO_F769NI/TOOLCHAIN_GCC_ARM/gpio_api.o
                0x08000658                gpio_dir
 *fill*         0x080006aa        0x2 
 .text.timer_irq_handler
                0x080006ac       0x58 C:/PROGRA~3/MATLAB/SUPPOR~1/R2018a/3P778C~1.INS/MBEDLI~1.INS/0F0230~1/TARGET_DISCO_F769NI/TOOLCHAIN_GCC_ARM/hal_tick_32b.o
                0x080006ac                timer_irq_handler
 .text.HAL_InitTick
                0x08000704       0xbc C:/PROGRA~3/MATLAB/SUPPOR~1/R2018a/3P778C~1.INS/MBEDLI~1.INS/0F0230~1/TARGET_DISCO_F769NI/TOOLCHAIN_GCC_ARM/hal_tick_32b.o
                0x08000704                HAL_InitTick
 .text.mbed_die
                0x080007c0       0x14 C:/PROGRA~3/MATLAB/SUPPOR~1/R2018a/3P778C~1.INS/MBEDLI~1.INS/0F0230~1/TARGET_DISCO_F769NI/TOOLCHAIN_GCC_ARM/mbed_board.o
                0x080007c0                mbed_die
 .text.mbed_error_vfprintf
                0x080007d4       0x54 C:/PROGRA~3/MATLAB/SUPPOR~1/R2018a/3P778C~1.INS/MBEDLI~1.INS/0F0230~1/TARGET_DISCO_F769NI/TOOLCHAIN_GCC_ARM/mbed_board.o
                0x080007d4                mbed_error_vfprintf
 .text.mbed_error_printf
                0x08000828       0x1a C:/PROGRA~3/MATLAB/SUPPOR~1/R2018a/3P778C~1.INS/MBEDLI~1.INS/0F0230~1/TARGET_DISCO_F769NI/TOOLCHAIN_GCC_ARM/mbed_board.o
                0x08000828                mbed_error_printf
 .text.mbed_sdk_init
                0x08000842        0xe C:/PROGRA~3/MATLAB/SUPPOR~1/R2018a/3P778C~1.INS/MBEDLI~1.INS/0F0230~1/TARGET_DISCO_F769NI/TOOLCHAIN_GCC_ARM/mbed_overrides.o
                0x08000842                mbed_sdk_init
 .text.HAL_Delay
                0x08000850       0x20 C:/PROGRA~3/MATLAB/SUPPOR~1/R2018a/3P778C~1.INS/MBEDLI~1.INS/0F0230~1/TARGET_DISCO_F769NI/TOOLCHAIN_GCC_ARM/mbed_overrides.o
                0x08000850                HAL_Delay
 .text._ZL11init_serialv
                0x08000870       0x2c C:/PROGRA~3/MATLAB/SUPPOR~1/R2018a/3P778C~1.INS/MBEDLI~1.INS/0F0230~1/TARGET_DISCO_F769NI/TOOLCHAIN_GCC_ARM/mbed_retarget.o
 .text._close   0x0800089c       0x40 C:/PROGRA~3/MATLAB/SUPPOR~1/R2018a/3P778C~1.INS/MBEDLI~1.INS/0F0230~1/TARGET_DISCO_F769NI/TOOLCHAIN_GCC_ARM/mbed_retarget.o
                0x0800089c                _close
 .text._write   0x080008dc       0x6c C:/PROGRA~3/MATLAB/SUPPOR~1/R2018a/3P778C~1.INS/MBEDLI~1.INS/0F0230~1/TARGET_DISCO_F769NI/TOOLCHAIN_GCC_ARM/mbed_retarget.o
                0x080008dc                _write
 .text._read    0x08000948       0x60 C:/PROGRA~3/MATLAB/SUPPOR~1/R2018a/3P778C~1.INS/MBEDLI~1.INS/0F0230~1/TARGET_DISCO_F769NI/TOOLCHAIN_GCC_ARM/mbed_retarget.o
                0x08000948                _read
 .text._isatty  0x080009a8       0x40 C:/PROGRA~3/MATLAB/SUPPOR~1/R2018a/3P778C~1.INS/MBEDLI~1.INS/0F0230~1/TARGET_DISCO_F769NI/TOOLCHAIN_GCC_ARM/mbed_retarget.o
                0x080009a8                _isatty
 .text._lseek   0x080009e8       0x3c C:/PROGRA~3/MATLAB/SUPPOR~1/R2018a/3P778C~1.INS/MBEDLI~1.INS/0F0230~1/TARGET_DISCO_F769NI/TOOLCHAIN_GCC_ARM/mbed_retarget.o
                0x080009e8                _lseek
 .text._fstat   0x08000a24       0x1e C:/PROGRA~3/MATLAB/SUPPOR~1/R2018a/3P778C~1.INS/MBEDLI~1.INS/0F0230~1/TARGET_DISCO_F769NI/TOOLCHAIN_GCC_ARM/mbed_retarget.o
                0x08000a24                _fstat
 .text.__cxa_pure_virtual
                0x08000a42        0x8 C:/PROGRA~3/MATLAB/SUPPOR~1/R2018a/3P778C~1.INS/MBEDLI~1.INS/0F0230~1/TARGET_DISCO_F769NI/TOOLCHAIN_GCC_ARM/mbed_retarget.o
                0x08000a42                __cxa_pure_virtual
 .text.software_init_hook_rtos
                0x08000a4a        0x2 C:/PROGRA~3/MATLAB/SUPPOR~1/R2018a/3P778C~1.INS/MBEDLI~1.INS/0F0230~1/TARGET_DISCO_F769NI/TOOLCHAIN_GCC_ARM/mbed_retarget.o
                0x08000a4a                software_init_hook_rtos
 .text.software_init_hook
                0x08000a4c        0xc C:/PROGRA~3/MATLAB/SUPPOR~1/R2018a/3P778C~1.INS/MBEDLI~1.INS/0F0230~1/TARGET_DISCO_F769NI/TOOLCHAIN_GCC_ARM/mbed_retarget.o
                0x08000a4c                software_init_hook
 .text._sbrk    0x08000a58       0x44 C:/PROGRA~3/MATLAB/SUPPOR~1/R2018a/3P778C~1.INS/MBEDLI~1.INS/0F0230~1/TARGET_DISCO_F769NI/TOOLCHAIN_GCC_ARM/mbed_retarget.o
                0x08000a58                _sbrk
 .text._exit    0x08000a9c       0x24 C:/PROGRA~3/MATLAB/SUPPOR~1/R2018a/3P778C~1.INS/MBEDLI~1.INS/0F0230~1/TARGET_DISCO_F769NI/TOOLCHAIN_GCC_ARM/mbed_retarget.o
                0x08000a9c                _exit
 .text.__aeabi_atexit
                0x08000ac0        0x4 C:/PROGRA~3/MATLAB/SUPPOR~1/R2018a/3P778C~1.INS/MBEDLI~1.INS/0F0230~1/TARGET_DISCO_F769NI/TOOLCHAIN_GCC_ARM/mbed_retarget.o
                0x08000ac0                __aeabi_atexit
 .text._ZN4mbed26mbed_set_unbuffered_streamEP7__sFILE
                0x08000ac4        0x6 C:/PROGRA~3/MATLAB/SUPPOR~1/R2018a/3P778C~1.INS/MBEDLI~1.INS/0F0230~1/TARGET_DISCO_F769NI/TOOLCHAIN_GCC_ARM/mbed_retarget.o
                0x08000ac4                mbed::mbed_set_unbuffered_stream(__sFILE*)
 *fill*         0x08000aca        0x2 
 .text._Znwj    0x08000acc       0x18 C:/PROGRA~3/MATLAB/SUPPOR~1/R2018a/3P778C~1.INS/MBEDLI~1.INS/0F0230~1/TARGET_DISCO_F769NI/TOOLCHAIN_GCC_ARM/mbed_retarget.o
                0x08000acc                operator new(unsigned int)
 .text._Znaj    0x08000ae4       0x18 C:/PROGRA~3/MATLAB/SUPPOR~1/R2018a/3P778C~1.INS/MBEDLI~1.INS/0F0230~1/TARGET_DISCO_F769NI/TOOLCHAIN_GCC_ARM/mbed_retarget.o
                0x08000ae4                operator new[](unsigned int)
 .text._ZdaPv   0x08000afc        0x8 C:/PROGRA~3/MATLAB/SUPPOR~1/R2018a/3P778C~1.INS/MBEDLI~1.INS/0F0230~1/TARGET_DISCO_F769NI/TOOLCHAIN_GCC_ARM/mbed_retarget.o
                0x08000afc                operator delete[](void*)
 .text._ZdlPv   0x08000b04        0x4 C:/PROGRA~3/MATLAB/SUPPOR~1/R2018a/3P778C~1.INS/MBEDLI~1.INS/0F0230~1/TARGET_DISCO_F769NI/TOOLCHAIN_GCC_ARM/mbed_retarget.o
                0x08000b04                operator delete(void*)
 .text._ZN12SingletonPtrI13PlatformMutexE3getEv
                0x08000b08       0x2c C:/PROGRA~3/MATLAB/SUPPOR~1/R2018a/3P778C~1.INS/MBEDLI~1.INS/0F0230~1/TARGET_DISCO_F769NI/TOOLCHAIN_GCC_ARM/mbed_retarget.o
                0x08000b08                SingletonPtr<PlatformMutex>::get()
 .text._ZN4mbed17remove_filehandleEPNS_8FileLikeE
                0x08000b34       0x34 C:/PROGRA~3/MATLAB/SUPPOR~1/R2018a/3P778C~1.INS/MBEDLI~1.INS/0F0230~1/TARGET_DISCO_F769NI/TOOLCHAIN_GCC_ARM/mbed_retarget.o
                0x08000b34                mbed::remove_filehandle(mbed::FileLike*)
 .text._open    0x08000b68       0xf0 C:/PROGRA~3/MATLAB/SUPPOR~1/R2018a/3P778C~1.INS/MBEDLI~1.INS/0F0230~1/TARGET_DISCO_F769NI/TOOLCHAIN_GCC_ARM/mbed_retarget.o
                0x08000b68                _open
 .text.LL_GPIO_SetPinPull
                0x08000c58       0x2c C:/PROGRA~3/MATLAB/SUPPOR~1/R2018a/3P778C~1.INS/MBEDLI~1.INS/0F0230~1/TARGET_DISCO_F769NI/TOOLCHAIN_GCC_ARM/pinmap.o
 .text.stm_pin_PullConfig
                0x08000c84        0xe C:/PROGRA~3/MATLAB/SUPPOR~1/R2018a/3P778C~1.INS/MBEDLI~1.INS/0F0230~1/TARGET_DISCO_F769NI/TOOLCHAIN_GCC_ARM/pinmap.o
 *fill*         0x08000c92        0x2 
 .text.pin_function
                0x08000c94      0x134 C:/PROGRA~3/MATLAB/SUPPOR~1/R2018a/3P778C~1.INS/MBEDLI~1.INS/0F0230~1/TARGET_DISCO_F769NI/TOOLCHAIN_GCC_ARM/pinmap.o
                0x08000c94                pin_function
 .text.pin_mode
                0x08000dc8       0x88 C:/PROGRA~3/MATLAB/SUPPOR~1/R2018a/3P778C~1.INS/MBEDLI~1.INS/0F0230~1/TARGET_DISCO_F769NI/TOOLCHAIN_GCC_ARM/pinmap.o
                0x08000dc8                pin_mode
 .text.NVIC_DisableIRQ
                0x08000e50       0x24 C:/PROGRA~3/MATLAB/SUPPOR~1/R2018a/3P778C~1.INS/MBEDLI~1.INS/0F0230~1/TARGET_DISCO_F769NI/TOOLCHAIN_GCC_ARM/serial_api.o
 .text.init_uart
                0x08000e74       0x6c C:/PROGRA~3/MATLAB/SUPPOR~1/R2018a/3P778C~1.INS/MBEDLI~1.INS/0F0230~1/TARGET_DISCO_F769NI/TOOLCHAIN_GCC_ARM/serial_api.o
 .text.uart_irq
                0x08000ee0       0x7c C:/PROGRA~3/MATLAB/SUPPOR~1/R2018a/3P778C~1.INS/MBEDLI~1.INS/0F0230~1/TARGET_DISCO_F769NI/TOOLCHAIN_GCC_ARM/serial_api.o
 .text.uart1_irq
                0x08000f5c        0x6 C:/PROGRA~3/MATLAB/SUPPOR~1/R2018a/3P778C~1.INS/MBEDLI~1.INS/0F0230~1/TARGET_DISCO_F769NI/TOOLCHAIN_GCC_ARM/serial_api.o
 .text.uart2_irq
                0x08000f62        0x6 C:/PROGRA~3/MATLAB/SUPPOR~1/R2018a/3P778C~1.INS/MBEDLI~1.INS/0F0230~1/TARGET_DISCO_F769NI/TOOLCHAIN_GCC_ARM/serial_api.o
 .text.uart3_irq
                0x08000f68        0x6 C:/PROGRA~3/MATLAB/SUPPOR~1/R2018a/3P778C~1.INS/MBEDLI~1.INS/0F0230~1/TARGET_DISCO_F769NI/TOOLCHAIN_GCC_ARM/serial_api.o
 .text.uart4_irq
                0x08000f6e        0x6 C:/PROGRA~3/MATLAB/SUPPOR~1/R2018a/3P778C~1.INS/MBEDLI~1.INS/0F0230~1/TARGET_DISCO_F769NI/TOOLCHAIN_GCC_ARM/serial_api.o
 .text.uart5_irq
                0x08000f74        0x6 C:/PROGRA~3/MATLAB/SUPPOR~1/R2018a/3P778C~1.INS/MBEDLI~1.INS/0F0230~1/TARGET_DISCO_F769NI/TOOLCHAIN_GCC_ARM/serial_api.o
 .text.uart6_irq
                0x08000f7a        0x6 C:/PROGRA~3/MATLAB/SUPPOR~1/R2018a/3P778C~1.INS/MBEDLI~1.INS/0F0230~1/TARGET_DISCO_F769NI/TOOLCHAIN_GCC_ARM/serial_api.o
 .text.uart7_irq
                0x08000f80        0x6 C:/PROGRA~3/MATLAB/SUPPOR~1/R2018a/3P778C~1.INS/MBEDLI~1.INS/0F0230~1/TARGET_DISCO_F769NI/TOOLCHAIN_GCC_ARM/serial_api.o
 .text.uart8_irq
                0x08000f86        0x6 C:/PROGRA~3/MATLAB/SUPPOR~1/R2018a/3P778C~1.INS/MBEDLI~1.INS/0F0230~1/TARGET_DISCO_F769NI/TOOLCHAIN_GCC_ARM/serial_api.o
 .text.serial_init
                0x08000f8c      0x244 C:/PROGRA~3/MATLAB/SUPPOR~1/R2018a/3P778C~1.INS/MBEDLI~1.INS/0F0230~1/TARGET_DISCO_F769NI/TOOLCHAIN_GCC_ARM/serial_api.o
                0x08000f8c                serial_init
 .text.serial_baud
                0x080011d0        0x6 C:/PROGRA~3/MATLAB/SUPPOR~1/R2018a/3P778C~1.INS/MBEDLI~1.INS/0F0230~1/TARGET_DISCO_F769NI/TOOLCHAIN_GCC_ARM/serial_api.o
                0x080011d0                serial_baud
 *fill*         0x080011d6        0x2 
 .text.serial_irq_handler
                0x080011d8       0x18 C:/PROGRA~3/MATLAB/SUPPOR~1/R2018a/3P778C~1.INS/MBEDLI~1.INS/0F0230~1/TARGET_DISCO_F769NI/TOOLCHAIN_GCC_ARM/serial_api.o
                0x080011d8                serial_irq_handler
 .text.serial_irq_set
                0x080011f0      0x10c C:/PROGRA~3/MATLAB/SUPPOR~1/R2018a/3P778C~1.INS/MBEDLI~1.INS/0F0230~1/TARGET_DISCO_F769NI/TOOLCHAIN_GCC_ARM/serial_api.o
                0x080011f0                serial_irq_set
 .text.serial_readable
                0x080012fc       0x18 C:/PROGRA~3/MATLAB/SUPPOR~1/R2018a/3P778C~1.INS/MBEDLI~1.INS/0F0230~1/TARGET_DISCO_F769NI/TOOLCHAIN_GCC_ARM/serial_api.o
                0x080012fc                serial_readable
 .text.serial_getc
                0x08001314       0x24 C:/PROGRA~3/MATLAB/SUPPOR~1/R2018a/3P778C~1.INS/MBEDLI~1.INS/0F0230~1/TARGET_DISCO_F769NI/TOOLCHAIN_GCC_ARM/serial_api.o
                0x08001314                serial_getc
 .text.serial_writable
                0x08001338       0x18 C:/PROGRA~3/MATLAB/SUPPOR~1/R2018a/3P778C~1.INS/MBEDLI~1.INS/0F0230~1/TARGET_DISCO_F769NI/TOOLCHAIN_GCC_ARM/serial_api.o
                0x08001338                serial_writable
 .text.serial_putc
                0x08001350       0x24 C:/PROGRA~3/MATLAB/SUPPOR~1/R2018a/3P778C~1.INS/MBEDLI~1.INS/0F0230~1/TARGET_DISCO_F769NI/TOOLCHAIN_GCC_ARM/serial_api.o
                0x08001350                serial_putc
 .text.Reset_Handler
                0x08001374       0x34 C:/PROGRA~3/MATLAB/SUPPOR~1/R2018a/3P778C~1.INS/MBEDLI~1.INS/0F0230~1/TARGET_DISCO_F769NI/TOOLCHAIN_GCC_ARM/startup_stm32f769xx.o
                0x08001374                Reset_Handler
 .text.Default_Handler
                0x080013a8        0x2 C:/PROGRA~3/MATLAB/SUPPOR~1/R2018a/3P778C~1.INS/MBEDLI~1.INS/0F0230~1/TARGET_DISCO_F769NI/TOOLCHAIN_GCC_ARM/startup_stm32f769xx.o
                0x080013a8                RTC_Alarm_IRQHandler
                0x080013a8                EXTI2_IRQHandler
                0x080013a8                TIM8_CC_IRQHandler
                0x080013a8                DebugMon_Handler
                0x080013a8                UART8_IRQHandler
                0x080013a8                SPI4_IRQHandler
                0x080013a8                TIM1_CC_IRQHandler
                0x080013a8                HardFault_Handler
                0x080013a8                JPEG_IRQHandler
                0x080013a8                DMA1_Stream5_IRQHandler
                0x080013a8                CAN3_RX1_IRQHandler
                0x080013a8                PVD_IRQHandler
                0x080013a8                TAMP_STAMP_IRQHandler
                0x080013a8                PendSV_Handler
                0x080013a8                NMI_Handler
                0x080013a8                CAN2_RX1_IRQHandler
                0x080013a8                EXTI3_IRQHandler
                0x080013a8                TIM8_TRG_COM_TIM14_IRQHandler
                0x080013a8                DFSDM1_FLT1_IRQHandler
                0x080013a8                TIM1_UP_TIM10_IRQHandler
                0x080013a8                TIM8_UP_TIM13_IRQHandler
                0x080013a8                I2C3_ER_IRQHandler
                0x080013a8                DFSDM1_FLT2_IRQHandler
                0x080013a8                EXTI0_IRQHandler
                0x080013a8                I2C2_EV_IRQHandler
                0x080013a8                DMA1_Stream2_IRQHandler
                0x080013a8                FPU_IRQHandler
                0x080013a8                OTG_HS_WKUP_IRQHandler
                0x080013a8                CAN3_SCE_IRQHandler
                0x080013a8                UsageFault_Handler
                0x080013a8                LTDC_ER_IRQHandler
                0x080013a8                DMA2_Stream2_IRQHandler
                0x080013a8                SPI1_IRQHandler
                0x080013a8                TIM6_DAC_IRQHandler
                0x080013a8                TIM1_BRK_TIM9_IRQHandler
                0x080013a8                DCMI_IRQHandler
                0x080013a8                DMA2_Stream3_IRQHandler
                0x080013a8                SAI2_IRQHandler
                0x080013a8                DFSDM1_FLT3_IRQHandler
                0x080013a8                USART6_IRQHandler
                0x080013a8                CAN3_RX0_IRQHandler
                0x080013a8                USART3_IRQHandler
                0x080013a8                CAN1_RX1_IRQHandler
                0x080013a8                UART5_IRQHandler
                0x080013a8                TIM4_IRQHandler
                0x080013a8                QUADSPI_IRQHandler
                0x080013a8                I2C1_EV_IRQHandler
                0x080013a8                DMA1_Stream6_IRQHandler
                0x080013a8                DMA1_Stream1_IRQHandler
                0x080013a8                UART4_IRQHandler
                0x080013a8                TIM3_IRQHandler
                0x080013a8                RCC_IRQHandler
                0x080013a8                TIM8_BRK_TIM12_IRQHandler
                0x080013a8                Default_Handler
                0x080013a8                CEC_IRQHandler
                0x080013a8                EXTI15_10_IRQHandler
                0x080013a8                ADC_IRQHandler
                0x080013a8                DMA1_Stream7_IRQHandler
                0x080013a8                SPI5_IRQHandler
                0x080013a8                TIM7_IRQHandler
                0x080013a8                SDMMC1_IRQHandler
                0x080013a8                TIM5_IRQHandler
                0x080013a8                I2C3_EV_IRQHandler
                0x080013a8                EXTI9_5_IRQHandler
                0x080013a8                RTC_WKUP_IRQHandler
                0x080013a8                LTDC_IRQHandler
                0x080013a8                ETH_WKUP_IRQHandler
                0x080013a8                SPDIF_RX_IRQHandler
                0x080013a8                SPI2_IRQHandler
                0x080013a8                OTG_HS_EP1_IN_IRQHandler
                0x080013a8                MemManage_Handler
                0x080013a8                DMA1_Stream0_IRQHandler
                0x080013a8                EXTI4_IRQHandler
                0x080013a8                RNG_IRQHandler
                0x080013a8                DSI_IRQHandler
                0x080013a8                ETH_IRQHandler
                0x080013a8                OTG_HS_EP1_OUT_IRQHandler
                0x080013a8                WWDG_IRQHandler
                0x080013a8                SPI6_IRQHandler
                0x080013a8                MDIOS_IRQHandler
                0x080013a8                I2C4_EV_IRQHandler
                0x080013a8                CAN3_TX_IRQHandler
                0x080013a8                TIM2_IRQHandler
                0x080013a8                OTG_FS_WKUP_IRQHandler
                0x080013a8                TIM1_TRG_COM_TIM11_IRQHandler
                0x080013a8                OTG_HS_IRQHandler
                0x080013a8                DMA2D_IRQHandler
                0x080013a8                EXTI1_IRQHandler
                0x080013a8                SDMMC2_IRQHandler
                0x080013a8                UART7_IRQHandler
                0x080013a8                USART2_IRQHandler
                0x080013a8                DFSDM1_FLT0_IRQHandler
                0x080013a8                I2C2_ER_IRQHandler
                0x080013a8                FLASH_IRQHandler
                0x080013a8                BusFault_Handler
                0x080013a8                USART1_IRQHandler
                0x080013a8                OTG_FS_IRQHandler
                0x080013a8                SPI3_IRQHandler
                0x080013a8                DMA1_Stream4_IRQHandler
                0x080013a8                I2C1_ER_IRQHandler
                0x080013a8                FMC_IRQHandler
                0x080013a8                LPTIM1_IRQHandler
                0x080013a8                I2C4_ER_IRQHandler
                0x080013a8                SAI1_IRQHandler
                0x080013a8                DMA1_Stream3_IRQHandler
 .text.HAL_MspInit
                0x080013aa        0x2 C:/PROGRA~3/MATLAB/SUPPOR~1/R2018a/3P778C~1.INS/MBEDLI~1.INS/0F0230~1/TARGET_DISCO_F769NI/TOOLCHAIN_GCC_ARM/stm32f7xx_hal.o
                0x080013aa                HAL_MspInit
 .text.HAL_Init
                0x080013ac       0x24 C:/PROGRA~3/MATLAB/SUPPOR~1/R2018a/3P778C~1.INS/MBEDLI~1.INS/0F0230~1/TARGET_DISCO_F769NI/TOOLCHAIN_GCC_ARM/stm32f7xx_hal.o
                0x080013ac                HAL_Init
 .text.HAL_IncTick
                0x080013d0       0x10 C:/PROGRA~3/MATLAB/SUPPOR~1/R2018a/3P778C~1.INS/MBEDLI~1.INS/0F0230~1/TARGET_DISCO_F769NI/TOOLCHAIN_GCC_ARM/stm32f7xx_hal.o
                0x080013d0                HAL_IncTick
 .text.HAL_GetTick
                0x080013e0        0xc C:/PROGRA~3/MATLAB/SUPPOR~1/R2018a/3P778C~1.INS/MBEDLI~1.INS/0F0230~1/TARGET_DISCO_F769NI/TOOLCHAIN_GCC_ARM/stm32f7xx_hal.o
                0x080013e0                HAL_GetTick
 .text.HAL_NVIC_SetPriorityGrouping
                0x080013ec       0x24 C:/PROGRA~3/MATLAB/SUPPOR~1/R2018a/3P778C~1.INS/MBEDLI~1.INS/0F0230~1/TARGET_DISCO_F769NI/TOOLCHAIN_GCC_ARM/stm32f7xx_hal_cortex.o
                0x080013ec                HAL_NVIC_SetPriorityGrouping
 .text.HAL_NVIC_SetPriority
                0x08001410       0x70 C:/PROGRA~3/MATLAB/SUPPOR~1/R2018a/3P778C~1.INS/MBEDLI~1.INS/0F0230~1/TARGET_DISCO_F769NI/TOOLCHAIN_GCC_ARM/stm32f7xx_hal_cortex.o
                0x08001410                HAL_NVIC_SetPriority
 .text.HAL_NVIC_EnableIRQ
                0x08001480       0x18 C:/PROGRA~3/MATLAB/SUPPOR~1/R2018a/3P778C~1.INS/MBEDLI~1.INS/0F0230~1/TARGET_DISCO_F769NI/TOOLCHAIN_GCC_ARM/stm32f7xx_hal_cortex.o
                0x08001480                HAL_NVIC_EnableIRQ
 .text.DFSDM_RegConvStart
                0x08001498       0x58 C:/PROGRA~3/MATLAB/SUPPOR~1/R2018a/3P778C~1.INS/MBEDLI~1.INS/0F0230~1/TARGET_DISCO_F769NI/TOOLCHAIN_GCC_ARM/stm32f7xx_hal_dfsdm.o
 .text.DFSDM_RegConvStop
                0x080014f0       0x54 C:/PROGRA~3/MATLAB/SUPPOR~1/R2018a/3P778C~1.INS/MBEDLI~1.INS/0F0230~1/TARGET_DISCO_F769NI/TOOLCHAIN_GCC_ARM/stm32f7xx_hal_dfsdm.o
 .text.DFSDM_GetChannelFromInstance
                0x08001544       0x58 C:/PROGRA~3/MATLAB/SUPPOR~1/R2018a/3P778C~1.INS/MBEDLI~1.INS/0F0230~1/TARGET_DISCO_F769NI/TOOLCHAIN_GCC_ARM/stm32f7xx_hal_dfsdm.o
 .text.HAL_DFSDM_ChannelMspInit
                0x0800159c        0x2 C:/PROGRA~3/MATLAB/SUPPOR~1/R2018a/3P778C~1.INS/MBEDLI~1.INS/0F0230~1/TARGET_DISCO_F769NI/TOOLCHAIN_GCC_ARM/stm32f7xx_hal_dfsdm.o
                0x0800159c                HAL_DFSDM_ChannelMspInit
 *fill*         0x0800159e        0x2 
 .text.HAL_DFSDM_ChannelInit
                0x080015a0      0x11c C:/PROGRA~3/MATLAB/SUPPOR~1/R2018a/3P778C~1.INS/MBEDLI~1.INS/0F0230~1/TARGET_DISCO_F769NI/TOOLCHAIN_GCC_ARM/stm32f7xx_hal_dfsdm.o
                0x080015a0                HAL_DFSDM_ChannelInit
 .text.HAL_DFSDM_FilterMspInit
                0x080016bc        0x2 C:/PROGRA~3/MATLAB/SUPPOR~1/R2018a/3P778C~1.INS/MBEDLI~1.INS/0F0230~1/TARGET_DISCO_F769NI/TOOLCHAIN_GCC_ARM/stm32f7xx_hal_dfsdm.o
                0x080016bc                HAL_DFSDM_FilterMspInit
 *fill*         0x080016be        0x2 
 .text.HAL_DFSDM_FilterInit
                0x080016c0       0xf4 C:/PROGRA~3/MATLAB/SUPPOR~1/R2018a/3P778C~1.INS/MBEDLI~1.INS/0F0230~1/TARGET_DISCO_F769NI/TOOLCHAIN_GCC_ARM/stm32f7xx_hal_dfsdm.o
                0x080016c0                HAL_DFSDM_FilterInit
 .text.HAL_DFSDM_FilterConfigRegChannel
                0x080017b4       0x3a C:/PROGRA~3/MATLAB/SUPPOR~1/R2018a/3P778C~1.INS/MBEDLI~1.INS/0F0230~1/TARGET_DISCO_F769NI/TOOLCHAIN_GCC_ARM/stm32f7xx_hal_dfsdm.o
                0x080017b4                HAL_DFSDM_FilterConfigRegChannel
 *fill*         0x080017ee        0x2 
 .text.HAL_DFSDM_FilterRegularStart_DMA
                0x080017f0       0x80 C:/PROGRA~3/MATLAB/SUPPOR~1/R2018a/3P778C~1.INS/MBEDLI~1.INS/0F0230~1/TARGET_DISCO_F769NI/TOOLCHAIN_GCC_ARM/stm32f7xx_hal_dfsdm.o
                0x080017f0                HAL_DFSDM_FilterRegularStart_DMA
 .text.HAL_DFSDM_FilterRegularStop_DMA
                0x08001870       0x2e C:/PROGRA~3/MATLAB/SUPPOR~1/R2018a/3P778C~1.INS/MBEDLI~1.INS/0F0230~1/TARGET_DISCO_F769NI/TOOLCHAIN_GCC_ARM/stm32f7xx_hal_dfsdm.o
                0x08001870                HAL_DFSDM_FilterRegularStop_DMA
 .text.DFSDM_DMARegularConvCplt
                0x0800189e        0xa C:/PROGRA~3/MATLAB/SUPPOR~1/R2018a/3P778C~1.INS/MBEDLI~1.INS/0F0230~1/TARGET_DISCO_F769NI/TOOLCHAIN_GCC_ARM/stm32f7xx_hal_dfsdm.o
 .text.DFSDM_DMARegularHalfConvCplt
                0x080018a8        0xa C:/PROGRA~3/MATLAB/SUPPOR~1/R2018a/3P778C~1.INS/MBEDLI~1.INS/0F0230~1/TARGET_DISCO_F769NI/TOOLCHAIN_GCC_ARM/stm32f7xx_hal_dfsdm.o
 .text.HAL_DFSDM_FilterErrorCallback
                0x080018b2        0x2 C:/PROGRA~3/MATLAB/SUPPOR~1/R2018a/3P778C~1.INS/MBEDLI~1.INS/0F0230~1/TARGET_DISCO_F769NI/TOOLCHAIN_GCC_ARM/stm32f7xx_hal_dfsdm.o
                0x080018b2                HAL_DFSDM_FilterErrorCallback
 .text.DFSDM_DMAError
                0x080018b4        0xe C:/PROGRA~3/MATLAB/SUPPOR~1/R2018a/3P778C~1.INS/MBEDLI~1.INS/0F0230~1/TARGET_DISCO_F769NI/TOOLCHAIN_GCC_ARM/stm32f7xx_hal_dfsdm.o
 *fill*         0x080018c2        0x2 
 .text.DMA_CalcBaseAndBitshift
                0x080018c4       0x2c C:/PROGRA~3/MATLAB/SUPPOR~1/R2018a/3P778C~1.INS/MBEDLI~1.INS/0F0230~1/TARGET_DISCO_F769NI/TOOLCHAIN_GCC_ARM/stm32f7xx_hal_dma.o
 .text.HAL_DMA_Init
                0x080018f0       0xfc C:/PROGRA~3/MATLAB/SUPPOR~1/R2018a/3P778C~1.INS/MBEDLI~1.INS/0F0230~1/TARGET_DISCO_F769NI/TOOLCHAIN_GCC_ARM/stm32f7xx_hal_dma.o
                0x080018f0                HAL_DMA_Init
 .text.HAL_DMA_DeInit
                0x080019ec       0x48 C:/PROGRA~3/MATLAB/SUPPOR~1/R2018a/3P778C~1.INS/MBEDLI~1.INS/0F0230~1/TARGET_DISCO_F769NI/TOOLCHAIN_GCC_ARM/stm32f7xx_hal_dma.o
                0x080019ec                HAL_DMA_DeInit
 .text.HAL_DMA_Start_IT
                0x08001a34       0x7a C:/PROGRA~3/MATLAB/SUPPOR~1/R2018a/3P778C~1.INS/MBEDLI~1.INS/0F0230~1/TARGET_DISCO_F769NI/TOOLCHAIN_GCC_ARM/stm32f7xx_hal_dma.o
                0x08001a34                HAL_DMA_Start_IT
 .text.HAL_DMA_Abort
                0x08001aae       0x86 C:/PROGRA~3/MATLAB/SUPPOR~1/R2018a/3P778C~1.INS/MBEDLI~1.INS/0F0230~1/TARGET_DISCO_F769NI/TOOLCHAIN_GCC_ARM/stm32f7xx_hal_dma.o
                0x08001aae                HAL_DMA_Abort
 .text.HAL_DMA_IRQHandler
                0x08001b34      0x17c C:/PROGRA~3/MATLAB/SUPPOR~1/R2018a/3P778C~1.INS/MBEDLI~1.INS/0F0230~1/TARGET_DISCO_F769NI/TOOLCHAIN_GCC_ARM/stm32f7xx_hal_dma.o
                0x08001b34                HAL_DMA_IRQHandler
 .text.HAL_GPIO_Init
                0x08001cb0      0x1d4 C:/PROGRA~3/MATLAB/SUPPOR~1/R2018a/3P778C~1.INS/MBEDLI~1.INS/0F0230~1/TARGET_DISCO_F769NI/TOOLCHAIN_GCC_ARM/stm32f7xx_hal_gpio.o
                0x08001cb0                HAL_GPIO_Init
 .text.I2C_Flush_TXDR
                0x08001e84       0x1c C:/PROGRA~3/MATLAB/SUPPOR~1/R2018a/3P778C~1.INS/MBEDLI~1.INS/0F0230~1/TARGET_DISCO_F769NI/TOOLCHAIN_GCC_ARM/stm32f7xx_hal_i2c.o
 .text.I2C_TransferConfig
                0x08001ea0       0x2a C:/PROGRA~3/MATLAB/SUPPOR~1/R2018a/3P778C~1.INS/MBEDLI~1.INS/0F0230~1/TARGET_DISCO_F769NI/TOOLCHAIN_GCC_ARM/stm32f7xx_hal_i2c.o
 .text.I2C_WaitOnFlagUntilTimeout
                0x08001eca       0x4e C:/PROGRA~3/MATLAB/SUPPOR~1/R2018a/3P778C~1.INS/MBEDLI~1.INS/0F0230~1/TARGET_DISCO_F769NI/TOOLCHAIN_GCC_ARM/stm32f7xx_hal_i2c.o
 .text.I2C_IsAcknowledgeFailed
                0x08001f18       0x7a C:/PROGRA~3/MATLAB/SUPPOR~1/R2018a/3P778C~1.INS/MBEDLI~1.INS/0F0230~1/TARGET_DISCO_F769NI/TOOLCHAIN_GCC_ARM/stm32f7xx_hal_i2c.o
 .text.I2C_WaitOnTXISFlagUntilTimeout
                0x08001f92       0x52 C:/PROGRA~3/MATLAB/SUPPOR~1/R2018a/3P778C~1.INS/MBEDLI~1.INS/0F0230~1/TARGET_DISCO_F769NI/TOOLCHAIN_GCC_ARM/stm32f7xx_hal_i2c.o
 .text.I2C_RequestMemoryWrite
                0x08001fe4       0x68 C:/PROGRA~3/MATLAB/SUPPOR~1/R2018a/3P778C~1.INS/MBEDLI~1.INS/0F0230~1/TARGET_DISCO_F769NI/TOOLCHAIN_GCC_ARM/stm32f7xx_hal_i2c.o
 .text.I2C_RequestMemoryRead
                0x0800204c       0x66 C:/PROGRA~3/MATLAB/SUPPOR~1/R2018a/3P778C~1.INS/MBEDLI~1.INS/0F0230~1/TARGET_DISCO_F769NI/TOOLCHAIN_GCC_ARM/stm32f7xx_hal_i2c.o
 .text.I2C_WaitOnSTOPFlagUntilTimeout
                0x080020b2       0x4e C:/PROGRA~3/MATLAB/SUPPOR~1/R2018a/3P778C~1.INS/MBEDLI~1.INS/0F0230~1/TARGET_DISCO_F769NI/TOOLCHAIN_GCC_ARM/stm32f7xx_hal_i2c.o
 .text.HAL_I2C_MspInit
                0x08002100        0x2 C:/PROGRA~3/MATLAB/SUPPOR~1/R2018a/3P778C~1.INS/MBEDLI~1.INS/0F0230~1/TARGET_DISCO_F769NI/TOOLCHAIN_GCC_ARM/stm32f7xx_hal_i2c.o
                0x08002100                HAL_I2C_MspInit
 .text.HAL_I2C_Init
                0x08002102       0xa2 C:/PROGRA~3/MATLAB/SUPPOR~1/R2018a/3P778C~1.INS/MBEDLI~1.INS/0F0230~1/TARGET_DISCO_F769NI/TOOLCHAIN_GCC_ARM/stm32f7xx_hal_i2c.o
                0x08002102                HAL_I2C_Init
 .text.HAL_I2C_MspDeInit
                0x080021a4        0x2 C:/PROGRA~3/MATLAB/SUPPOR~1/R2018a/3P778C~1.INS/MBEDLI~1.INS/0F0230~1/TARGET_DISCO_F769NI/TOOLCHAIN_GCC_ARM/stm32f7xx_hal_i2c.o
                0x080021a4                HAL_I2C_MspDeInit
 .text.HAL_I2C_DeInit
                0x080021a6       0x32 C:/PROGRA~3/MATLAB/SUPPOR~1/R2018a/3P778C~1.INS/MBEDLI~1.INS/0F0230~1/TARGET_DISCO_F769NI/TOOLCHAIN_GCC_ARM/stm32f7xx_hal_i2c.o
                0x080021a6                HAL_I2C_DeInit
 .text.HAL_I2C_Mem_Write
                0x080021d8      0x170 C:/PROGRA~3/MATLAB/SUPPOR~1/R2018a/3P778C~1.INS/MBEDLI~1.INS/0F0230~1/TARGET_DISCO_F769NI/TOOLCHAIN_GCC_ARM/stm32f7xx_hal_i2c.o
                0x080021d8                HAL_I2C_Mem_Write
 .text.HAL_I2C_Mem_Read
                0x08002348      0x17c C:/PROGRA~3/MATLAB/SUPPOR~1/R2018a/3P778C~1.INS/MBEDLI~1.INS/0F0230~1/TARGET_DISCO_F769NI/TOOLCHAIN_GCC_ARM/stm32f7xx_hal_i2c.o
                0x08002348                HAL_I2C_Mem_Read
 .text.HAL_I2C_GetState
                0x080024c4        0x6 C:/PROGRA~3/MATLAB/SUPPOR~1/R2018a/3P778C~1.INS/MBEDLI~1.INS/0F0230~1/TARGET_DISCO_F769NI/TOOLCHAIN_GCC_ARM/stm32f7xx_hal_i2c.o
                0x080024c4                HAL_I2C_GetState
 *fill*         0x080024ca        0x2 
 .text.HAL_PWREx_EnableOverDrive
                0x080024cc       0x70 C:/PROGRA~3/MATLAB/SUPPOR~1/R2018a/3P778C~1.INS/MBEDLI~1.INS/0F0230~1/TARGET_DISCO_F769NI/TOOLCHAIN_GCC_ARM/stm32f7xx_hal_pwr_ex.o
                0x080024cc                HAL_PWREx_EnableOverDrive
 .text.HAL_RCC_OscConfig
                0x0800253c      0x370 C:/PROGRA~3/MATLAB/SUPPOR~1/R2018a/3P778C~1.INS/MBEDLI~1.INS/0F0230~1/TARGET_DISCO_F769NI/TOOLCHAIN_GCC_ARM/stm32f7xx_hal_rcc.o
                0x0800253c                HAL_RCC_OscConfig
 .text.HAL_RCC_GetSysClockFreq
                0x080028ac       0x74 C:/PROGRA~3/MATLAB/SUPPOR~1/R2018a/3P778C~1.INS/MBEDLI~1.INS/0F0230~1/TARGET_DISCO_F769NI/TOOLCHAIN_GCC_ARM/stm32f7xx_hal_rcc.o
                0x080028ac                HAL_RCC_GetSysClockFreq
 .text.HAL_RCC_ClockConfig
                0x08002920      0x158 C:/PROGRA~3/MATLAB/SUPPOR~1/R2018a/3P778C~1.INS/MBEDLI~1.INS/0F0230~1/TARGET_DISCO_F769NI/TOOLCHAIN_GCC_ARM/stm32f7xx_hal_rcc.o
                0x08002920                HAL_RCC_ClockConfig
 .text.HAL_RCC_GetPCLK1Freq
                0x08002a78       0x30 C:/PROGRA~3/MATLAB/SUPPOR~1/R2018a/3P778C~1.INS/MBEDLI~1.INS/0F0230~1/TARGET_DISCO_F769NI/TOOLCHAIN_GCC_ARM/stm32f7xx_hal_rcc.o
                0x08002a78                HAL_RCC_GetPCLK1Freq
 .text.HAL_RCC_GetPCLK2Freq
                0x08002aa8       0x30 C:/PROGRA~3/MATLAB/SUPPOR~1/R2018a/3P778C~1.INS/MBEDLI~1.INS/0F0230~1/TARGET_DISCO_F769NI/TOOLCHAIN_GCC_ARM/stm32f7xx_hal_rcc.o
                0x08002aa8                HAL_RCC_GetPCLK2Freq
 .text.HAL_RCC_GetClockConfig
                0x08002ad8       0x3c C:/PROGRA~3/MATLAB/SUPPOR~1/R2018a/3P778C~1.INS/MBEDLI~1.INS/0F0230~1/TARGET_DISCO_F769NI/TOOLCHAIN_GCC_ARM/stm32f7xx_hal_rcc.o
                0x08002ad8                HAL_RCC_GetClockConfig
 .text.HAL_RCCEx_PeriphCLKConfig
                0x08002b14      0x790 C:/PROGRA~3/MATLAB/SUPPOR~1/R2018a/3P778C~1.INS/MBEDLI~1.INS/0F0230~1/TARGET_DISCO_F769NI/TOOLCHAIN_GCC_ARM/stm32f7xx_hal_rcc_ex.o
                0x08002b14                HAL_RCCEx_PeriphCLKConfig
 .text.HAL_RCCEx_GetPeriphCLKConfig
                0x080032a4      0x200 C:/PROGRA~3/MATLAB/SUPPOR~1/R2018a/3P778C~1.INS/MBEDLI~1.INS/0F0230~1/TARGET_DISCO_F769NI/TOOLCHAIN_GCC_ARM/stm32f7xx_hal_rcc_ex.o
                0x080032a4                HAL_RCCEx_GetPeriphCLKConfig
 .text.HAL_RCCEx_GetPeriphCLKFreq
                0x080034a4       0xe4 C:/PROGRA~3/MATLAB/SUPPOR~1/R2018a/3P778C~1.INS/MBEDLI~1.INS/0F0230~1/TARGET_DISCO_F769NI/TOOLCHAIN_GCC_ARM/stm32f7xx_hal_rcc_ex.o
                0x080034a4                HAL_RCCEx_GetPeriphCLKFreq
 .text.SAI_InterruptFlag
                0x08003588       0x2c C:/PROGRA~3/MATLAB/SUPPOR~1/R2018a/3P778C~1.INS/MBEDLI~1.INS/0F0230~1/TARGET_DISCO_F769NI/TOOLCHAIN_GCC_ARM/stm32f7xx_hal_sai.o
 .text.SAI_Disable
                0x080035b4       0x40 C:/PROGRA~3/MATLAB/SUPPOR~1/R2018a/3P778C~1.INS/MBEDLI~1.INS/0F0230~1/TARGET_DISCO_F769NI/TOOLCHAIN_GCC_ARM/stm32f7xx_hal_sai.o
 .text.HAL_SAI_MspInit
                0x080035f4        0x2 C:/PROGRA~3/MATLAB/SUPPOR~1/R2018a/3P778C~1.INS/MBEDLI~1.INS/0F0230~1/TARGET_DISCO_F769NI/TOOLCHAIN_GCC_ARM/stm32f7xx_hal_sai.o
                0x080035f4                HAL_SAI_MspInit
 *fill*         0x080035f6        0x2 
 .text.HAL_SAI_Init
                0x080035f8      0x1b4 C:/PROGRA~3/MATLAB/SUPPOR~1/R2018a/3P778C~1.INS/MBEDLI~1.INS/0F0230~1/TARGET_DISCO_F769NI/TOOLCHAIN_GCC_ARM/stm32f7xx_hal_sai.o
                0x080035f8                HAL_SAI_Init
 .text.HAL_SAI_MspDeInit
                0x080037ac        0x2 C:/PROGRA~3/MATLAB/SUPPOR~1/R2018a/3P778C~1.INS/MBEDLI~1.INS/0F0230~1/TARGET_DISCO_F769NI/TOOLCHAIN_GCC_ARM/stm32f7xx_hal_sai.o
                0x080037ac                HAL_SAI_MspDeInit
 .text.HAL_SAI_DeInit
                0x080037ae       0x40 C:/PROGRA~3/MATLAB/SUPPOR~1/R2018a/3P778C~1.INS/MBEDLI~1.INS/0F0230~1/TARGET_DISCO_F769NI/TOOLCHAIN_GCC_ARM/stm32f7xx_hal_sai.o
                0x080037ae                HAL_SAI_DeInit
 .text.HAL_SAI_DMAStop
                0x080037ee       0x52 C:/PROGRA~3/MATLAB/SUPPOR~1/R2018a/3P778C~1.INS/MBEDLI~1.INS/0F0230~1/TARGET_DISCO_F769NI/TOOLCHAIN_GCC_ARM/stm32f7xx_hal_sai.o
                0x080037ee                HAL_SAI_DMAStop
 .text.HAL_SAI_Transmit_DMA
                0x08003840       0x9c C:/PROGRA~3/MATLAB/SUPPOR~1/R2018a/3P778C~1.INS/MBEDLI~1.INS/0F0230~1/TARGET_DISCO_F769NI/TOOLCHAIN_GCC_ARM/stm32f7xx_hal_sai.o
                0x08003840                HAL_SAI_Transmit_DMA
 .text.HAL_SAI_Receive_DMA
                0x080038dc       0x9c C:/PROGRA~3/MATLAB/SUPPOR~1/R2018a/3P778C~1.INS/MBEDLI~1.INS/0F0230~1/TARGET_DISCO_F769NI/TOOLCHAIN_GCC_ARM/stm32f7xx_hal_sai.o
                0x080038dc                HAL_SAI_Receive_DMA
 .text.SAI_DMATxCplt
                0x08003978       0x38 C:/PROGRA~3/MATLAB/SUPPOR~1/R2018a/3P778C~1.INS/MBEDLI~1.INS/0F0230~1/TARGET_DISCO_F769NI/TOOLCHAIN_GCC_ARM/stm32f7xx_hal_sai.o
 .text.SAI_DMATxHalfCplt
                0x080039b0        0xa C:/PROGRA~3/MATLAB/SUPPOR~1/R2018a/3P778C~1.INS/MBEDLI~1.INS/0F0230~1/TARGET_DISCO_F769NI/TOOLCHAIN_GCC_ARM/stm32f7xx_hal_sai.o
 .text.SAI_DMARxCplt
                0x080039ba       0x38 C:/PROGRA~3/MATLAB/SUPPOR~1/R2018a/3P778C~1.INS/MBEDLI~1.INS/0F0230~1/TARGET_DISCO_F769NI/TOOLCHAIN_GCC_ARM/stm32f7xx_hal_sai.o
 .text.SAI_DMARxHalfCplt
                0x080039f2        0xa C:/PROGRA~3/MATLAB/SUPPOR~1/R2018a/3P778C~1.INS/MBEDLI~1.INS/0F0230~1/TARGET_DISCO_F769NI/TOOLCHAIN_GCC_ARM/stm32f7xx_hal_sai.o
 .text.SAI_DMAError
                0x080039fc       0x44 C:/PROGRA~3/MATLAB/SUPPOR~1/R2018a/3P778C~1.INS/MBEDLI~1.INS/0F0230~1/TARGET_DISCO_F769NI/TOOLCHAIN_GCC_ARM/stm32f7xx_hal_sai.o
 .text.HAL_SAI_GetState
                0x08003a40        0x6 C:/PROGRA~3/MATLAB/SUPPOR~1/R2018a/3P778C~1.INS/MBEDLI~1.INS/0F0230~1/TARGET_DISCO_F769NI/TOOLCHAIN_GCC_ARM/stm32f7xx_hal_sai.o
                0x08003a40                HAL_SAI_GetState
 .text.HAL_TIM_OC_MspInit
                0x08003a46        0x2 C:/PROGRA~3/MATLAB/SUPPOR~1/R2018a/3P778C~1.INS/MBEDLI~1.INS/0F0230~1/TARGET_DISCO_F769NI/TOOLCHAIN_GCC_ARM/stm32f7xx_hal_tim.o
                0x08003a46                HAL_TIM_OC_MspInit
 .text.TIM_Base_SetConfig
                0x08003a48       0xd0 C:/PROGRA~3/MATLAB/SUPPOR~1/R2018a/3P778C~1.INS/MBEDLI~1.INS/0F0230~1/TARGET_DISCO_F769NI/TOOLCHAIN_GCC_ARM/stm32f7xx_hal_tim.o
                0x08003a48                TIM_Base_SetConfig
 .text.HAL_TIM_OC_Init
                0x08003b18       0x34 C:/PROGRA~3/MATLAB/SUPPOR~1/R2018a/3P778C~1.INS/MBEDLI~1.INS/0F0230~1/TARGET_DISCO_F769NI/TOOLCHAIN_GCC_ARM/stm32f7xx_hal_tim.o
                0x08003b18                HAL_TIM_OC_Init
 .text.TIM_CCxChannelCmd
                0x08003b4c       0x18 C:/PROGRA~3/MATLAB/SUPPOR~1/R2018a/3P778C~1.INS/MBEDLI~1.INS/0F0230~1/TARGET_DISCO_F769NI/TOOLCHAIN_GCC_ARM/stm32f7xx_hal_tim.o
                0x08003b4c                TIM_CCxChannelCmd
 .text.HAL_TIM_PWM_Start
                0x08003b64       0x34 C:/PROGRA~3/MATLAB/SUPPOR~1/R2018a/3P778C~1.INS/MBEDLI~1.INS/0F0230~1/TARGET_DISCO_F769NI/TOOLCHAIN_GCC_ARM/stm32f7xx_hal_tim.o
                0x08003b64                HAL_TIM_PWM_Start
 .text.HAL_TIM_OC_Start
                0x08003b98        0x4 C:/PROGRA~3/MATLAB/SUPPOR~1/R2018a/3P778C~1.INS/MBEDLI~1.INS/0F0230~1/TARGET_DISCO_F769NI/TOOLCHAIN_GCC_ARM/stm32f7xx_hal_tim.o
                0x08003b98                HAL_TIM_OC_Start
 .text.HAL_UART_MspInit
                0x08003b9c        0x2 C:/PROGRA~3/MATLAB/SUPPOR~1/R2018a/3P778C~1.INS/MBEDLI~1.INS/0F0230~1/TARGET_DISCO_F769NI/TOOLCHAIN_GCC_ARM/stm32f7xx_hal_uart.o
                0x08003b9c                HAL_UART_MspInit
 .text.UART_WaitOnFlagUntilTimeout
                0x08003b9e       0x62 C:/PROGRA~3/MATLAB/SUPPOR~1/R2018a/3P778C~1.INS/MBEDLI~1.INS/0F0230~1/TARGET_DISCO_F769NI/TOOLCHAIN_GCC_ARM/stm32f7xx_hal_uart.o
                0x08003b9e                UART_WaitOnFlagUntilTimeout
 .text.UART_SetConfig
                0x08003c00      0x290 C:/PROGRA~3/MATLAB/SUPPOR~1/R2018a/3P778C~1.INS/MBEDLI~1.INS/0F0230~1/TARGET_DISCO_F769NI/TOOLCHAIN_GCC_ARM/stm32f7xx_hal_uart.o
                0x08003c00                UART_SetConfig
 .text.UART_AdvFeatureConfig
                0x08003e90       0xaa C:/PROGRA~3/MATLAB/SUPPOR~1/R2018a/3P778C~1.INS/MBEDLI~1.INS/0F0230~1/TARGET_DISCO_F769NI/TOOLCHAIN_GCC_ARM/stm32f7xx_hal_uart.o
                0x08003e90                UART_AdvFeatureConfig
 .text.UART_CheckIdleState
                0x08003f3a       0x44 C:/PROGRA~3/MATLAB/SUPPOR~1/R2018a/3P778C~1.INS/MBEDLI~1.INS/0F0230~1/TARGET_DISCO_F769NI/TOOLCHAIN_GCC_ARM/stm32f7xx_hal_uart.o
                0x08003f3a                UART_CheckIdleState
 .text.HAL_UART_Init
                0x08003f7e       0x64 C:/PROGRA~3/MATLAB/SUPPOR~1/R2018a/3P778C~1.INS/MBEDLI~1.INS/0F0230~1/TARGET_DISCO_F769NI/TOOLCHAIN_GCC_ARM/stm32f7xx_hal_uart.o
                0x08003f7e                HAL_UART_Init
 *fill*         0x08003fe2        0x2 
 .text.SCB_EnableICache
                0x08003fe4       0x28 C:/PROGRA~3/MATLAB/SUPPOR~1/R2018a/3P778C~1.INS/MBEDLI~1.INS/0F0230~1/TARGET_DISCO_F769NI/TOOLCHAIN_GCC_ARM/system_stm32f7xx.o
 .text.SCB_EnableDCache
                0x0800400c       0x74 C:/PROGRA~3/MATLAB/SUPPOR~1/R2018a/3P778C~1.INS/MBEDLI~1.INS/0F0230~1/TARGET_DISCO_F769NI/TOOLCHAIN_GCC_ARM/system_stm32f7xx.o
 .text.SystemCoreClockUpdate
                0x08004080       0x74 C:/PROGRA~3/MATLAB/SUPPOR~1/R2018a/3P778C~1.INS/MBEDLI~1.INS/0F0230~1/TARGET_DISCO_F769NI/TOOLCHAIN_GCC_ARM/system_stm32f7xx.o
                0x08004080                SystemCoreClockUpdate
 .text.SetSysClock_PLL_HSE
                0x080040f4       0xac C:/PROGRA~3/MATLAB/SUPPOR~1/R2018a/3P778C~1.INS/MBEDLI~1.INS/0F0230~1/TARGET_DISCO_F769NI/TOOLCHAIN_GCC_ARM/system_stm32f7xx.o
                0x080040f4                SetSysClock_PLL_HSE
 .text.SetSysClock_PLL_HSI
                0x080041a0       0x84 C:/PROGRA~3/MATLAB/SUPPOR~1/R2018a/3P778C~1.INS/MBEDLI~1.INS/0F0230~1/TARGET_DISCO_F769NI/TOOLCHAIN_GCC_ARM/system_stm32f7xx.o
                0x080041a0                SetSysClock_PLL_HSI
 .text.SetSysClock
                0x08004224       0x14 C:/PROGRA~3/MATLAB/SUPPOR~1/R2018a/3P778C~1.INS/MBEDLI~1.INS/0F0230~1/TARGET_DISCO_F769NI/TOOLCHAIN_GCC_ARM/system_stm32f7xx.o
                0x08004224                SetSysClock
 .text.SystemInit
                0x08004238       0x7c C:/PROGRA~3/MATLAB/SUPPOR~1/R2018a/3P778C~1.INS/MBEDLI~1.INS/0F0230~1/TARGET_DISCO_F769NI/TOOLCHAIN_GCC_ARM/system_stm32f7xx.o
                0x08004238                SystemInit
 .text.us_ticker_init
                0x080042b4       0x24 C:/PROGRA~3/MATLAB/SUPPOR~1/R2018a/3P778C~1.INS/MBEDLI~1.INS/0F0230~1/TARGET_DISCO_F769NI/TOOLCHAIN_GCC_ARM/us_ticker_32b.o
                0x080042b4                us_ticker_init
 .text.us_ticker_read
                0x080042d8       0x1c C:/PROGRA~3/MATLAB/SUPPOR~1/R2018a/3P778C~1.INS/MBEDLI~1.INS/0F0230~1/TARGET_DISCO_F769NI/TOOLCHAIN_GCC_ARM/us_ticker_32b.o
                0x080042d8                us_ticker_read
 .text.us_ticker_set_interrupt
                0x080042f4       0x1c C:/PROGRA~3/MATLAB/SUPPOR~1/R2018a/3P778C~1.INS/MBEDLI~1.INS/0F0230~1/TARGET_DISCO_F769NI/TOOLCHAIN_GCC_ARM/us_ticker_32b.o
                0x080042f4                us_ticker_set_interrupt
 .text.us_ticker_disable_interrupt
                0x08004310       0x18 C:/PROGRA~3/MATLAB/SUPPOR~1/R2018a/3P778C~1.INS/MBEDLI~1.INS/0F0230~1/TARGET_DISCO_F769NI/TOOLCHAIN_GCC_ARM/us_ticker_32b.o
                0x08004310                us_ticker_disable_interrupt
 .text.us_ticker_clear_interrupt
                0x08004328       0x18 C:/PROGRA~3/MATLAB/SUPPOR~1/R2018a/3P778C~1.INS/MBEDLI~1.INS/0F0230~1/TARGET_DISCO_F769NI/TOOLCHAIN_GCC_ARM/us_ticker_32b.o
                0x08004328                us_ticker_clear_interrupt
 .text.NVIC_GetPriority
                0x08004340       0x50 stm32f7_audio_wrapper.o
 .text.mw_blockLowerPriorityTasks
                0x08004390       0x28 stm32f7_audio_wrapper.o
 .text.DMA2_Stream1_IRQHandler
                0x080043b8       0x34 stm32f7_audio_wrapper.o
                0x080043b8                DMA2_Stream1_IRQHandler
 .text.DMA2_Stream0_IRQHandler
                0x080043ec       0x18 stm32f7_audio_wrapper.o
                0x080043ec                DMA2_Stream0_IRQHandler
 .text.DMA2_Stream5_IRQHandler
                0x08004404       0x18 stm32f7_audio_wrapper.o
                0x08004404                DMA2_Stream5_IRQHandler
 .text.DMA2_Stream6_IRQHandler
                0x0800441c       0x18 stm32f7_audio_wrapper.o
                0x0800441c                DMA2_Stream6_IRQHandler
 .text.DMA2_Stream7_IRQHandler
                0x08004434       0x18 stm32f7_audio_wrapper.o
                0x08004434                DMA2_Stream7_IRQHandler
 .text.DMA2_Stream4_IRQHandler
                0x0800444c       0x18 stm32f7_audio_wrapper.o
                0x0800444c                DMA2_Stream4_IRQHandler
 .text.dma_audio_out_isr
                0x08004464       0x18 stm32f7_audio_wrapper.o
                0x08004464                dma_audio_out_isr
 .text.I2Cx_MspInit
                0x0800447c      0x17c stm32f769i_discovery.o
 .text.I2Cx_Init
                0x080045f8       0x78 stm32f769i_discovery.o
 .text.I2Cx_ReadMultiple
                0x08004670       0x5c stm32f769i_discovery.o
 .text.I2Cx_WriteMultiple
                0x080046cc       0x5c stm32f769i_discovery.o
 .text.I2Cx_Error
                0x08004728       0x20 stm32f769i_discovery.o
 .text.AUDIO_IO_Init
                0x08004748       0x14 stm32f769i_discovery.o
                0x08004748                AUDIO_IO_Init
 .text.AUDIO_IO_DeInit
                0x0800475c       0x10 stm32f769i_discovery.o
                0x0800475c                AUDIO_IO_DeInit
 .text.AUDIO_IO_Write
                0x0800476c       0x54 stm32f769i_discovery.o
                0x0800476c                AUDIO_IO_Write
 .text.AUDIO_IO_Read
                0x080047c0       0x58 stm32f769i_discovery.o
                0x080047c0                AUDIO_IO_Read
 .text.AUDIO_IO_Delay
                0x08004818       0x18 stm32f769i_discovery.o
                0x08004818                AUDIO_IO_Delay
 .text.BSP_AUDIO_OUT_Init
                0x08004830       0x9c stm32f769i_discovery_audio.o
                0x08004830                BSP_AUDIO_OUT_Init
 .text.BSP_AUDIO_OUT_Play
                0x080048cc       0x54 stm32f769i_discovery_audio.o
                0x080048cc                BSP_AUDIO_OUT_Play
 .text.MW_BSP_AUDIO_OUT_Play
                0x08004920       0x2c stm32f769i_discovery_audio.o
                0x08004920                MW_BSP_AUDIO_OUT_Play
 .text.BSP_AUDIO_OUT_Stop
                0x0800494c       0x44 stm32f769i_discovery_audio.o
                0x0800494c                BSP_AUDIO_OUT_Stop
 .text.BSP_AUDIO_OUT_SetAudioFrameSlot
                0x08004990       0x40 stm32f769i_discovery_audio.o
                0x08004990                BSP_AUDIO_OUT_SetAudioFrameSlot
 .text.HAL_SAI_TxCpltCallback
                0x080049d0       0x14 stm32f769i_discovery_audio.o
                0x080049d0                HAL_SAI_TxCpltCallback
 .text.HAL_SAI_TxHalfCpltCallback
                0x080049e4       0x14 stm32f769i_discovery_audio.o
                0x080049e4                HAL_SAI_TxHalfCpltCallback
 .text.HAL_SAI_ErrorCallback
                0x080049f8       0x28 stm32f769i_discovery_audio.o
                0x080049f8                HAL_SAI_ErrorCallback
 .text.BSP_AUDIO_OUT_TransferComplete_CallBack
                0x08004a20       0x4c stm32f769i_discovery_audio.o
                0x08004a20                BSP_AUDIO_OUT_TransferComplete_CallBack
 .text.BSP_AUDIO_OUT_HalfTransfer_CallBack
                0x08004a6c       0x44 stm32f769i_discovery_audio.o
                0x08004a6c                BSP_AUDIO_OUT_HalfTransfer_CallBack
 .text.BSP_AUDIO_OUT_Error_CallBack
                0x08004ab0       0x10 stm32f769i_discovery_audio.o
                0x08004ab0                BSP_AUDIO_OUT_Error_CallBack
 .text.BSP_AUDIO_OUT_MspInit
                0x08004ac0      0x144 stm32f769i_discovery_audio.o
                0x08004ac0                BSP_AUDIO_OUT_MspInit
 .text.SAI_AUDIO_IN_MspInit
                0x08004c04      0x164 stm32f769i_discovery_audio.o
 .text.BSP_AUDIO_OUT_ClockConfig
                0x08004d68       0x88 stm32f769i_discovery_audio.o
                0x08004d68                BSP_AUDIO_OUT_ClockConfig
 .text.SAIx_Out_Init
                0x08004df0       0xdc stm32f769i_discovery_audio.o
 .text.SAIx_Out_DeInit
                0x08004ecc       0x2c stm32f769i_discovery_audio.o
 .text.SAIx_In_Init
                0x08004ef8      0x1a4 stm32f769i_discovery_audio.o
 .text.SAIx_In_DeInit
                0x0800509c       0x40 stm32f769i_discovery_audio.o
 .text.BSP_AUDIO_IN_InitEx
                0x080050dc       0xdc stm32f769i_discovery_audio.o
                0x080050dc                BSP_AUDIO_IN_InitEx
 .text.MW_BSP_AUDIO_IN_Record
                0x080051b8       0x2c stm32f769i_discovery_audio.o
                0x080051b8                MW_BSP_AUDIO_IN_Record
 .text.BSP_AUDIO_IN_Record
                0x080051e4       0xec stm32f769i_discovery_audio.o
                0x080051e4                BSP_AUDIO_IN_Record
 .text.BSP_AUDIO_IN_Stop
                0x080052d0       0xb4 stm32f769i_discovery_audio.o
                0x080052d0                BSP_AUDIO_IN_Stop
 .text.HAL_DFSDM_FilterRegConvCpltCallback
                0x08005384      0x3a0 stm32f769i_discovery_audio.o
                0x08005384                HAL_DFSDM_FilterRegConvCpltCallback
 .text.HAL_DFSDM_FilterRegConvHalfCpltCallback
                0x08005724      0x3a0 stm32f769i_discovery_audio.o
                0x08005724                HAL_DFSDM_FilterRegConvHalfCpltCallback
 .text.HAL_SAI_RxHalfCpltCallback
                0x08005ac4       0x14 stm32f769i_discovery_audio.o
                0x08005ac4                HAL_SAI_RxHalfCpltCallback
 .text.HAL_SAI_RxCpltCallback
                0x08005ad8       0x14 stm32f769i_discovery_audio.o
                0x08005ad8                HAL_SAI_RxCpltCallback
 .text.BSP_AUDIO_IN_TransferComplete_CallBack
                0x08005aec       0x4c stm32f769i_discovery_audio.o
                0x08005aec                BSP_AUDIO_IN_TransferComplete_CallBack
 .text.BSP_AUDIO_IN_HalfTransfer_CallBack
                0x08005b38       0x44 stm32f769i_discovery_audio.o
                0x08005b38                BSP_AUDIO_IN_HalfTransfer_CallBack
 .text.BSP_AUDIO_IN_Error_CallBack
                0x08005b7c       0x10 stm32f769i_discovery_audio.o
                0x08005b7c                BSP_AUDIO_IN_Error_CallBack
 .text.BSP_AUDIO_IN_MspInit
                0x08005b8c       0x2c stm32f769i_discovery_audio.o
                0x08005b8c                BSP_AUDIO_IN_MspInit
 .text.BSP_AUDIO_IN_ClockConfig
                0x08005bb8       0xa0 stm32f769i_discovery_audio.o
                0x08005bb8                BSP_AUDIO_IN_ClockConfig
 .text.DFSDMx_Init
                0x08005c58      0x9e0 stm32f769i_discovery_audio.o
 .text.DFSDMx_ChannelMspInit
                0x08006638       0xb8 stm32f769i_discovery_audio.o
 .text.DFSDMx_FilterMspInit
                0x080066f0      0x230 stm32f769i_discovery_audio.o
 .text.wm8994_Init
                0x08006920      0xc94 wm8994.o
                0x08006920                wm8994_Init
 .text.wm8994_DeInit
                0x080075b4        0xc wm8994.o
                0x080075b4                wm8994_DeInit
 .text.wm8994_ReadID
                0x080075c0       0x24 wm8994.o
                0x080075c0                wm8994_ReadID
 .text.wm8994_Play
                0x080075e4       0x30 wm8994.o
                0x080075e4                wm8994_Play
 .text.wm8994_Pause
                0x08007614       0x44 wm8994.o
                0x08007614                wm8994_Pause
 .text.wm8994_Resume
                0x08007658       0x2c wm8994.o
                0x08007658                wm8994_Resume
 .text.wm8994_Stop
                0x08007684       0xdc wm8994.o
                0x08007684                wm8994_Stop
 .text.wm8994_SetVolume
                0x08007760      0x238 wm8994.o
                0x08007760                wm8994_SetVolume
 .text.wm8994_SetMute
                0x08007998       0x9c wm8994.o
                0x08007998                wm8994_SetMute
 .text.wm8994_SetOutputMode
                0x08007a34      0x240 wm8994.o
                0x08007a34                wm8994_SetOutputMode
 .text.wm8994_SetFrequency
                0x08007c74      0x140 wm8994.o
                0x08007c74                wm8994_SetFrequency
 .text.wm8994_Reset
                0x08007db4       0x40 wm8994.o
                0x08007db4                wm8994_Reset
 .text.CODEC_IO_Write
                0x08007df4       0x30 wm8994.o
 .text.gpio_write
                0x08007e24       0x34 MW_digitalIO.o
 .text._ZN4mbed9DigitalInC2E7PinName
                0x08007e58       0x38 MW_digitalIO.o
                0x08007e58                mbed::DigitalIn::DigitalIn(PinName)
                0x08007e58                mbed::DigitalIn::DigitalIn(PinName)
 .text._ZN4mbed10DigitalOutC2E7PinName
                0x08007e90       0x38 MW_digitalIO.o
                0x08007e90                mbed::DigitalOut::DigitalOut(PinName)
                0x08007e90                mbed::DigitalOut::DigitalOut(PinName)
 .text._ZN4mbed10DigitalOut5writeEi
                0x08007ec8       0x1c MW_digitalIO.o
                0x08007ec8                mbed::DigitalOut::write(int)
 .text.MW_digitalIO_open
                0x08007ee4      0x144 MW_digitalIO.o
                0x08007ee4                MW_digitalIO_open
 .text.MW_digitalIO_write
                0x08008028       0x2c MW_digitalIO.o
                0x08008028                MW_digitalIO_write
 .text.MW_digitalIO_close
                0x08008054       0x48 MW_digitalIO.o
                0x08008054                MW_digitalIO_close
 .text.SystemProp_matlabCodegenSetA_ms
                0x0800809c       0x20 STM32_FIR_wrap_sym.o
 .text.STM32_FIR_SystemCore_release_ms
                0x080080bc       0x24 STM32_FIR_wrap_sym.o
 .text.STM32_FIR__SystemCore_delete_ms
                0x080080e0       0x18 STM32_FIR_wrap_sym.o
 .text.matlabCodegenHandle_matlabCo_ms
                0x080080f8       0x28 STM32_FIR_wrap_sym.o
 .text.SystemProp_matlabCodegenSetAn_m
                0x08008120       0x20 STM32_FIR_wrap_sym.o
 .text.STM32_FIR__SystemCore_release_m
                0x08008140       0x2c STM32_FIR_wrap_sym.o
 .text.STM32_FIR_w_SystemCore_delete_m
                0x0800816c       0x18 STM32_FIR_wrap_sym.o
 .text.matlabCodegenHandle_matlabCod_m
                0x08008184       0x28 STM32_FIR_wrap_sym.o
 .text.SystemProp_matlabCodegenSetAnyP
                0x080081ac       0x20 STM32_FIR_wrap_sym.o
 .text.STM32_FIR_wr_SystemCore_release
                0x080081cc       0x2c STM32_FIR_wrap_sym.o
 .text.STM32_FIR_wra_SystemCore_delete
                0x080081f8       0x18 STM32_FIR_wrap_sym.o
 .text.matlabCodegenHandle_matlabCodeg
                0x08008210       0x28 STM32_FIR_wrap_sym.o
 .text.STM32_FIR_wrap_sym_step
                0x08008238      0x870 STM32_FIR_wrap_sym.o
                0x08008238                STM32_FIR_wrap_sym_step
 .text.STM32_FIR_wrap_sym_initialize
                0x08008aa8      0x230 STM32_FIR_wrap_sym.o
                0x08008aa8                STM32_FIR_wrap_sym_initialize
 .text.STM32_FIR_wrap_sym_terminate
                0x08008cd8       0x28 STM32_FIR_wrap_sym.o
                0x08008cd8                STM32_FIR_wrap_sym_terminate
 .text.rtGetInf
                0x08008d00       0x50 rtGetInf.o
                0x08008d00                rtGetInf
 .text.rtGetInfF
                0x08008d50       0x1c rtGetInf.o
                0x08008d50                rtGetInfF
 .text.rtGetMinusInf
                0x08008d6c       0x50 rtGetInf.o
                0x08008d6c                rtGetMinusInf
 .text.rtGetMinusInfF
                0x08008dbc       0x1c rtGetInf.o
                0x08008dbc                rtGetMinusInfF
 .text.rtGetNaN
                0x08008dd8       0x50 rtGetNaN.o
                0x08008dd8                rtGetNaN
 .text.rtGetNaNF
                0x08008e28       0x24 rtGetNaN.o
                0x08008e28                rtGetNaNF
 .text.rt_InitInfAndNaN
                0x08008e4c       0x70 rt_nonfinite.o
                0x08008e4c                rt_InitInfAndNaN
 .text.rtIsInf  0x08008ebc       0x4c rt_nonfinite.o
                0x08008ebc                rtIsInf
 .text.rtIsNaN  0x08008f08       0x30 rt_nonfinite.o
                0x08008f08                rtIsNaN
 .text.GrowRecvBufIfNeeded
                0x08008f38       0x60 ext_svr.o
 .text.GetPktHdr
                0x08008f98       0x7c ext_svr.o
 .text.ClearPkt
                0x08009014       0x50 ext_svr.o
 .text.GetPkt   0x08009064       0x80 ext_svr.o
 .text.DisconnectFromHost
                0x080090e4       0x6c ext_svr.o
 .text.ForceDisconnectFromHost
                0x08009150       0x4c ext_svr.o
 .text.ProcessConnectPkt
                0x0800919c      0x174 ext_svr.o
 .text.SendPktHdrToHost
                0x08009310       0x50 ext_svr.o
 .text.SendPktDataToHost
                0x08009360       0x44 ext_svr.o
 .text.SendPktToHost
                0x080093a4       0x4c ext_svr.o
                0x080093a4                SendPktToHost
 .text.SendResponseStatus
                0x080093f0       0x38 ext_svr.o
 .text.ProcessSetParamPkt
                0x08009428       0x60 ext_svr.o
 .text.ProcessGetParamsPkt
                0x08009488      0x12c ext_svr.o
 .text.ProcessSelectTriggerSignalPkt
                0x080095b4       0xa8 ext_svr.o
 .text.ProcessCancelLoggingArmTriggerPkt
                0x0800965c       0x7c ext_svr.o
 .text.ExtParseArgsAndInitUD
                0x080096d8       0x64 ext_svr.o
                0x080096d8                ExtParseArgsAndInitUD
 .text.ExtWaitForStartPkt
                0x0800973c       0x18 ext_svr.o
                0x0800973c                ExtWaitForStartPkt
 .text.UploadServerWork
                0x08009754       0xcc ext_svr.o
                0x08009754                UploadServerWork
 .text.rt_UploadServerWork
                0x08009820       0x2c ext_svr.o
                0x08009820                rt_UploadServerWork
 .text.rt_ExtModeInit
                0x0800984c       0x54 ext_svr.o
                0x0800984c                rt_ExtModeInit
 .text.rt_ExtModeSleep
                0x080098a0       0x24 ext_svr.o
                0x080098a0                rt_ExtModeSleep
 .text.rt_PktServerWork
                0x080098c4      0x264 ext_svr.o
                0x080098c4                rt_PktServerWork
 .text.ExtModeShutdown
                0x08009b28       0x44 ext_svr.o
 .text.rt_ExtModeShutdown
                0x08009b6c       0x84 ext_svr.o
                0x08009b6c                rt_ExtModeShutdown
 .text.rt_UploadCheckTrigger
                0x08009bf0       0x2c ext_svr.o
                0x08009bf0                rt_UploadCheckTrigger
 .text.rt_UploadCheckEndTrigger
                0x08009c1c       0x28 ext_svr.o
                0x08009c1c                rt_UploadCheckEndTrigger
 .text.rt_UploadBufAddTimePoint
                0x08009c44       0x34 ext_svr.o
                0x08009c44                rt_UploadBufAddTimePoint
 .text.SetParam
                0x08009c78      0x120 updown.o
                0x08009c78                SetParam
 .text.InitUploadSection
                0x08009d98       0xc0 updown.o
 .text.InitSysUploadTable
                0x08009e58      0x174 updown.o
 .text.UploadBufInit
                0x08009fcc       0x70 updown.o
 .text.UploadDestroyTrigger
                0x0800a03c       0xd0 updown.o
 .text.UploadLogInfoReset
                0x0800a10c       0x6c updown.o
                0x0800a10c                UploadLogInfoReset
 .text.UploadLogInfoTerm
                0x0800a178      0x108 updown.o
                0x0800a178                UploadLogInfoTerm
 .text.UploadPrepareForFinalFlush
                0x0800a280       0x64 updown.o
                0x0800a280                UploadPrepareForFinalFlush
 .text.UploadLogInfoInit
                0x0800a2e4      0x180 updown.o
                0x0800a2e4                UploadLogInfoInit
 .text.UploadInitTrigger
                0x0800a464      0x1cc updown.o
                0x0800a464                UploadInitTrigger
 .text.UploadArmTrigger
                0x0800a630       0xa0 updown.o
                0x0800a630                UploadArmTrigger
 .text.UploadEndLoggingSession
                0x0800a6d0       0x38 updown.o
                0x0800a6d0                UploadEndLoggingSession
 .text.UploadCancelLogging
                0x0800a708       0x70 updown.o
                0x0800a708                UploadCancelLogging
 .text.UploadBufDataSent
                0x0800a778       0x68 updown.o
                0x0800a778                UploadBufDataSent
 .text.UploadBufAssignMem
                0x0800a7e0      0x124 updown.o
 .text.UploadCheckTriggerSignals
                0x0800a904      0x198 updown.o
 .text.UploadBufAddTimePoint
                0x0800aa9c      0x4d4 updown.o
                0x0800aa9c                UploadBufAddTimePoint
 .text.UploadCheckTrigger
                0x0800af70       0x94 updown.o
                0x0800af70                UploadCheckTrigger
 .text.UploadCheckEndTrigger
                0x0800b004       0x5c updown.o
                0x0800b004                UploadCheckEndTrigger
 .text.SetExtBufListFields
                0x0800b060      0x10c updown.o
 .text.SetExtBufListFieldsForEmptyList
                0x0800b16c       0x44 updown.o
 .text.UploadBufGetData
                0x0800b1b0       0xbc updown.o
                0x0800b1b0                UploadBufGetData
 .text.rtExtModeWaitForStartPkt
                0x0800b26c       0x64 ext_work.o
                0x0800b26c                rtExtModeWaitForStartPkt
 .text.rtExtModeOneStep
                0x0800b2d0       0x34 ext_work.o
                0x0800b2d0                rtExtModeOneStep
 .text.rtExtModeUpload
                0x0800b304       0x20 ext_work.o
                0x0800b304                rtExtModeUpload
 .text.rtExtModeCheckEndTrigger
                0x0800b324        0xc ext_work.o
                0x0800b324                rtExtModeCheckEndTrigger
 .text.rtExtModeUploadCheckTrigger
                0x0800b330       0x18 ext_work.o
                0x0800b330                rtExtModeUploadCheckTrigger
 .text.rtExtModeCheckInit
                0x0800b348       0x14 ext_work.o
                0x0800b348                rtExtModeCheckInit
 .text.rtExtModeShutdown
                0x0800b35c       0x18 ext_work.o
                0x0800b35c                rtExtModeShutdown
 .text.rtERTExtModeSetTFinal
                0x0800b374       0x48 ext_work.o
                0x0800b374                rtERTExtModeSetTFinal
 .text.rtSetTFinalForExtMode
                0x0800b3bc       0x18 ext_work.o
                0x0800b3bc                rtSetTFinalForExtMode
 .text.rtParseArgsForExtMode
                0x0800b3d4       0x1c ext_work.o
                0x0800b3d4                rtParseArgsForExtMode
 .text.rtERTExtModeStartMsg
                0x0800b3f0       0x10 ext_work.o
                0x0800b3f0                rtERTExtModeStartMsg
 .text.rtIOStreamBlockingSend
                0x0800b400       0x64 rtiostream_utils.o
                0x0800b400                rtIOStreamBlockingSend
 .text.rtIOStreamBlockingRecv
                0x0800b464       0x64 rtiostream_utils.o
                0x0800b464                rtIOStreamBlockingRecv
 .text.NVIC_SetPriority
                0x0800b4c8       0x54 stm32f769i_init_board.o
 .text.stm32f7xx_init_board
                0x0800b51c       0x1c stm32f769i_init_board.o
                0x0800b51c                stm32f7xx_init_board
 .text.SystemClock_Config
                0x0800b538       0xbc stm32f769i_init_board.o
 .text._ZN13PlatformMutexD2Ev
                0x0800b5f4       0x18 BufferedSerial.o
                0x0800b5f4                PlatformMutex::~PlatformMutex()
                0x0800b5f4                PlatformMutex::~PlatformMutex()
 .text._ZnwjPv  0x0800b60c       0x18 BufferedSerial.o
                0x0800b60c                operator new(unsigned int, void*)
 .text._ZN4mbed8FileLike5lseekEli
                0x0800b624       0x28 BufferedSerial.o
                0x0800b624                mbed::FileLike::lseek(long, int)
 .text._ZN4mbed8FileLike5fsyncEv
                0x0800b64c       0x20 BufferedSerial.o
                0x0800b64c                mbed::FileLike::fsync()
 .text._ZN4mbed8FileLike4flenEv
                0x0800b66c       0x20 BufferedSerial.o
                0x0800b66c                mbed::FileLike::flen()
 .text._ZN4mbed10SerialBaseD2Ev
                0x0800b68c       0x68 BufferedSerial.o
                0x0800b68c                mbed::SerialBase::~SerialBase()
                0x0800b68c                mbed::SerialBase::~SerialBase()
 .text._ZN4mbed10SerialBaseD0Ev
                0x0800b6f4       0x20 BufferedSerial.o
                0x0800b6f4                mbed::SerialBase::~SerialBase()
 .text._ZN4mbed6SerialD2Ev
                0x0800b714       0x58 BufferedSerial.o
                0x0800b714                mbed::Serial::~Serial()
                0x0800b714                mbed::Serial::~Serial()
                0x0800b764                non-virtual thunk to mbed::Serial::~Serial()
 .text._ZN4mbed6SerialD0Ev
                0x0800b76c       0x28 BufferedSerial.o
                0x0800b76c                mbed::Serial::~Serial()
                0x0800b78c                non-virtual thunk to mbed::Serial::~Serial()
 .text._ZN14BufferedSerialC2E7PinNameS0_i
                0x0800b794       0xbc BufferedSerial.o
                0x0800b794                BufferedSerial::BufferedSerial(PinName, PinName, int)
                0x0800b794                BufferedSerial::BufferedSerial(PinName, PinName, int)
 .text._ZN14BufferedSerialD2Ev
                0x0800b850       0xac BufferedSerial.o
                0x0800b850                BufferedSerial::~BufferedSerial()
                0x0800b850                BufferedSerial::~BufferedSerial()
 .text._ZThn180_N14BufferedSerialD1Ev
                0x0800b8fc        0x8 BufferedSerial.o
                0x0800b8fc                non-virtual thunk to BufferedSerial::~BufferedSerial()
 .text._ZN14BufferedSerialD0Ev
                0x0800b904       0x20 BufferedSerial.o
                0x0800b904                BufferedSerial::~BufferedSerial()
 .text._ZThn180_N14BufferedSerialD0Ev
                0x0800b924        0x8 BufferedSerial.o
                0x0800b924                non-virtual thunk to BufferedSerial::~BufferedSerial()
 .text._ZN14BufferedSerial14initDataBufferEv
                0x0800b92c       0x2c BufferedSerial.o
                0x0800b92c                BufferedSerial::initDataBuffer()
 .text._ZN14BufferedSerial17writeToDataBufferEh
                0x0800b958       0x64 BufferedSerial.o
                0x0800b958                BufferedSerial::writeToDataBuffer(unsigned char)
 .text._ZN14BufferedSerial18readFromDataBufferEv
                0x0800b9bc       0x60 BufferedSerial.o
                0x0800b9bc                BufferedSerial::readFromDataBuffer()
 .text._ZN14BufferedSerial15isDataAvailableEv
                0x0800ba1c       0x2c BufferedSerial.o
                0x0800ba1c                BufferedSerial::isDataAvailable()
 .text._ZN14BufferedSerial5rxIrqEv
                0x0800ba48       0x28 BufferedSerial.o
                0x0800ba48                BufferedSerial::rxIrq()
 .text._ZN6CThunkIN4mbed10SerialBaseEED2Ev
                0x0800ba70       0x18 BufferedSerial.o
                0x0800ba70                CThunk<mbed::SerialBase>::~CThunk()
                0x0800ba70                CThunk<mbed::SerialBase>::~CThunk()
 .text._ZN4mbed8CallbackIFviEED2Ev
                0x0800ba88       0x24 BufferedSerial.o
                0x0800ba88                mbed::Callback<void (int)>::~Callback()
                0x0800ba88                mbed::Callback<void (int)>::~Callback()
 .text._ZN4mbed8CallbackIFvvEED2Ev
                0x0800baac       0x24 BufferedSerial.o
                0x0800baac                mbed::Callback<void ()>::~Callback()
                0x0800baac                mbed::Callback<void ()>::~Callback()
 .text._ZN4mbed8CallbackIFvvEEC2EPS1_
                0x0800bad0       0x2c BufferedSerial.o
                0x0800bad0                mbed::Callback<void ()>::Callback(void (*)())
                0x0800bad0                mbed::Callback<void ()>::Callback(void (*)())
 .text._ZN4mbed8callbackI14BufferedSerialS1_vEENS_8CallbackIFT1_vEEEPT0_MT_FS3_vE
                0x0800bafc       0x24 BufferedSerial.o
                0x0800bafc                mbed::Callback<void ()> mbed::callback<BufferedSerial, BufferedSerial, void>(BufferedSerial*, void (BufferedSerial::*)())
 .text._ZN4mbed8CallbackIFvvEE8generateIPS1_EEvRKT_
                0x0800bb20       0x34 BufferedSerial.o
                0x0800bb20                void mbed::Callback<void ()>::generate<void (*)()>(void (* const&)())
 .text._ZN4mbed8CallbackIFvvEEC2I14BufferedSerialS4_EEPT0_MT_FvvE
                0x0800bb54       0x34 BufferedSerial.o
                0x0800bb54                mbed::Callback<void ()>::Callback<BufferedSerial, BufferedSerial>(BufferedSerial*, void (BufferedSerial::*)())
                0x0800bb54                mbed::Callback<void ()>::Callback<BufferedSerial, BufferedSerial>(BufferedSerial*, void (BufferedSerial::*)())
 .text._ZN4mbed8CallbackIFvvEE13function_callIPS1_EEvPKv
                0x0800bb88       0x14 BufferedSerial.o
                0x0800bb88                void mbed::Callback<void ()>::function_call<void (*)()>(void const*)
 .text._ZN4mbed8CallbackIFvvEE13function_moveIPS1_EEvPvPKv
                0x0800bb9c       0x28 BufferedSerial.o
                0x0800bb9c                void mbed::Callback<void ()>::function_move<void (*)()>(void*, void const*)
 .text._ZN4mbed8CallbackIFvvEE13function_dtorIPS1_EEvPv
                0x0800bbc4       0x14 BufferedSerial.o
                0x0800bbc4                void mbed::Callback<void ()>::function_dtor<void (*)()>(void*)
 .text._ZN4mbed8CallbackIFvvEE14method_contextI14BufferedSerialMS4_FvvEEC2EPS4_S6_
                0x0800bbd8       0x34 BufferedSerial.o
                0x0800bbd8                mbed::Callback<void ()>::method_context<BufferedSerial, void (BufferedSerial::*)()>::method_context(BufferedSerial*, void (BufferedSerial::*)())
                0x0800bbd8                mbed::Callback<void ()>::method_context<BufferedSerial, void (BufferedSerial::*)()>::method_context(BufferedSerial*, void (BufferedSerial::*)())
 .text._ZN4mbed8CallbackIFvvEE8generateINS2_14method_contextI14BufferedSerialMS5_FvvEEEEEvRKT_
                0x0800bc0c       0x34 BufferedSerial.o
                0x0800bc0c                void mbed::Callback<void ()>::generate<mbed::Callback<void ()>::method_context<BufferedSerial, void (BufferedSerial::*)()> >(mbed::Callback<void ()>::method_context<BufferedSerial, void (BufferedSerial::*)()> const&)
 .text._ZN4mbed8CallbackIFvvEE13function_callINS2_14method_contextI14BufferedSerialMS5_FvvEEEEEvPKv
                0x0800bc40       0x14 BufferedSerial.o
                0x0800bc40                void mbed::Callback<void ()>::function_call<mbed::Callback<void ()>::method_context<BufferedSerial, void (BufferedSerial::*)()> >(void const*)
 .text._ZN4mbed8CallbackIFvvEE13function_moveINS2_14method_contextI14BufferedSerialMS5_FvvEEEEEvPvPKv
                0x0800bc54       0x2c BufferedSerial.o
                0x0800bc54                void mbed::Callback<void ()>::function_move<mbed::Callback<void ()>::method_context<BufferedSerial, void (BufferedSerial::*)()> >(void*, void const*)
 .text._ZN4mbed8CallbackIFvvEE13function_dtorINS2_14method_contextI14BufferedSerialMS5_FvvEEEEEvPv
                0x0800bc80       0x14 BufferedSerial.o
                0x0800bc80                void mbed::Callback<void ()>::function_dtor<mbed::Callback<void ()>::method_context<BufferedSerial, void (BufferedSerial::*)()> >(void*)
 .text._ZNK4mbed8CallbackIFvvEE14method_contextI14BufferedSerialMS4_FvvEEclEv
                0x0800bc94       0x48 BufferedSerial.o
                0x0800bc94                mbed::Callback<void ()>::method_context<BufferedSerial, void (BufferedSerial::*)()>::operator()() const
 .text.NVIC_GetPriority
                0x0800bcdc       0x50 SysTickScheduler.o
 .text.mw_blockLowerPriorityTasks
                0x0800bd2c       0x28 SysTickScheduler.o
 .text.SysTick_Isr
                0x0800bd54       0x40 SysTickScheduler.o
 .text.SysTick_Handler
                0x0800bd94       0x28 SysTickScheduler.o
                0x0800bd94                SysTick_Handler
 .text.ARMCM_SysTick_Config
                0x0800bdbc       0x14 SysTickScheduler.o
                0x0800bdbc                ARMCM_SysTick_Config
 .text.arm_cortex_m_call_thread_with_context_switch
                0x0800bdd0       0x30 m3m4m4f_multitasking.o
                0x0800bdd0                arm_cortex_m_call_thread_with_context_switch
 .text.SVC_Handler
                0x0800be00       0x58 m3m4m4f_multitasking.o
                0x0800be00                SVC_Handler
 .text.IsEscapeChar
                0x0800be58       0x30 ext_serial_pkt.o
 .text.Filter   0x0800be88       0x84 ext_serial_pkt.o
 .text.Num2String
                0x0800bf0c       0x88 ext_serial_pkt.o
 .text.String2Num
                0x0800bf94       0x70 ext_serial_pkt.o
 .text.SetExtSerialPacket
                0x0800c004      0x130 ext_serial_pkt.o
                0x0800c004                SetExtSerialPacket
 .text.GetExtSerialPacket
                0x0800c134      0x33c ext_serial_pkt.o
                0x0800c134                GetExtSerialPacket
 .text.ExtSerialPortCreate
                0x0800c470       0x3c rtiostream_serial_interface.o
                0x0800c470                ExtSerialPortCreate
 .text.ExtSerialPortConnect
                0x0800c4ac       0x88 rtiostream_serial_interface.o
                0x0800c4ac                ExtSerialPortConnect
 .text.ExtSerialPortDisconnect
                0x0800c534       0x58 rtiostream_serial_interface.o
                0x0800c534                ExtSerialPortDisconnect
 .text.ExtSerialPortSetData
                0x0800c58c       0x48 rtiostream_serial_interface.o
                0x0800c58c                ExtSerialPortSetData
 .text.ExtSerialPortDataPending
                0x0800c5d4       0x8c rtiostream_serial_interface.o
                0x0800c5d4                ExtSerialPortDataPending
 .text.ExtSerialPortGetData
                0x0800c660       0xd0 rtiostream_serial_interface.o
                0x0800c660                ExtSerialPortGetData
 .text.isFIFOEmpty
                0x0800c730       0x28 ext_svr_serial_transport.o
 .text.InsertFIFO
                0x0800c758       0x54 ext_svr_serial_transport.o
 .text.RemoveFIFO
                0x0800c7ac       0x54 ext_svr_serial_transport.o
 .text.isFIFOFreeEmpty
                0x0800c800       0x24 ext_svr_serial_transport.o
 .text.isFIFOPktEmpty
                0x0800c824       0x24 ext_svr_serial_transport.o
 .text.InsertFIFOFree
                0x0800c848       0x24 ext_svr_serial_transport.o
 .text.RemoveFIFOFree
                0x0800c86c       0x1c ext_svr_serial_transport.o
 .text.InsertFIFOPkt
                0x0800c888       0x24 ext_svr_serial_transport.o
 .text.RemoveFIFOPkt
                0x0800c8ac       0x1c ext_svr_serial_transport.o
 .text.GetFIFOPkt
                0x0800c8c8       0x18 ext_svr_serial_transport.o
 .text.AddToFIFOFree
                0x0800c8e0       0x44 ext_svr_serial_transport.o
 .text.SavePkt  0x0800c924       0x38 ext_svr_serial_transport.o
 .text.ExtGetPktBlocking
                0x0800c95c       0x84 ext_svr_serial_transport.o