Archive member included to satisfy reference by file (symbol)

C:/ProgramData/MATLAB/SupportPackages/R2018a/3P.instrset/mbedlibrary-stm.instrset/0f02307a0877/TARGET_DISCO_F769NI/TOOLCHAIN_GCC_ARM/libmbed.a(FilePath.o)
                              C:/PROGRA~3/MATLAB/SUPPOR~1/R2018a/3P778C~1.INS/MBEDLI~1.INS/0F0230~1/TARGET_DISCO_F769NI/TOOLCHAIN_GCC_ARM/mbed_retarget.o (mbed::FilePath::FilePath(char const*))
C:/ProgramData/MATLAB/SupportPackages/R2018a/3P.instrset/mbedlibrary-stm.instrset/0f02307a0877/TARGET_DISCO_F769NI/TOOLCHAIN_GCC_ARM/libmbed.a(FileBase.o)
                              C:/ProgramData/MATLAB/SupportPackages/R2018a/3P.instrset/mbedlibrary-stm.instrset/0f02307a0877/TARGET_DISCO_F769NI/TOOLCHAIN_GCC_ARM/libmbed.a(FilePath.o) (mbed::FileBase::getPathType())
C:/ProgramData/MATLAB/SupportPackages/R2018a/3P.instrset/mbedlibrary-stm.instrset/0f02307a0877/TARGET_DISCO_F769NI/TOOLCHAIN_GCC_ARM/libmbed.a(Serial.o)
                              BufferedSerial.o (mbed::Serial::unlock())
C:/ProgramData/MATLAB/SupportPackages/R2018a/3P.instrset/mbedlibrary-stm.instrset/0f02307a0877/TARGET_DISCO_F769NI/TOOLCHAIN_GCC_ARM/libmbed.a(Stream.o)
                              BufferedSerial.o (mbed::Stream::write(void const*, unsigned int))
C:/ProgramData/MATLAB/SupportPackages/R2018a/3P.instrset/mbedlibrary-stm.instrset/0f02307a0877/TARGET_DISCO_F769NI/TOOLCHAIN_GCC_ARM/libmbed.a(SerialBase.o)
                              rtiostream_serial_mbed.o (mbed::SerialBase::baud(int))
C:/ProgramData/MATLAB/SupportPackages/R2018a/3P.instrset/mbedlibrary-stm.instrset/0f02307a0877/TARGET_DISCO_F769NI/TOOLCHAIN_GCC_ARM/libmbed.a(mbed_us_ticker_api.o)
                              C:/PROGRA~3/MATLAB/SUPPOR~1/R2018a/3P778C~1.INS/MBEDLI~1.INS/0F0230~1/TARGET_DISCO_F769NI/TOOLCHAIN_GCC_ARM/hal_tick_32b.o (us_ticker_irq_handler)
C:/ProgramData/MATLAB/SupportPackages/R2018a/3P.instrset/mbedlibrary-stm.instrset/0f02307a0877/TARGET_DISCO_F769NI/TOOLCHAIN_GCC_ARM/libmbed.a(mbed_lp_ticker_api.o)
                              C:/PROGRA~3/MATLAB/SUPPOR~1/R2018a/3P778C~1.INS/MBEDLI~1.INS/0F0230~1/TARGET_DISCO_F769NI/TOOLCHAIN_GCC_ARM/lp_ticker.o (lp_ticker_irq_handler)
C:/ProgramData/MATLAB/SupportPackages/R2018a/3P.instrset/mbedlibrary-stm.instrset/0f02307a0877/TARGET_DISCO_F769NI/TOOLCHAIN_GCC_ARM/libmbed.a(mbed_ticker_api.o)
                              C:/ProgramData/MATLAB/SupportPackages/R2018a/3P.instrset/mbedlibrary-stm.instrset/0f02307a0877/TARGET_DISCO_F769NI/TOOLCHAIN_GCC_ARM/libmbed.a(mbed_us_ticker_api.o) (ticker_irq_handler)
C:/ProgramData/MATLAB/SupportPackages/R2018a/3P.instrset/mbedlibrary-stm.instrset/0f02307a0877/TARGET_DISCO_F769NI/TOOLCHAIN_GCC_ARM/libmbed.a(mbed_pinmap_common.o)
                              C:/PROGRA~3/MATLAB/SUPPOR~1/R2018a/3P778C~1.INS/MBEDLI~1.INS/0F0230~1/TARGET_DISCO_F769NI/TOOLCHAIN_GCC_ARM/analogin_api.o (pinmap_pinout)
C:/ProgramData/MATLAB/SupportPackages/R2018a/3P.instrset/mbedlibrary-stm.instrset/0f02307a0877/TARGET_DISCO_F769NI/TOOLCHAIN_GCC_ARM/libmbed.a(mbed_assert.o)
                              C:/PROGRA~3/MATLAB/SUPPOR~1/R2018a/3P778C~1.INS/MBEDLI~1.INS/0F0230~1/TARGET_DISCO_F769NI/TOOLCHAIN_GCC_ARM/analogin_api.o (mbed_assert_internal)
C:/ProgramData/MATLAB/SupportPackages/R2018a/3P.instrset/mbedlibrary-stm.instrset/0f02307a0877/TARGET_DISCO_F769NI/TOOLCHAIN_GCC_ARM/libmbed.a(mbed_error.o)
                              C:/PROGRA~3/MATLAB/SUPPOR~1/R2018a/3P778C~1.INS/MBEDLI~1.INS/0F0230~1/TARGET_DISCO_F769NI/TOOLCHAIN_GCC_ARM/analogin_api.o (error)
C:/ProgramData/MATLAB/SupportPackages/R2018a/3P.instrset/mbedlibrary-stm.instrset/0f02307a0877/TARGET_DISCO_F769NI/TOOLCHAIN_GCC_ARM/libmbed.a(mbed_critical.o)
                              C:/PROGRA~3/MATLAB/SUPPOR~1/R2018a/3P778C~1.INS/MBEDLI~1.INS/0F0230~1/TARGET_DISCO_F769NI/TOOLCHAIN_GCC_ARM/mbed_board.o (core_util_critical_section_enter)
C:/ProgramData/MATLAB/SupportPackages/R2018a/3P.instrset/mbedlibrary-stm.instrset/0f02307a0877/TARGET_DISCO_F769NI/TOOLCHAIN_GCC_ARM/libmbed.a(mbed_wait_api_no_rtos.o)
                              C:/PROGRA~3/MATLAB/SUPPOR~1/R2018a/3P778C~1.INS/MBEDLI~1.INS/0F0230~1/TARGET_DISCO_F769NI/TOOLCHAIN_GCC_ARM/i2c_api.o (wait_us)
C:/ProgramData/MATLAB/SupportPackages/R2018a/3P.instrset/cmsis.instrset/CMSIS/Lib/GCC/libarm_cortexM7l_math.a(arm_sin_f32.o)
                              Sine_test.o (arm_sin_f32)
C:/ProgramData/MATLAB/SupportPackages/R2018a/3P.instrset/cmsis.instrset/CMSIS/Lib/GCC/libarm_cortexM7l_math.a(arm_common_tables.o)
                              C:/ProgramData/MATLAB/SupportPackages/R2018a/3P.instrset/cmsis.instrset/CMSIS/Lib/GCC/libarm_cortexM7l_math.a(arm_sin_f32.o) (sinTable_f32)
c:/progra~3/matlab/suppor~1/r2018a/3p778c~1.ins/gnuarm~1.ins/bin/../lib/gcc/arm-none-eabi/5.2.1/../../../../arm-none-eabi/lib/armv7e-m/softfp/fpv5-d16\libm.a(lib_a-s_floor.o)
                              Sine_test.o (floor)
[...]
Memory Configuration

Name             Origin             Length             Attributes
FLASH            0x08000000         0x00200000         xr
RAM              0x200001f8         0x0007fe08         xrw
*default*        0x00000000         0xffffffff

Linker script and memory map

LOAD c:/progra~3/matlab/suppor~1/r2018a/3p778c~1.ins/gnuarm~1.ins/bin/../lib/gcc/arm-none-eabi/5.2.1/armv7e-m/softfp/fpv5-d16/crti.o
LOAD c:/progra~3/matlab/suppor~1/r2018a/3p778c~1.ins/gnuarm~1.ins/bin/../lib/gcc/arm-none-eabi/5.2.1/armv7e-m/softfp/fpv5-d16/crtbegin.o
LOAD c:/progra~3/matlab/suppor~1/r2018a/3p778c~1.ins/gnuarm~1.ins/bin/../lib/gcc/arm-none-eabi/5.2.1/../../../../arm-none-eabi/lib/armv7e-m/softfp/fpv5-d16/crt0.o
LOAD C:/PROGRA~3/MATLAB/SUPPOR~1/R2018a/3P778C~1.INS/MBEDLI~1.INS/0F0230~1/TARGET_DISCO_F769NI/TOOLCHAIN_GCC_ARM/analogin_api.o
LOAD C:/PROGRA~3/MATLAB/SUPPOR~1/R2018a/3P778C~1.INS/MBEDLI~1.INS/0F0230~1/TARGET_DISCO_F769NI/TOOLCHAIN_GCC_ARM/analogout_api.o
LOAD C:/PROGRA~3/MATLAB/SUPPOR~1/R2018a/3P778C~1.INS/MBEDLI~1.INS/0F0230~1/TARGET_DISCO_F769NI/TOOLCHAIN_GCC_ARM/can_api.o
LOAD C:/PROGRA~3/MATLAB/SUPPOR~1/R2018a/3P778C~1.INS/MBEDLI~1.INS/0F0230~1/TARGET_DISCO_F769NI/TOOLCHAIN_GCC_ARM/cmsis_nvic.o
LOAD C:/PROGRA~3/MATLAB/SUPPOR~1/R2018a/3P778C~1.INS/MBEDLI~1.INS/0F0230~1/TARGET_DISCO_F769NI/TOOLCHAIN_GCC_ARM/gpio_api.o
LOAD C:/PROGRA~3/MATLAB/SUPPOR~1/R2018a/3P778C~1.INS/MBEDLI~1.INS/0F0230~1/TARGET_DISCO_F769NI/TOOLCHAIN_GCC_ARM/gpio_irq_api.o
LOAD C:/PROGRA~3/MATLAB/SUPPOR~1/R2018a/3P778C~1.INS/MBEDLI~1.INS/0F0230~1/TARGET_DISCO_F769NI/TOOLCHAIN_GCC_ARM/gpio_irq_device.o
LOAD C:/PROGRA~3/MATLAB/SUPPOR~1/R2018a/3P778C~1.INS/MBEDLI~1.INS/0F0230~1/TARGET_DISCO_F769NI/TOOLCHAIN_GCC_ARM/hal_tick_16b.o
LOAD C:/PROGRA~3/MATLAB/SUPPOR~1/R2018a/3P778C~1.INS/MBEDLI~1.INS/0F0230~1/TARGET_DISCO_F769NI/TOOLCHAIN_GCC_ARM/hal_tick_32b.o
LOAD C:/PROGRA~3/MATLAB/SUPPOR~1/R2018a/3P778C~1.INS/MBEDLI~1.INS/0F0230~1/TARGET_DISCO_F769NI/TOOLCHAIN_GCC_ARM/i2c_api.o
LOAD C:/PROGRA~3/MATLAB/SUPPOR~1/R2018a/3P778C~1.INS/MBEDLI~1.INS/0F0230~1/TARGET_DISCO_F769NI/TOOLCHAIN_GCC_ARM/lp_ticker.o
LOAD C:/PROGRA~3/MATLAB/SUPPOR~1/R2018a/3P778C~1.INS/MBEDLI~1.INS/0F0230~1/TARGET_DISCO_F769NI/TOOLCHAIN_GCC_ARM/mbed_board.o
LOAD C:/PROGRA~3/MATLAB/SUPPOR~1/R2018a/3P778C~1.INS/MBEDLI~1.INS/0F0230~1/TARGET_DISCO_F769NI/TOOLCHAIN_GCC_ARM/mbed_overrides.o
LOAD C:/PROGRA~3/MATLAB/SUPPOR~1/R2018a/3P778C~1.INS/MBEDLI~1.INS/0F0230~1/TARGET_DISCO_F769NI/TOOLCHAIN_GCC_ARM/mbed_retarget.o
LOAD C:/PROGRA~3/MATLAB/SUPPOR~1/R2018a/3P778C~1.INS/MBEDLI~1.INS/0F0230~1/TARGET_DISCO_F769NI/TOOLCHAIN_GCC_ARM/PeripheralPins.o
LOAD C:/PROGRA~3/MATLAB/SUPPOR~1/R2018a/3P778C~1.INS/MBEDLI~1.INS/0F0230~1/TARGET_DISCO_F769NI/TOOLCHAIN_GCC_ARM/pinmap.o
LOAD C:/PROGRA~3/MATLAB/SUPPOR~1/R2018a/3P778C~1.INS/MBEDLI~1.INS/0F0230~1/TARGET_DISCO_F769NI/TOOLCHAIN_GCC_ARM/port_api.o
LOAD C:/PROGRA~3/MATLAB/SUPPOR~1/R2018a/3P778C~1.INS/MBEDLI~1.INS/0F0230~1/TARGET_DISCO_F769NI/TOOLCHAIN_GCC_ARM/pwmout_api.o
LOAD C:/PROGRA~3/MATLAB/SUPPOR~1/R2018a/3P778C~1.INS/MBEDLI~1.INS/0F0230~1/TARGET_DISCO_F769NI/TOOLCHAIN_GCC_ARM/pwmout_device.o
LOAD C:/PROGRA~3/MATLAB/SUPPOR~1/R2018a/3P778C~1.INS/MBEDLI~1.INS/0F0230~1/TARGET_DISCO_F769NI/TOOLCHAIN_GCC_ARM/rtc_api.o
LOAD C:/PROGRA~3/MATLAB/SUPPOR~1/R2018a/3P778C~1.INS/MBEDLI~1.INS/0F0230~1/TARGET_DISCO_F769NI/TOOLCHAIN_GCC_ARM/serial_api.o
LOAD C:/PROGRA~3/MATLAB/SUPPOR~1/R2018a/3P778C~1.INS/MBEDLI~1.INS/0F0230~1/TARGET_DISCO_F769NI/TOOLCHAIN_GCC_ARM/sleep.o
LOAD C:/PROGRA~3/MATLAB/SUPPOR~1/R2018a/3P778C~1.INS/MBEDLI~1.INS/0F0230~1/TARGET_DISCO_F769NI/TOOLCHAIN_GCC_ARM/spi_api.o
LOAD C:/PROGRA~3/MATLAB/SUPPOR~1/R2018a/3P778C~1.INS/MBEDLI~1.INS/0F0230~1/TARGET_DISCO_F769NI/TOOLCHAIN_GCC_ARM/startup_stm32f769xx.o
LOAD C:/PROGRA~3/MATLAB/SUPPOR~1/R2018a/3P778C~1.INS/MBEDLI~1.INS/0F0230~1/TARGET_DISCO_F769NI/TOOLCHAIN_GCC_ARM/stm32f7xx_hal.o
LOAD C:/PROGRA~3/MATLAB/SUPPOR~1/R2018a/3P778C~1.INS/MBEDLI~1.INS/0F0230~1/TARGET_DISCO_F769NI/TOOLCHAIN_GCC_ARM/stm32f7xx_hal_adc.o
LOAD C:/PROGRA~3/MATLAB/SUPPOR~1/R2018a/3P778C~1.INS/MBEDLI~1.INS/0F0230~1/TARGET_DISCO_F769NI/TOOLCHAIN_GCC_ARM/stm32f7xx_hal_adc_ex.o
LOAD C:/PROGRA~3/MATLAB/SUPPOR~1/R2018a/3P778C~1.INS/MBEDLI~1.INS/0F0230~1/TARGET_DISCO_F769NI/TOOLCHAIN_GCC_ARM/stm32f7xx_hal_can.o
LOAD C:/PROGRA~3/MATLAB/SUPPOR~1/R2018a/3P778C~1.INS/MBEDLI~1.INS/0F0230~1/TARGET_DISCO_F769NI/TOOLCHAIN_GCC_ARM/stm32f7xx_hal_cec.o
LOAD C:/PROGRA~3/MATLAB/SUPPOR~1/R2018a/3P778C~1.INS/MBEDLI~1.INS/0F0230~1/TARGET_DISCO_F769NI/TOOLCHAIN_GCC_ARM/stm32f7xx_hal_cortex.o
LOAD C:/PROGRA~3/MATLAB/SUPPOR~1/R2018a/3P778C~1.INS/MBEDLI~1.INS/0F0230~1/TARGET_DISCO_F769NI/TOOLCHAIN_GCC_ARM/stm32f7xx_hal_crc.o
LOAD C:/PROGRA~3/MATLAB/SUPPOR~1/R2018a/3P778C~1.INS/MBEDLI~1.INS/0F0230~1/TARGET_DISCO_F769NI/TOOLCHAIN_GCC_ARM/stm32f7xx_hal_crc_ex.o
LOAD C:/PROGRA~3/MATLAB/SUPPOR~1/R2018a/3P778C~1.INS/MBEDLI~1.INS/0F0230~1/TARGET_DISCO_F769NI/TOOLCHAIN_GCC_ARM/stm32f7xx_hal_cryp.o
LOAD C:/PROGRA~3/MATLAB/SUPPOR~1/R2018a/3P778C~1.INS/MBEDLI~1.INS/0F0230~1/TARGET_DISCO_F769NI/TOOLCHAIN_GCC_ARM/stm32f7xx_hal_cryp_ex.o
LOAD C:/PROGRA~3/MATLAB/SUPPOR~1/R2018a/3P778C~1.INS/MBEDLI~1.INS/0F0230~1/TARGET_DISCO_F769NI/TOOLCHAIN_GCC_ARM/stm32f7xx_hal_dac.o
LOAD C:/PROGRA~3/MATLAB/SUPPOR~1/R2018a/3P778C~1.INS/MBEDLI~1.INS/0F0230~1/TARGET_DISCO_F769NI/TOOLCHAIN_GCC_ARM/stm32f7xx_hal_dac_ex.o
LOAD C:/PROGRA~3/MATLAB/SUPPOR~1/R2018a/3P778C~1.INS/MBEDLI~1.INS/0F0230~1/TARGET_DISCO_F769NI/TOOLCHAIN_GCC_ARM/stm32f7xx_hal_dcmi.o
LOAD C:/PROGRA~3/MATLAB/SUPPOR~1/R2018a/3P778C~1.INS/MBEDLI~1.INS/0F0230~1/TARGET_DISCO_F769NI/TOOLCHAIN_GCC_ARM/stm32f7xx_hal_dcmi_ex.o
LOAD C:/PROGRA~3/MATLAB/SUPPOR~1/R2018a/3P778C~1.INS/MBEDLI~1.INS/0F0230~1/TARGET_DISCO_F769NI/TOOLCHAIN_GCC_ARM/stm32f7xx_hal_dfsdm.o
LOAD C:/PROGRA~3/MATLAB/SUPPOR~1/R2018a/3P778C~1.INS/MBEDLI~1.INS/0F0230~1/TARGET_DISCO_F769NI/TOOLCHAIN_GCC_ARM/stm32f7xx_hal_dma.o
LOAD C:/PROGRA~3/MATLAB/SUPPOR~1/R2018a/3P778C~1.INS/MBEDLI~1.INS/0F0230~1/TARGET_DISCO_F769NI/TOOLCHAIN_GCC_ARM/stm32f7xx_hal_dma2d.o
LOAD C:/PROGRA~3/MATLAB/SUPPOR~1/R2018a/3P778C~1.INS/MBEDLI~1.INS/0F0230~1/TARGET_DISCO_F769NI/TOOLCHAIN_GCC_ARM/stm32f7xx_hal_dma_ex.o
LOAD C:/PROGRA~3/MATLAB/SUPPOR~1/R2018a/3P778C~1.INS/MBEDLI~1.INS/0F0230~1/TARGET_DISCO_F769NI/TOOLCHAIN_GCC_ARM/stm32f7xx_hal_dsi.o
LOAD C:/PROGRA~3/MATLAB/SUPPOR~1/R2018a/3P778C~1.INS/MBEDLI~1.INS/0F0230~1/TARGET_DISCO_F769NI/TOOLCHAIN_GCC_ARM/stm32f7xx_hal_eth.o
LOAD C:/PROGRA~3/MATLAB/SUPPOR~1/R2018a/3P778C~1.INS/MBEDLI~1.INS/0F0230~1/TARGET_DISCO_F769NI/TOOLCHAIN_GCC_ARM/stm32f7xx_hal_flash.o
LOAD C:/PROGRA~3/MATLAB/SUPPOR~1/R2018a/3P778C~1.INS/MBEDLI~1.INS/0F0230~1/TARGET_DISCO_F769NI/TOOLCHAIN_GCC_ARM/stm32f7xx_hal_flash_ex.o
LOAD C:/PROGRA~3/MATLAB/SUPPOR~1/R2018a/3P778C~1.INS/MBEDLI~1.INS/0F0230~1/TARGET_DISCO_F769NI/TOOLCHAIN_GCC_ARM/stm32f7xx_hal_gpio.o
LOAD C:/PROGRA~3/MATLAB/SUPPOR~1/R2018a/3P778C~1.INS/MBEDLI~1.INS/0F0230~1/TARGET_DISCO_F769NI/TOOLCHAIN_GCC_ARM/stm32f7xx_hal_hash.o
LOAD C:/PROGRA~3/MATLAB/SUPPOR~1/R2018a/3P778C~1.INS/MBEDLI~1.INS/0F0230~1/TARGET_DISCO_F769NI/TOOLCHAIN_GCC_ARM/stm32f7xx_hal_hash_ex.o
LOAD C:/PROGRA~3/MATLAB/SUPPOR~1/R2018a/3P778C~1.INS/MBEDLI~1.INS/0F0230~1/TARGET_DISCO_F769NI/TOOLCHAIN_GCC_ARM/stm32f7xx_hal_hcd.o
LOAD C:/PROGRA~3/MATLAB/SUPPOR~1/R2018a/3P778C~1.INS/MBEDLI~1.INS/0F0230~1/TARGET_DISCO_F769NI/TOOLCHAIN_GCC_ARM/stm32f7xx_hal_i2c.o
LOAD C:/PROGRA~3/MATLAB/SUPPOR~1/R2018a/3P778C~1.INS/MBEDLI~1.INS/0F0230~1/TARGET_DISCO_F769NI/TOOLCHAIN_GCC_ARM/stm32f7xx_hal_i2c_ex.o
LOAD C:/PROGRA~3/MATLAB/SUPPOR~1/R2018a/3P778C~1.INS/MBEDLI~1.INS/0F0230~1/TARGET_DISCO_F769NI/TOOLCHAIN_GCC_ARM/stm32f7xx_hal_i2s.o
LOAD C:/PROGRA~3/MATLAB/SUPPOR~1/R2018a/3P778C~1.INS/MBEDLI~1.INS/0F0230~1/TARGET_DISCO_F769NI/TOOLCHAIN_GCC_ARM/stm32f7xx_hal_irda.o
LOAD C:/PROGRA~3/MATLAB/SUPPOR~1/R2018a/3P778C~1.INS/MBEDLI~1.INS/0F0230~1/TARGET_DISCO_F769NI/TOOLCHAIN_GCC_ARM/stm32f7xx_hal_iwdg.o
LOAD C:/PROGRA~3/MATLAB/SUPPOR~1/R2018a/3P778C~1.INS/MBEDLI~1.INS/0F0230~1/TARGET_DISCO_F769NI/TOOLCHAIN_GCC_ARM/stm32f7xx_hal_jpeg.o
LOAD C:/PROGRA~3/MATLAB/SUPPOR~1/R2018a/3P778C~1.INS/MBEDLI~1.INS/0F0230~1/TARGET_DISCO_F769NI/TOOLCHAIN_GCC_ARM/stm32f7xx_hal_lptim.o
LOAD C:/PROGRA~3/MATLAB/SUPPOR~1/R2018a/3P778C~1.INS/MBEDLI~1.INS/0F0230~1/TARGET_DISCO_F769NI/TOOLCHAIN_GCC_ARM/stm32f7xx_hal_ltdc.o
LOAD C:/PROGRA~3/MATLAB/SUPPOR~1/R2018a/3P778C~1.INS/MBEDLI~1.INS/0F0230~1/TARGET_DISCO_F769NI/TOOLCHAIN_GCC_ARM/stm32f7xx_hal_ltdc_ex.o
LOAD C:/PROGRA~3/MATLAB/SUPPOR~1/R2018a/3P778C~1.INS/MBEDLI~1.INS/0F0230~1/TARGET_DISCO_F769NI/TOOLCHAIN_GCC_ARM/stm32f7xx_hal_mdios.o
LOAD C:/PROGRA~3/MATLAB/SUPPOR~1/R2018a/3P778C~1.INS/MBEDLI~1.INS/0F0230~1/TARGET_DISCO_F769NI/TOOLCHAIN_GCC_ARM/stm32f7xx_hal_mmc.o
LOAD C:/PROGRA~3/MATLAB/SUPPOR~1/R2018a/3P778C~1.INS/MBEDLI~1.INS/0F0230~1/TARGET_DISCO_F769NI/TOOLCHAIN_GCC_ARM/stm32f7xx_hal_nand.o
LOAD C:/PROGRA~3/MATLAB/SUPPOR~1/R2018a/3P778C~1.INS/MBEDLI~1.INS/0F0230~1/TARGET_DISCO_F769NI/TOOLCHAIN_GCC_ARM/stm32f7xx_hal_nor.o
LOAD C:/PROGRA~3/MATLAB/SUPPOR~1/R2018a/3P778C~1.INS/MBEDLI~1.INS/0F0230~1/TARGET_DISCO_F769NI/TOOLCHAIN_GCC_ARM/stm32f7xx_hal_pcd.o
LOAD C:/PROGRA~3/MATLAB/SUPPOR~1/R2018a/3P778C~1.INS/MBEDLI~1.INS/0F0230~1/TARGET_DISCO_F769NI/TOOLCHAIN_GCC_ARM/stm32f7xx_hal_pcd_ex.o
LOAD C:/PROGRA~3/MATLAB/SUPPOR~1/R2018a/3P778C~1.INS/MBEDLI~1.INS/0F0230~1/TARGET_DISCO_F769NI/TOOLCHAIN_GCC_ARM/stm32f7xx_hal_pwr.o
LOAD C:/PROGRA~3/MATLAB/SUPPOR~1/R2018a/3P778C~1.INS/MBEDLI~1.INS/0F0230~1/TARGET_DISCO_F769NI/TOOLCHAIN_GCC_ARM/stm32f7xx_hal_pwr_ex.o
LOAD C:/PROGRA~3/MATLAB/SUPPOR~1/R2018a/3P778C~1.INS/MBEDLI~1.INS/0F0230~1/TARGET_DISCO_F769NI/TOOLCHAIN_GCC_ARM/stm32f7xx_hal_qspi.o
LOAD C:/PROGRA~3/MATLAB/SUPPOR~1/R2018a/3P778C~1.INS/MBEDLI~1.INS/0F0230~1/TARGET_DISCO_F769NI/TOOLCHAIN_GCC_ARM/stm32f7xx_hal_rcc.o
LOAD C:/PROGRA~3/MATLAB/SUPPOR~1/R2018a/3P778C~1.INS/MBEDLI~1.INS/0F0230~1/TARGET_DISCO_F769NI/TOOLCHAIN_GCC_ARM/stm32f7xx_hal_rcc_ex.o
LOAD C:/PROGRA~3/MATLAB/SUPPOR~1/R2018a/3P778C~1.INS/MBEDLI~1.INS/0F0230~1/TARGET_DISCO_F769NI/TOOLCHAIN_GCC_ARM/stm32f7xx_hal_rng.o
LOAD C:/PROGRA~3/MATLAB/SUPPOR~1/R2018a/3P778C~1.INS/MBEDLI~1.INS/0F0230~1/TARGET_DISCO_F769NI/TOOLCHAIN_GCC_ARM/stm32f7xx_hal_rtc.o
LOAD C:/PROGRA~3/MATLAB/SUPPOR~1/R2018a/3P778C~1.INS/MBEDLI~1.INS/0F0230~1/TARGET_DISCO_F769NI/TOOLCHAIN_GCC_ARM/stm32f7xx_hal_rtc_ex.o
LOAD C:/PROGRA~3/MATLAB/SUPPOR~1/R2018a/3P778C~1.INS/MBEDLI~1.INS/0F0230~1/TARGET_DISCO_F769NI/TOOLCHAIN_GCC_ARM/stm32f7xx_hal_sai.o
LOAD C:/PROGRA~3/MATLAB/SUPPOR~1/R2018a/3P778C~1.INS/MBEDLI~1.INS/0F0230~1/TARGET_DISCO_F769NI/TOOLCHAIN_GCC_ARM/stm32f7xx_hal_sai_ex.o
LOAD C:/PROGRA~3/MATLAB/SUPPOR~1/R2018a/3P778C~1.INS/MBEDLI~1.INS/0F0230~1/TARGET_DISCO_F769NI/TOOLCHAIN_GCC_ARM/stm32f7xx_hal_sd.o
LOAD C:/PROGRA~3/MATLAB/SUPPOR~1/R2018a/3P778C~1.INS/MBEDLI~1.INS/0F0230~1/TARGET_DISCO_F769NI/TOOLCHAIN_GCC_ARM/stm32f7xx_hal_sdram.o
LOAD C:/PROGRA~3/MATLAB/SUPPOR~1/R2018a/3P778C~1.INS/MBEDLI~1.INS/0F0230~1/TARGET_DISCO_F769NI/TOOLCHAIN_GCC_ARM/stm32f7xx_hal_smartcard.o
LOAD C:/PROGRA~3/MATLAB/SUPPOR~1/R2018a/3P778C~1.INS/MBEDLI~1.INS/0F0230~1/TARGET_DISCO_F769NI/TOOLCHAIN_GCC_ARM/stm32f7xx_hal_smartcard_ex.o
LOAD C:/PROGRA~3/MATLAB/SUPPOR~1/R2018a/3P778C~1.INS/MBEDLI~1.INS/0F0230~1/TARGET_DISCO_F769NI/TOOLCHAIN_GCC_ARM/stm32f7xx_hal_smbus.o
LOAD C:/PROGRA~3/MATLAB/SUPPOR~1/R2018a/3P778C~1.INS/MBEDLI~1.INS/0F0230~1/TARGET_DISCO_F769NI/TOOLCHAIN_GCC_ARM/stm32f7xx_hal_spdifrx.o
LOAD C:/PROGRA~3/MATLAB/SUPPOR~1/R2018a/3P778C~1.INS/MBEDLI~1.INS/0F0230~1/TARGET_DISCO_F769NI/TOOLCHAIN_GCC_ARM/stm32f7xx_hal_spi.o
LOAD C:/PROGRA~3/MATLAB/SUPPOR~1/R2018a/3P778C~1.INS/MBEDLI~1.INS/0F0230~1/TARGET_DISCO_F769NI/TOOLCHAIN_GCC_ARM/stm32f7xx_hal_sram.o
LOAD C:/PROGRA~3/MATLAB/SUPPOR~1/R2018a/3P778C~1.INS/MBEDLI~1.INS/0F0230~1/TARGET_DISCO_F769NI/TOOLCHAIN_GCC_ARM/stm32f7xx_hal_tim.o
LOAD C:/PROGRA~3/MATLAB/SUPPOR~1/R2018a/3P778C~1.INS/MBEDLI~1.INS/0F0230~1/TARGET_DISCO_F769NI/TOOLCHAIN_GCC_ARM/stm32f7xx_hal_tim_ex.o
LOAD C:/PROGRA~3/MATLAB/SUPPOR~1/R2018a/3P778C~1.INS/MBEDLI~1.INS/0F0230~1/TARGET_DISCO_F769NI/TOOLCHAIN_GCC_ARM/stm32f7xx_hal_uart.o
LOAD C:/PROGRA~3/MATLAB/SUPPOR~1/R2018a/3P778C~1.INS/MBEDLI~1.INS/0F0230~1/TARGET_DISCO_F769NI/TOOLCHAIN_GCC_ARM/stm32f7xx_hal_usart.o
LOAD C:/PROGRA~3/MATLAB/SUPPOR~1/R2018a/3P778C~1.INS/MBEDLI~1.INS/0F0230~1/TARGET_DISCO_F769NI/TOOLCHAIN_GCC_ARM/stm32f7xx_hal_wwdg.o
LOAD C:/PROGRA~3/MATLAB/SUPPOR~1/R2018a/3P778C~1.INS/MBEDLI~1.INS/0F0230~1/TARGET_DISCO_F769NI/TOOLCHAIN_GCC_ARM/stm32f7xx_ll_adc.o
LOAD C:/PROGRA~3/MATLAB/SUPPOR~1/R2018a/3P778C~1.INS/MBEDLI~1.INS/0F0230~1/TARGET_DISCO_F769NI/TOOLCHAIN_GCC_ARM/stm32f7xx_ll_crc.o
LOAD C:/PROGRA~3/MATLAB/SUPPOR~1/R2018a/3P778C~1.INS/MBEDLI~1.INS/0F0230~1/TARGET_DISCO_F769NI/TOOLCHAIN_GCC_ARM/stm32f7xx_ll_dac.o
LOAD C:/PROGRA~3/MATLAB/SUPPOR~1/R2018a/3P778C~1.INS/MBEDLI~1.INS/0F0230~1/TARGET_DISCO_F769NI/TOOLCHAIN_GCC_ARM/stm32f7xx_ll_dma.o
LOAD C:/PROGRA~3/MATLAB/SUPPOR~1/R2018a/3P778C~1.INS/MBEDLI~1.INS/0F0230~1/TARGET_DISCO_F769NI/TOOLCHAIN_GCC_ARM/stm32f7xx_ll_dma2d.o
LOAD C:/PROGRA~3/MATLAB/SUPPOR~1/R2018a/3P778C~1.INS/MBEDLI~1.INS/0F0230~1/TARGET_DISCO_F769NI/TOOLCHAIN_GCC_ARM/stm32f7xx_ll_exti.o
LOAD C:/PROGRA~3/MATLAB/SUPPOR~1/R2018a/3P778C~1.INS/MBEDLI~1.INS/0F0230~1/TARGET_DISCO_F769NI/TOOLCHAIN_GCC_ARM/stm32f7xx_ll_fmc.o
LOAD C:/PROGRA~3/MATLAB/SUPPOR~1/R2018a/3P778C~1.INS/MBEDLI~1.INS/0F0230~1/TARGET_DISCO_F769NI/TOOLCHAIN_GCC_ARM/stm32f7xx_ll_gpio.o
LOAD C:/PROGRA~3/MATLAB/SUPPOR~1/R2018a/3P778C~1.INS/MBEDLI~1.INS/0F0230~1/TARGET_DISCO_F769NI/TOOLCHAIN_GCC_ARM/stm32f7xx_ll_i2c.o
LOAD C:/PROGRA~3/MATLAB/SUPPOR~1/R2018a/3P778C~1.INS/MBEDLI~1.INS/0F0230~1/TARGET_DISCO_F769NI/TOOLCHAIN_GCC_ARM/stm32f7xx_ll_lptim.o
LOAD C:/PROGRA~3/MATLAB/SUPPOR~1/R2018a/3P778C~1.INS/MBEDLI~1.INS/0F0230~1/TARGET_DISCO_F769NI/TOOLCHAIN_GCC_ARM/stm32f7xx_ll_pwr.o
LOAD C:/PROGRA~3/MATLAB/SUPPOR~1/R2018a/3P778C~1.INS/MBEDLI~1.INS/0F0230~1/TARGET_DISCO_F769NI/TOOLCHAIN_GCC_ARM/stm32f7xx_ll_rcc.o
LOAD C:/PROGRA~3/MATLAB/SUPPOR~1/R2018a/3P778C~1.INS/MBEDLI~1.INS/0F0230~1/TARGET_DISCO_F769NI/TOOLCHAIN_GCC_ARM/stm32f7xx_ll_rng.o
LOAD C:/PROGRA~3/MATLAB/SUPPOR~1/R2018a/3P778C~1.INS/MBEDLI~1.INS/0F0230~1/TARGET_DISCO_F769NI/TOOLCHAIN_GCC_ARM/stm32f7xx_ll_rtc.o
LOAD C:/PROGRA~3/MATLAB/SUPPOR~1/R2018a/3P778C~1.INS/MBEDLI~1.INS/0F0230~1/TARGET_DISCO_F769NI/TOOLCHAIN_GCC_ARM/stm32f7xx_ll_sdmmc.o
LOAD C:/PROGRA~3/MATLAB/SUPPOR~1/R2018a/3P778C~1.INS/MBEDLI~1.INS/0F0230~1/TARGET_DISCO_F769NI/TOOLCHAIN_GCC_ARM/stm32f7xx_ll_spi.o
LOAD C:/PROGRA~3/MATLAB/SUPPOR~1/R2018a/3P778C~1.INS/MBEDLI~1.INS/0F0230~1/TARGET_DISCO_F769NI/TOOLCHAIN_GCC_ARM/stm32f7xx_ll_tim.o
LOAD C:/PROGRA~3/MATLAB/SUPPOR~1/R2018a/3P778C~1.INS/MBEDLI~1.INS/0F0230~1/TARGET_DISCO_F769NI/TOOLCHAIN_GCC_ARM/stm32f7xx_ll_usart.o
LOAD C:/PROGRA~3/MATLAB/SUPPOR~1/R2018a/3P778C~1.INS/MBEDLI~1.INS/0F0230~1/TARGET_DISCO_F769NI/TOOLCHAIN_GCC_ARM/stm32f7xx_ll_usb.o
LOAD C:/PROGRA~3/MATLAB/SUPPOR~1/R2018a/3P778C~1.INS/MBEDLI~1.INS/0F0230~1/TARGET_DISCO_F769NI/TOOLCHAIN_GCC_ARM/stm32f7xx_ll_utils.o
LOAD C:/PROGRA~3/MATLAB/SUPPOR~1/R2018a/3P778C~1.INS/MBEDLI~1.INS/0F0230~1/TARGET_DISCO_F769NI/TOOLCHAIN_GCC_ARM/stm_spi_api.o
LOAD C:/PROGRA~3/MATLAB/SUPPOR~1/R2018a/3P778C~1.INS/MBEDLI~1.INS/0F0230~1/TARGET_DISCO_F769NI/TOOLCHAIN_GCC_ARM/system_stm32f7xx.o
LOAD C:/PROGRA~3/MATLAB/SUPPOR~1/R2018a/3P778C~1.INS/MBEDLI~1.INS/0F0230~1/TARGET_DISCO_F769NI/TOOLCHAIN_GCC_ARM/trng_api.o
LOAD C:/PROGRA~3/MATLAB/SUPPOR~1/R2018a/3P778C~1.INS/MBEDLI~1.INS/0F0230~1/TARGET_DISCO_F769NI/TOOLCHAIN_GCC_ARM/us_ticker_16b.o
LOAD C:/PROGRA~3/MATLAB/SUPPOR~1/R2018a/3P778C~1.INS/MBEDLI~1.INS/0F0230~1/TARGET_DISCO_F769NI/TOOLCHAIN_GCC_ARM/us_ticker_32b.o
LOAD stm32f7_audio_wrapper.o
LOAD stm32f769i_discovery.o
LOAD stm32f769i_discovery_audio.o
LOAD wm8994.o
LOAD Sine_test.o
LOAD Sine_test_data.o
LOAD rtGetInf.o
LOAD rtGetNaN.o
LOAD rt_nonfinite.o
LOAD ext_svr.o
LOAD updown.o
LOAD ext_work.o
LOAD rtiostream_utils.o
LOAD stm32f769i_init_board.o
LOAD mw_mbed_interface.o
LOAD BufferedSerial.o
LOAD SysTickScheduler.o
LOAD m3m4m4f_multitasking.o
LOAD ext_serial_pkt.o
LOAD rtiostream_serial_interface.o
LOAD ext_svr_serial_transport.o
LOAD rtiostream_serial_mbed.o
LOAD ert_main.o
LOAD C:/ProgramData/MATLAB/SupportPackages/R2018a/3P.instrset/mbedlibrary-stm.instrset/0f02307a0877/TARGET_DISCO_F769NI/TOOLCHAIN_GCC_ARM/libmbed.a
LOAD C:/ProgramData/MATLAB/SupportPackages/R2018a/3P.instrset/cmsis.instrset/CMSIS/Lib/GCC/libarm_cortexM7l_math.a
LOAD c:/progra~3/matlab/suppor~1/r2018a/3p778c~1.ins/gnuarm~1.ins/bin/../lib/gcc/arm-none-eabi/5.2.1/../../../../arm-none-eabi/lib/armv7e-m/softfp/fpv5-d16\libstdc++_nano.a
LOAD c:/progra~3/matlab/suppor~1/r2018a/3p778c~1.ins/gnuarm~1.ins/bin/../lib/gcc/arm-none-eabi/5.2.1/../../../../arm-none-eabi/lib/armv7e-m/softfp/fpv5-d16\libm.a
START GROUP
LOAD c:/progra~3/matlab/suppor~1/r2018a/3p778c~1.ins/gnuarm~1.ins/bin/../lib/gcc/arm-none-eabi/5.2.1/armv7e-m/softfp/fpv5-d16\libgcc.a
LOAD c:/progra~3/matlab/suppor~1/r2018a/3p778c~1.ins/gnuarm~1.ins/bin/../lib/gcc/arm-none-eabi/5.2.1/../../../../arm-none-eabi/lib/armv7e-m/softfp/fpv5-d16\libc_nano.a
END GROUP
START GROUP
LOAD c:/progra~3/matlab/suppor~1/r2018a/3p778c~1.ins/gnuarm~1.ins/bin/../lib/gcc/arm-none-eabi/5.2.1/armv7e-m/softfp/fpv5-d16\libgcc.a
LOAD c:/progra~3/matlab/suppor~1/r2018a/3p778c~1.ins/gnuarm~1.ins/bin/../lib/gcc/arm-none-eabi/5.2.1/../../../../arm-none-eabi/lib/armv7e-m/softfp/fpv5-d16\libc_nano.a
LOAD c:/progra~3/matlab/suppor~1/r2018a/3p778c~1.ins/gnuarm~1.ins/bin/../lib/gcc/arm-none-eabi/5.2.1/../../../../arm-none-eabi/lib/armv7e-m/softfp/fpv5-d16\libnosys.a
END GROUP
START GROUP
LOAD c:/progra~3/matlab/suppor~1/r2018a/3p778c~1.ins/gnuarm~1.ins/bin/../lib/gcc/arm-none-eabi/5.2.1/armv7e-m/softfp/fpv5-d16\libgcc.a
LOAD c:/progra~3/matlab/suppor~1/r2018a/3p778c~1.ins/gnuarm~1.ins/bin/../lib/gcc/arm-none-eabi/5.2.1/../../../../arm-none-eabi/lib/armv7e-m/softfp/fpv5-d16\libc_nano.a
LOAD c:/progra~3/matlab/suppor~1/r2018a/3p778c~1.ins/gnuarm~1.ins/bin/../lib/gcc/arm-none-eabi/5.2.1/../../../../arm-none-eabi/lib/armv7e-m/softfp/fpv5-d16\libnosys.a
END GROUP
LOAD c:/progra~3/matlab/suppor~1/r2018a/3p778c~1.ins/gnuarm~1.ins/bin/../lib/gcc/arm-none-eabi/5.2.1/armv7e-m/softfp/fpv5-d16/crtend.o
LOAD c:/progra~3/matlab/suppor~1/r2018a/3p778c~1.ins/gnuarm~1.ins/bin/../lib/gcc/arm-none-eabi/5.2.1/armv7e-m/softfp/fpv5-d16/crtn.o

.text           0x08000000    0x10e00
 *(.isr_vector)
 .isr_vector    0x08000000      0x1f8 C:/PROGRA~3/MATLAB/SUPPOR~1/R2018a/3P778C~1.INS/MBEDLI~1.INS/0F0230~1/TARGET_DISCO_F769NI/TOOLCHAIN_GCC_ARM/startup_stm32f769xx.o
                0x08000000                g_pfnVectors
 *(.text*)
 .text          0x080001f8       0xa4 c:/progra~3/matlab/suppor~1/r2018a/3p778c~1.ins/gnuarm~1.ins/bin/../lib/gcc/arm-none-eabi/5.2.1/armv7e-m/softfp/fpv5-d16/crtbegin.o
 .text          0x0800029c       0x74 c:/progra~3/matlab/suppor~1/r2018a/3p778c~1.ins/gnuarm~1.ins/bin/../lib/gcc/arm-none-eabi/5.2.1/../../../../arm-none-eabi/lib/armv7e-m/softfp/fpv5-d16/crt0.o
                0x0800029c                _start
                0x0800029c                _mainCRTStartup
 .text.can_irq  0x08000310      0x108 C:/PROGRA~3/MATLAB/SUPPOR~1/R2018a/3P778C~1.INS/MBEDLI~1.INS/0F0230~1/TARGET_DISCO_F769NI/TOOLCHAIN_GCC_ARM/can_api.o
 .text.CAN1_SCE_IRQHandler
                0x08000418        0xc C:/PROGRA~3/MATLAB/SUPPOR~1/R2018a/3P778C~1.INS/MBEDLI~1.INS/0F0230~1/TARGET_DISCO_F769NI/TOOLCHAIN_GCC_ARM/can_api.o
                0x08000418                CAN1_SCE_IRQHandler
 .text.CAN1_TX_IRQHandler
                0x08000424        0x4 C:/PROGRA~3/MATLAB/SUPPOR~1/R2018a/3P778C~1.INS/MBEDLI~1.INS/0F0230~1/TARGET_DISCO_F769NI/TOOLCHAIN_GCC_ARM/can_api.o
                0x08000424                CAN1_TX_IRQHandler
 .text.CAN1_RX0_IRQHandler
                0x08000428        0x4 C:/PROGRA~3/MATLAB/SUPPOR~1/R2018a/3P778C~1.INS/MBEDLI~1.INS/0F0230~1/TARGET_DISCO_F769NI/TOOLCHAIN_GCC_ARM/can_api.o
                0x08000428                CAN1_RX0_IRQHandler
 .text.CAN2_SCE_IRQHandler
                0x0800042c        0xc C:/PROGRA~3/MATLAB/SUPPOR~1/R2018a/3P778C~1.INS/MBEDLI~1.INS/0F0230~1/TARGET_DISCO_F769NI/TOOLCHAIN_GCC_ARM/can_api.o
                0x0800042c                CAN2_SCE_IRQHandler
 .text.CAN2_TX_IRQHandler
                0x08000438        0x4 C:/PROGRA~3/MATLAB/SUPPOR~1/R2018a/3P778C~1.INS/MBEDLI~1.INS/0F0230~1/TARGET_DISCO_F769NI/TOOLCHAIN_GCC_ARM/can_api.o
                0x08000438                CAN2_TX_IRQHandler
 .text.CAN2_RX0_IRQHandler
                0x0800043c        0x4 C:/PROGRA~3/MATLAB/SUPPOR~1/R2018a/3P778C~1.INS/MBEDLI~1.INS/0F0230~1/TARGET_DISCO_F769NI/TOOLCHAIN_GCC_ARM/can_api.o
                0x0800043c                CAN2_RX0_IRQHandler
 .text.NVIC_SetVector
                0x08000440       0x40 C:/PROGRA~3/MATLAB/SUPPOR~1/R2018a/3P778C~1.INS/MBEDLI~1.INS/0F0230~1/TARGET_DISCO_F769NI/TOOLCHAIN_GCC_ARM/cmsis_nvic.o
                0x08000440                NVIC_SetVector
 .text.Set_GPIO_Clock
                0x08000480      0x164 C:/PROGRA~3/MATLAB/SUPPOR~1/R2018a/3P778C~1.INS/MBEDLI~1.INS/0F0230~1/TARGET_DISCO_F769NI/TOOLCHAIN_GCC_ARM/gpio_api.o
                0x08000480                Set_GPIO_Clock
 .text.timer_irq_handler
                0x080005e4       0x58 C:/PROGRA~3/MATLAB/SUPPOR~1/R2018a/3P778C~1.INS/MBEDLI~1.INS/0F0230~1/TARGET_DISCO_F769NI/TOOLCHAIN_GCC_ARM/hal_tick_32b.o
                0x080005e4                timer_irq_handler
 .text.HAL_InitTick
                0x0800063c       0xbc C:/PROGRA~3/MATLAB/SUPPOR~1/R2018a/3P778C~1.INS/MBEDLI~1.INS/0F0230~1/TARGET_DISCO_F769NI/TOOLCHAIN_GCC_ARM/hal_tick_32b.o
                0x0800063c                HAL_InitTick
 .text.mbed_die
                0x080006f8       0x14 C:/PROGRA~3/MATLAB/SUPPOR~1/R2018a/3P778C~1.INS/MBEDLI~1.INS/0F0230~1/TARGET_DISCO_F769NI/TOOLCHAIN_GCC_ARM/mbed_board.o
                0x080006f8                mbed_die
 .text.mbed_error_vfprintf
                0x0800070c       0x54 C:/PROGRA~3/MATLAB/SUPPOR~1/R2018a/3P778C~1.INS/MBEDLI~1.INS/0F0230~1/TARGET_DISCO_F769NI/TOOLCHAIN_GCC_ARM/mbed_board.o
                0x0800070c                mbed_error_vfprintf
 .text.mbed_error_printf
                0x08000760       0x1a C:/PROGRA~3/MATLAB/SUPPOR~1/R2018a/3P778C~1.INS/MBEDLI~1.INS/0F0230~1/TARGET_DISCO_F769NI/TOOLCHAIN_GCC_ARM/mbed_board.o
                0x08000760                mbed_error_printf
 .text.mbed_sdk_init
                0x0800077a        0xe C:/PROGRA~3/MATLAB/SUPPOR~1/R2018a/3P778C~1.INS/MBEDLI~1.INS/0F0230~1/TARGET_DISCO_F769NI/TOOLCHAIN_GCC_ARM/mbed_overrides.o
                0x0800077a                mbed_sdk_init
 .text.HAL_Delay
                0x08000788       0x20 C:/PROGRA~3/MATLAB/SUPPOR~1/R2018a/3P778C~1.INS/MBEDLI~1.INS/0F0230~1/TARGET_DISCO_F769NI/TOOLCHAIN_GCC_ARM/mbed_overrides.o
                0x08000788                HAL_Delay
 .text._ZL11init_serialv
                0x080007a8       0x2c C:/PROGRA~3/MATLAB/SUPPOR~1/R2018a/3P778C~1.INS/MBEDLI~1.INS/0F0230~1/TARGET_DISCO_F769NI/TOOLCHAIN_GCC_ARM/mbed_retarget.o
 .text._close   0x080007d4       0x40 C:/PROGRA~3/MATLAB/SUPPOR~1/R2018a/3P778C~1.INS/MBEDLI~1.INS/0F0230~1/TARGET_DISCO_F769NI/TOOLCHAIN_GCC_ARM/mbed_retarget.o
                0x080007d4                _close
 .text._write   0x08000814       0x6c C:/PROGRA~3/MATLAB/SUPPOR~1/R2018a/3P778C~1.INS/MBEDLI~1.INS/0F0230~1/TARGET_DISCO_F769NI/TOOLCHAIN_GCC_ARM/mbed_retarget.o
                0x08000814                _write
 .text._read    0x08000880       0x60 C:/PROGRA~3/MATLAB/SUPPOR~1/R2018a/3P778C~1.INS/MBEDLI~1.INS/0F0230~1/TARGET_DISCO_F769NI/TOOLCHAIN_GCC_ARM/mbed_retarget.o
                0x08000880                _read
 .text._isatty  0x080008e0       0x40 C:/PROGRA~3/MATLAB/SUPPOR~1/R2018a/3P778C~1.INS/MBEDLI~1.INS/0F0230~1/TARGET_DISCO_F769NI/TOOLCHAIN_GCC_ARM/mbed_retarget.o
                0x080008e0                _isatty
 .text._lseek   0x08000920       0x3c C:/PROGRA~3/MATLAB/SUPPOR~1/R2018a/3P778C~1.INS/MBEDLI~1.INS/0F0230~1/TARGET_DISCO_F769NI/TOOLCHAIN_GCC_ARM/mbed_retarget.o
                0x08000920                _lseek
 .text._fstat   0x0800095c       0x1e C:/PROGRA~3/MATLAB/SUPPOR~1/R2018a/3P778C~1.INS/MBEDLI~1.INS/0F0230~1/TARGET_DISCO_F769NI/TOOLCHAIN_GCC_ARM/mbed_retarget.o
                0x0800095c                _fstat
 .text.__cxa_pure_virtual
                0x0800097a        0x8 C:/PROGRA~3/MATLAB/SUPPOR~1/R2018a/3P778C~1.INS/MBEDLI~1.INS/0F0230~1/TARGET_DISCO_F769NI/TOOLCHAIN_GCC_ARM/mbed_retarget.o
                0x0800097a                __cxa_pure_virtual
 .text.software_init_hook_rtos
                0x08000982        0x2 C:/PROGRA~3/MATLAB/SUPPOR~1/R2018a/3P778C~1.INS/MBEDLI~1.INS/0F0230~1/TARGET_DISCO_F769NI/TOOLCHAIN_GCC_ARM/mbed_retarget.o
                0x08000982                software_init_hook_rtos
 .text.software_init_hook
                0x08000984        0xc C:/PROGRA~3/MATLAB/SUPPOR~1/R2018a/3P778C~1.INS/MBEDLI~1.INS/0F0230~1/TARGET_DISCO_F769NI/TOOLCHAIN_GCC_ARM/mbed_retarget.o
                0x08000984                software_init_hook
 .text._sbrk    0x08000990       0x44 C:/PROGRA~3/MATLAB/SUPPOR~1/R2018a/3P778C~1.INS/MBEDLI~1.INS/0F0230~1/TARGET_DISCO_F769NI/TOOLCHAIN_GCC_ARM/mbed_retarget.o
                0x08000990                _sbrk
 .text._exit    0x080009d4       0x24 C:/PROGRA~3/MATLAB/SUPPOR~1/R2018a/3P778C~1.INS/MBEDLI~1.INS/0F0230~1/TARGET_DISCO_F769NI/TOOLCHAIN_GCC_ARM/mbed_retarget.o
                0x080009d4                _exit
 .text.__aeabi_atexit
                0x080009f8        0x4 C:/PROGRA~3/MATLAB/SUPPOR~1/R2018a/3P778C~1.INS/MBEDLI~1.INS/0F0230~1/TARGET_DISCO_F769NI/TOOLCHAIN_GCC_ARM/mbed_retarget.o
                0x080009f8                __aeabi_atexit
 .text._ZN4mbed26mbed_set_unbuffered_streamEP7__sFILE
                0x080009fc        0x6 C:/PROGRA~3/MATLAB/SUPPOR~1/R2018a/3P778C~1.INS/MBEDLI~1.INS/0F0230~1/TARGET_DISCO_F769NI/TOOLCHAIN_GCC_ARM/mbed_retarget.o
                0x080009fc                mbed::mbed_set_unbuffered_stream(__sFILE*)
 *fill*         0x08000a02        0x2 
 .text._Znaj    0x08000a04       0x18 C:/PROGRA~3/MATLAB/SUPPOR~1/R2018a/3P778C~1.INS/MBEDLI~1.INS/0F0230~1/TARGET_DISCO_F769NI/TOOLCHAIN_GCC_ARM/mbed_retarget.o
                0x08000a04                operator new[](unsigned int)
 .text._ZdaPv   0x08000a1c        0x8 C:/PROGRA~3/MATLAB/SUPPOR~1/R2018a/3P778C~1.INS/MBEDLI~1.INS/0F0230~1/TARGET_DISCO_F769NI/TOOLCHAIN_GCC_ARM/mbed_retarget.o
                0x08000a1c                operator delete[](void*)
 .text._ZdlPv   0x08000a24        0x4 C:/PROGRA~3/MATLAB/SUPPOR~1/R2018a/3P778C~1.INS/MBEDLI~1.INS/0F0230~1/TARGET_DISCO_F769NI/TOOLCHAIN_GCC_ARM/mbed_retarget.o
                0x08000a24                operator delete(void*)
 .text._ZN12SingletonPtrI13PlatformMutexE3getEv
                0x08000a28       0x2c C:/PROGRA~3/MATLAB/SUPPOR~1/R2018a/3P778C~1.INS/MBEDLI~1.INS/0F0230~1/TARGET_DISCO_F769NI/TOOLCHAIN_GCC_ARM/mbed_retarget.o
                0x08000a28                SingletonPtr<PlatformMutex>::get()
 .text._ZN4mbed17remove_filehandleEPNS_8FileLikeE
                0x08000a54       0x34 C:/PROGRA~3/MATLAB/SUPPOR~1/R2018a/3P778C~1.INS/MBEDLI~1.INS/0F0230~1/TARGET_DISCO_F769NI/TOOLCHAIN_GCC_ARM/mbed_retarget.o
                0x08000a54                mbed::remove_filehandle(mbed::FileLike*)
 .text._open    0x08000a88       0xf0 C:/PROGRA~3/MATLAB/SUPPOR~1/R2018a/3P778C~1.INS/MBEDLI~1.INS/0F0230~1/TARGET_DISCO_F769NI/TOOLCHAIN_GCC_ARM/mbed_retarget.o
                0x08000a88                _open
 .text.LL_GPIO_SetPinPull
                0x08000b78       0x2c C:/PROGRA~3/MATLAB/SUPPOR~1/R2018a/3P778C~1.INS/MBEDLI~1.INS/0F0230~1/TARGET_DISCO_F769NI/TOOLCHAIN_GCC_ARM/pinmap.o
 .text.stm_pin_PullConfig
                0x08000ba4        0xe C:/PROGRA~3/MATLAB/SUPPOR~1/R2018a/3P778C~1.INS/MBEDLI~1.INS/0F0230~1/TARGET_DISCO_F769NI/TOOLCHAIN_GCC_ARM/pinmap.o
 *fill*         0x08000bb2        0x2 
 .text.pin_function
                0x08000bb4      0x134 C:/PROGRA~3/MATLAB/SUPPOR~1/R2018a/3P778C~1.INS/MBEDLI~1.INS/0F0230~1/TARGET_DISCO_F769NI/TOOLCHAIN_GCC_ARM/pinmap.o
                0x08000bb4                pin_function
 .text.pin_mode
                0x08000ce8       0x88 C:/PROGRA~3/MATLAB/SUPPOR~1/R2018a/3P778C~1.INS/MBEDLI~1.INS/0F0230~1/TARGET_DISCO_F769NI/TOOLCHAIN_GCC_ARM/pinmap.o
                0x08000ce8                pin_mode
 .text.NVIC_DisableIRQ
                0x08000d70       0x24 C:/PROGRA~3/MATLAB/SUPPOR~1/R2018a/3P778C~1.INS/MBEDLI~1.INS/0F0230~1/TARGET_DISCO_F769NI/TOOLCHAIN_GCC_ARM/serial_api.o
 .text.init_uart
                0x08000d94       0x6c C:/PROGRA~3/MATLAB/SUPPOR~1/R2018a/3P778C~1.INS/MBEDLI~1.INS/0F0230~1/TARGET_DISCO_F769NI/TOOLCHAIN_GCC_ARM/serial_api.o
 .text.uart_irq
                0x08000e00       0x7c C:/PROGRA~3/MATLAB/SUPPOR~1/R2018a/3P778C~1.INS/MBEDLI~1.INS/0F0230~1/TARGET_DISCO_F769NI/TOOLCHAIN_GCC_ARM/serial_api.o
 .text.uart1_irq
                0x08000e7c        0x6 C:/PROGRA~3/MATLAB/SUPPOR~1/R2018a/3P778C~1.INS/MBEDLI~1.INS/0F0230~1/TARGET_DISCO_F769NI/TOOLCHAIN_GCC_ARM/serial_api.o
 .text.uart2_irq
                0x08000e82        0x6 C:/PROGRA~3/MATLAB/SUPPOR~1/R2018a/3P778C~1.INS/MBEDLI~1.INS/0F0230~1/TARGET_DISCO_F769NI/TOOLCHAIN_GCC_ARM/serial_api.o
 .text.uart3_irq
                0x08000e88        0x6 C:/PROGRA~3/MATLAB/SUPPOR~1/R2018a/3P778C~1.INS/MBEDLI~1.INS/0F0230~1/TARGET_DISCO_F769NI/TOOLCHAIN_GCC_ARM/serial_api.o
 .text.uart4_irq
                0x08000e8e        0x6 C:/PROGRA~3/MATLAB/SUPPOR~1/R2018a/3P778C~1.INS/MBEDLI~1.INS/0F0230~1/TARGET_DISCO_F769NI/TOOLCHAIN_GCC_ARM/serial_api.o
 .text.uart5_irq
                0x08000e94        0x6 C:/PROGRA~3/MATLAB/SUPPOR~1/R2018a/3P778C~1.INS/MBEDLI~1.INS/0F0230~1/TARGET_DISCO_F769NI/TOOLCHAIN_GCC_ARM/serial_api.o
 .text.uart6_irq
                0x08000e9a        0x6 C:/PROGRA~3/MATLAB/SUPPOR~1/R2018a/3P778C~1.INS/MBEDLI~1.INS/0F0230~1/TARGET_DISCO_F769NI/TOOLCHAIN_GCC_ARM/serial_api.o
 .text.uart7_irq
                0x08000ea0        0x6 C:/PROGRA~3/MATLAB/SUPPOR~1/R2018a/3P778C~1.INS/MBEDLI~1.INS/0F0230~1/TARGET_DISCO_F769NI/TOOLCHAIN_GCC_ARM/serial_api.o
 .text.uart8_irq
                0x08000ea6        0x6 C:/PROGRA~3/MATLAB/SUPPOR~1/R2018a/3P778C~1.INS/MBEDLI~1.INS/0F0230~1/TARGET_DISCO_F769NI/TOOLCHAIN_GCC_ARM/serial_api.o
 .text.serial_init
                0x08000eac      0x244 C:/PROGRA~3/MATLAB/SUPPOR~1/R2018a/3P778C~1.INS/MBEDLI~1.INS/0F0230~1/TARGET_DISCO_F769NI/TOOLCHAIN_GCC_ARM/serial_api.o
                0x08000eac                serial_init
 .text.serial_baud
                0x080010f0        0x6 C:/PROGRA~3/MATLAB/SUPPOR~1/R2018a/3P778C~1.INS/MBEDLI~1.INS/0F0230~1/TARGET_DISCO_F769NI/TOOLCHAIN_GCC_ARM/serial_api.o
                0x080010f0                serial_baud
 *fill*         0x080010f6        0x2 
 .text.serial_irq_handler
                0x080010f8       0x18 C:/PROGRA~3/MATLAB/SUPPOR~1/R2018a/3P778C~1.INS/MBEDLI~1.INS/0F0230~1/TARGET_DISCO_F769NI/TOOLCHAIN_GCC_ARM/serial_api.o
                0x080010f8                serial_irq_handler
 .text.serial_irq_set
                0x08001110      0x10c C:/PROGRA~3/MATLAB/SUPPOR~1/R2018a/3P778C~1.INS/MBEDLI~1.INS/0F0230~1/TARGET_DISCO_F769NI/TOOLCHAIN_GCC_ARM/serial_api.o
                0x08001110                serial_irq_set
 .text.serial_readable
                0x0800121c       0x18 C:/PROGRA~3/MATLAB/SUPPOR~1/R2018a/3P778C~1.INS/MBEDLI~1.INS/0F0230~1/TARGET_DISCO_F769NI/TOOLCHAIN_GCC_ARM/serial_api.o
                0x0800121c                serial_readable
 .text.serial_getc
                0x08001234       0x24 C:/PROGRA~3/MATLAB/SUPPOR~1/R2018a/3P778C~1.INS/MBEDLI~1.INS/0F0230~1/TARGET_DISCO_F769NI/TOOLCHAIN_GCC_ARM/serial_api.o
                0x08001234                serial_getc
 .text.serial_writable
                0x08001258       0x18 C:/PROGRA~3/MATLAB/SUPPOR~1/R2018a/3P778C~1.INS/MBEDLI~1.INS/0F0230~1/TARGET_DISCO_F769NI/TOOLCHAIN_GCC_ARM/serial_api.o
                0x08001258                serial_writable
 .text.serial_putc
                0x08001270       0x24 C:/PROGRA~3/MATLAB/SUPPOR~1/R2018a/3P778C~1.INS/MBEDLI~1.INS/0F0230~1/TARGET_DISCO_F769NI/TOOLCHAIN_GCC_ARM/serial_api.o
                0x08001270                serial_putc
 .text.Reset_Handler
                0x08001294       0x34 C:/PROGRA~3/MATLAB/SUPPOR~1/R2018a/3P778C~1.INS/MBEDLI~1.INS/0F0230~1/TARGET_DISCO_F769NI/TOOLCHAIN_GCC_ARM/startup_stm32f769xx.o
                0x08001294                Reset_Handler
 .text.Default_Handler
                0x080012c8        0x2 C:/PROGRA~3/MATLAB/SUPPOR~1/R2018a/3P778C~1.INS/MBEDLI~1.INS/0F0230~1/TARGET_DISCO_F769NI/TOOLCHAIN_GCC_ARM/startup_stm32f769xx.o
                0x080012c8                RTC_Alarm_IRQHandler
                0x080012c8                EXTI2_IRQHandler
                0x080012c8                TIM8_CC_IRQHandler
                0x080012c8                DebugMon_Handler
                0x080012c8                UART8_IRQHandler
                0x080012c8                SPI4_IRQHandler
                0x080012c8                TIM1_CC_IRQHandler
                0x080012c8                HardFault_Handler
                0x080012c8                JPEG_IRQHandler
                0x080012c8                DMA1_Stream5_IRQHandler
                0x080012c8                CAN3_RX1_IRQHandler
                0x080012c8                PVD_IRQHandler
                0x080012c8                TAMP_STAMP_IRQHandler
                0x080012c8                PendSV_Handler
                0x080012c8                NMI_Handler
                0x080012c8                CAN2_RX1_IRQHandler
                0x080012c8                EXTI3_IRQHandler
                0x080012c8                TIM8_TRG_COM_TIM14_IRQHandler
                0x080012c8                DFSDM1_FLT1_IRQHandler
                0x080012c8                TIM1_UP_TIM10_IRQHandler
                0x080012c8                TIM8_UP_TIM13_IRQHandler
                0x080012c8                I2C3_ER_IRQHandler
                0x080012c8                DFSDM1_FLT2_IRQHandler
                0x080012c8                EXTI0_IRQHandler
                0x080012c8                I2C2_EV_IRQHandler
                0x080012c8                DMA1_Stream2_IRQHandler
                0x080012c8                FPU_IRQHandler
                0x080012c8                OTG_HS_WKUP_IRQHandler
                0x080012c8                CAN3_SCE_IRQHandler
                0x080012c8                UsageFault_Handler
                0x080012c8                LTDC_ER_IRQHandler
                0x080012c8                DMA2_Stream2_IRQHandler
                0x080012c8                SPI1_IRQHandler
                0x080012c8                TIM6_DAC_IRQHandler
                0x080012c8                TIM1_BRK_TIM9_IRQHandler
                0x080012c8                DCMI_IRQHandler
                0x080012c8                DMA2_Stream3_IRQHandler
                0x080012c8                SAI2_IRQHandler
                0x080012c8                DFSDM1_FLT3_IRQHandler
                0x080012c8                USART6_IRQHandler
                0x080012c8                CAN3_RX0_IRQHandler
                0x080012c8                USART3_IRQHandler
                0x080012c8                CAN1_RX1_IRQHandler
                0x080012c8                UART5_IRQHandler
                0x080012c8                TIM4_IRQHandler
                0x080012c8                QUADSPI_IRQHandler
                0x080012c8                I2C1_EV_IRQHandler
                0x080012c8                DMA1_Stream6_IRQHandler
                0x080012c8                DMA1_Stream1_IRQHandler
                0x080012c8                UART4_IRQHandler
                0x080012c8                TIM3_IRQHandler
                0x080012c8                RCC_IRQHandler
                0x080012c8                TIM8_BRK_TIM12_IRQHandler
                0x080012c8                Default_Handler
                0x080012c8                CEC_IRQHandler
                0x080012c8                EXTI15_10_IRQHandler
                0x080012c8                ADC_IRQHandler
                0x080012c8                DMA1_Stream7_IRQHandler
                0x080012c8                SPI5_IRQHandler
                0x080012c8                TIM7_IRQHandler
                0x080012c8                SDMMC1_IRQHandler
                0x080012c8                TIM5_IRQHandler
                0x080012c8                I2C3_EV_IRQHandler
                0x080012c8                EXTI9_5_IRQHandler
                0x080012c8                RTC_WKUP_IRQHandler
                0x080012c8                LTDC_IRQHandler
                0x080012c8                ETH_WKUP_IRQHandler
                0x080012c8                SPDIF_RX_IRQHandler
                0x080012c8                SPI2_IRQHandler
                0x080012c8                OTG_HS_EP1_IN_IRQHandler
                0x080012c8                MemManage_Handler
                0x080012c8                DMA1_Stream0_IRQHandler
                0x080012c8                EXTI4_IRQHandler
                0x080012c8                RNG_IRQHandler
                0x080012c8                DSI_IRQHandler
                0x080012c8                ETH_IRQHandler
                0x080012c8                OTG_HS_EP1_OUT_IRQHandler
                0x080012c8                WWDG_IRQHandler
                0x080012c8                SPI6_IRQHandler
                0x080012c8                MDIOS_IRQHandler
                0x080012c8                I2C4_EV_IRQHandler
                0x080012c8                CAN3_TX_IRQHandler
                0x080012c8                TIM2_IRQHandler
                0x080012c8                OTG_FS_WKUP_IRQHandler
                0x080012c8                TIM1_TRG_COM_TIM11_IRQHandler
                0x080012c8                OTG_HS_IRQHandler
                0x080012c8                DMA2D_IRQHandler
                0x080012c8                EXTI1_IRQHandler
                0x080012c8                SDMMC2_IRQHandler
                0x080012c8                UART7_IRQHandler
                0x080012c8                USART2_IRQHandler
                0x080012c8                DFSDM1_FLT0_IRQHandler
                0x080012c8                I2C2_ER_IRQHandler
                0x080012c8                FLASH_IRQHandler
                0x080012c8                BusFault_Handler
                0x080012c8                USART1_IRQHandler
                0x080012c8                OTG_FS_IRQHandler
                0x080012c8                SPI3_IRQHandler
                0x080012c8                DMA1_Stream4_IRQHandler
                0x080012c8                I2C1_ER_IRQHandler
                0x080012c8                FMC_IRQHandler
                0x080012c8                LPTIM1_IRQHandler
                0x080012c8                I2C4_ER_IRQHandler
                0x080012c8                SAI1_IRQHandler
                0x080012c8                DMA1_Stream3_IRQHandler
 .text.HAL_MspInit
                0x080012ca        0x2 C:/PROGRA~3/MATLAB/SUPPOR~1/R2018a/3P778C~1.INS/MBEDLI~1.INS/0F0230~1/TARGET_DISCO_F769NI/TOOLCHAIN_GCC_ARM/stm32f7xx_hal.o
                0x080012ca                HAL_MspInit
 .text.HAL_Init
                0x080012cc       0x24 C:/PROGRA~3/MATLAB/SUPPOR~1/R2018a/3P778C~1.INS/MBEDLI~1.INS/0F0230~1/TARGET_DISCO_F769NI/TOOLCHAIN_GCC_ARM/stm32f7xx_hal.o
                0x080012cc                HAL_Init
 .text.HAL_IncTick
                0x080012f0       0x10 C:/PROGRA~3/MATLAB/SUPPOR~1/R2018a/3P778C~1.INS/MBEDLI~1.INS/0F0230~1/TARGET_DISCO_F769NI/TOOLCHAIN_GCC_ARM/stm32f7xx_hal.o
                0x080012f0                HAL_IncTick
 .text.HAL_GetTick
                0x08001300        0xc C:/PROGRA~3/MATLAB/SUPPOR~1/R2018a/3P778C~1.INS/MBEDLI~1.INS/0F0230~1/TARGET_DISCO_F769NI/TOOLCHAIN_GCC_ARM/stm32f7xx_hal.o
                0x08001300                HAL_GetTick
 .text.HAL_NVIC_SetPriorityGrouping
                0x0800130c       0x24 C:/PROGRA~3/MATLAB/SUPPOR~1/R2018a/3P778C~1.INS/MBEDLI~1.INS/0F0230~1/TARGET_DISCO_F769NI/TOOLCHAIN_GCC_ARM/stm32f7xx_hal_cortex.o
                0x0800130c                HAL_NVIC_SetPriorityGrouping
 .text.HAL_NVIC_SetPriority
                0x08001330       0x70 C:/PROGRA~3/MATLAB/SUPPOR~1/R2018a/3P778C~1.INS/MBEDLI~1.INS/0F0230~1/TARGET_DISCO_F769NI/TOOLCHAIN_GCC_ARM/stm32f7xx_hal_cortex.o
                0x08001330                HAL_NVIC_SetPriority
 .text.HAL_NVIC_EnableIRQ
                0x080013a0       0x18 C:/PROGRA~3/MATLAB/SUPPOR~1/R2018a/3P778C~1.INS/MBEDLI~1.INS/0F0230~1/TARGET_DISCO_F769NI/TOOLCHAIN_GCC_ARM/stm32f7xx_hal_cortex.o
                0x080013a0                HAL_NVIC_EnableIRQ
 .text.DFSDM_RegConvStart
                0x080013b8       0x58 C:/PROGRA~3/MATLAB/SUPPOR~1/R2018a/3P778C~1.INS/MBEDLI~1.INS/0F0230~1/TARGET_DISCO_F769NI/TOOLCHAIN_GCC_ARM/stm32f7xx_hal_dfsdm.o
 .text.DFSDM_RegConvStop
                0x08001410       0x54 C:/PROGRA~3/MATLAB/SUPPOR~1/R2018a/3P778C~1.INS/MBEDLI~1.INS/0F0230~1/TARGET_DISCO_F769NI/TOOLCHAIN_GCC_ARM/stm32f7xx_hal_dfsdm.o
 .text.DFSDM_GetChannelFromInstance
                0x08001464       0x58 C:/PROGRA~3/MATLAB/SUPPOR~1/R2018a/3P778C~1.INS/MBEDLI~1.INS/0F0230~1/TARGET_DISCO_F769NI/TOOLCHAIN_GCC_ARM/stm32f7xx_hal_dfsdm.o
 .text.HAL_DFSDM_ChannelMspInit
                0x080014bc        0x2 C:/PROGRA~3/MATLAB/SUPPOR~1/R2018a/3P778C~1.INS/MBEDLI~1.INS/0F0230~1/TARGET_DISCO_F769NI/TOOLCHAIN_GCC_ARM/stm32f7xx_hal_dfsdm.o
                0x080014bc                HAL_DFSDM_ChannelMspInit
 *fill*         0x080014be        0x2 
 .text.HAL_DFSDM_ChannelInit
                0x080014c0      0x11c C:/PROGRA~3/MATLAB/SUPPOR~1/R2018a/3P778C~1.INS/MBEDLI~1.INS/0F0230~1/TARGET_DISCO_F769NI/TOOLCHAIN_GCC_ARM/stm32f7xx_hal_dfsdm.o
                0x080014c0                HAL_DFSDM_ChannelInit
 .text.HAL_DFSDM_FilterMspInit
                0x080015dc        0x2 C:/PROGRA~3/MATLAB/SUPPOR~1/R2018a/3P778C~1.INS/MBEDLI~1.INS/0F0230~1/TARGET_DISCO_F769NI/TOOLCHAIN_GCC_ARM/stm32f7xx_hal_dfsdm.o
                0x080015dc                HAL_DFSDM_FilterMspInit
 *fill*         0x080015de        0x2 
 .text.HAL_DFSDM_FilterInit
                0x080015e0       0xf4 C:/PROGRA~3/MATLAB/SUPPOR~1/R2018a/3P778C~1.INS/MBEDLI~1.INS/0F0230~1/TARGET_DISCO_F769NI/TOOLCHAIN_GCC_ARM/stm32f7xx_hal_dfsdm.o
                0x080015e0                HAL_DFSDM_FilterInit
 .text.HAL_DFSDM_FilterConfigRegChannel
                0x080016d4       0x3a C:/PROGRA~3/MATLAB/SUPPOR~1/R2018a/3P778C~1.INS/MBEDLI~1.INS/0F0230~1/TARGET_DISCO_F769NI/TOOLCHAIN_GCC_ARM/stm32f7xx_hal_dfsdm.o
                0x080016d4                HAL_DFSDM_FilterConfigRegChannel
 *fill*         0x0800170e        0x2 
 .text.HAL_DFSDM_FilterRegularStart_DMA
                0x08001710       0x80 C:/PROGRA~3/MATLAB/SUPPOR~1/R2018a/3P778C~1.INS/MBEDLI~1.INS/0F0230~1/TARGET_DISCO_F769NI/TOOLCHAIN_GCC_ARM/stm32f7xx_hal_dfsdm.o
                0x08001710                HAL_DFSDM_FilterRegularStart_DMA
 .text.HAL_DFSDM_FilterRegularStop_DMA
                0x08001790       0x2e C:/PROGRA~3/MATLAB/SUPPOR~1/R2018a/3P778C~1.INS/MBEDLI~1.INS/0F0230~1/TARGET_DISCO_F769NI/TOOLCHAIN_GCC_ARM/stm32f7xx_hal_dfsdm.o
                0x08001790                HAL_DFSDM_FilterRegularStop_DMA
 .text.DFSDM_DMARegularConvCplt
                0x080017be        0xa C:/PROGRA~3/MATLAB/SUPPOR~1/R2018a/3P778C~1.INS/MBEDLI~1.INS/0F0230~1/TARGET_DISCO_F769NI/TOOLCHAIN_GCC_ARM/stm32f7xx_hal_dfsdm.o
 .text.DFSDM_DMARegularHalfConvCplt
                0x080017c8        0xa C:/PROGRA~3/MATLAB/SUPPOR~1/R2018a/3P778C~1.INS/MBEDLI~1.INS/0F0230~1/TARGET_DISCO_F769NI/TOOLCHAIN_GCC_ARM/stm32f7xx_hal_dfsdm.o
 .text.HAL_DFSDM_FilterErrorCallback
                0x080017d2        0x2 C:/PROGRA~3/MATLAB/SUPPOR~1/R2018a/3P778C~1.INS/MBEDLI~1.INS/0F0230~1/TARGET_DISCO_F769NI/TOOLCHAIN_GCC_ARM/stm32f7xx_hal_dfsdm.o
                0x080017d2                HAL_DFSDM_FilterErrorCallback
 .text.DFSDM_DMAError
                0x080017d4        0xe C:/PROGRA~3/MATLAB/SUPPOR~1/R2018a/3P778C~1.INS/MBEDLI~1.INS/0F0230~1/TARGET_DISCO_F769NI/TOOLCHAIN_GCC_ARM/stm32f7xx_hal_dfsdm.o
 *fill*         0x080017e2        0x2 
 .text.DMA_CalcBaseAndBitshift
                0x080017e4       0x2c C:/PROGRA~3/MATLAB/SUPPOR~1/R2018a/3P778C~1.INS/MBEDLI~1.INS/0F0230~1/TARGET_DISCO_F769NI/TOOLCHAIN_GCC_ARM/stm32f7xx_hal_dma.o
 .text.HAL_DMA_Init
                0x08001810       0xfc C:/PROGRA~3/MATLAB/SUPPOR~1/R2018a/3P778C~1.INS/MBEDLI~1.INS/0F0230~1/TARGET_DISCO_F769NI/TOOLCHAIN_GCC_ARM/stm32f7xx_hal_dma.o
                0x08001810                HAL_DMA_Init
 .text.HAL_DMA_DeInit
                0x0800190c       0x48 C:/PROGRA~3/MATLAB/SUPPOR~1/R2018a/3P778C~1.INS/MBEDLI~1.INS/0F0230~1/TARGET_DISCO_F769NI/TOOLCHAIN_GCC_ARM/stm32f7xx_hal_dma.o
                0x0800190c                HAL_DMA_DeInit
 .text.HAL_DMA_Start_IT
                0x08001954       0x7a C:/PROGRA~3/MATLAB/SUPPOR~1/R2018a/3P778C~1.INS/MBEDLI~1.INS/0F0230~1/TARGET_DISCO_F769NI/TOOLCHAIN_GCC_ARM/stm32f7xx_hal_dma.o
                0x08001954                HAL_DMA_Start_IT
 .text.HAL_DMA_Abort
                0x080019ce       0x86 C:/PROGRA~3/MATLAB/SUPPOR~1/R2018a/3P778C~1.INS/MBEDLI~1.INS/0F0230~1/TARGET_DISCO_F769NI/TOOLCHAIN_GCC_ARM/stm32f7xx_hal_dma.o
                0x080019ce                HAL_DMA_Abort
 .text.HAL_DMA_IRQHandler
                0x08001a54      0x17c C:/PROGRA~3/MATLAB/SUPPOR~1/R2018a/3P778C~1.INS/MBEDLI~1.INS/0F0230~1/TARGET_DISCO_F769NI/TOOLCHAIN_GCC_ARM/stm32f7xx_hal_dma.o
                0x08001a54                HAL_DMA_IRQHandler
 .text.HAL_GPIO_Init
                0x08001bd0      0x1d4 C:/PROGRA~3/MATLAB/SUPPOR~1/R2018a/3P778C~1.INS/MBEDLI~1.INS/0F0230~1/TARGET_DISCO_F769NI/TOOLCHAIN_GCC_ARM/stm32f7xx_hal_gpio.o
                0x08001bd0                HAL_GPIO_Init
 .text.I2C_Flush_TXDR
                0x08001da4       0x1c C:/PROGRA~3/MATLAB/SUPPOR~1/R2018a/3P778C~1.INS/MBEDLI~1.INS/0F0230~1/TARGET_DISCO_F769NI/TOOLCHAIN_GCC_ARM/stm32f7xx_hal_i2c.o
 .text.I2C_TransferConfig
                0x08001dc0       0x2a C:/PROGRA~3/MATLAB/SUPPOR~1/R2018a/3P778C~1.INS/MBEDLI~1.INS/0F0230~1/TARGET_DISCO_F769NI/TOOLCHAIN_GCC_ARM/stm32f7xx_hal_i2c.o
 .text.I2C_WaitOnFlagUntilTimeout
                0x08001dea       0x4e C:/PROGRA~3/MATLAB/SUPPOR~1/R2018a/3P778C~1.INS/MBEDLI~1.INS/0F0230~1/TARGET_DISCO_F769NI/TOOLCHAIN_GCC_ARM/stm32f7xx_hal_i2c.o
 .text.I2C_IsAcknowledgeFailed
                0x08001e38       0x7a C:/PROGRA~3/MATLAB/SUPPOR~1/R2018a/3P778C~1.INS/MBEDLI~1.INS/0F0230~1/TARGET_DISCO_F769NI/TOOLCHAIN_GCC_ARM/stm32f7xx_hal_i2c.o
 .text.I2C_WaitOnTXISFlagUntilTimeout
                0x08001eb2       0x52 C:/PROGRA~3/MATLAB/SUPPOR~1/R2018a/3P778C~1.INS/MBEDLI~1.INS/0F0230~1/TARGET_DISCO_F769NI/TOOLCHAIN_GCC_ARM/stm32f7xx_hal_i2c.o
 .text.I2C_RequestMemoryWrite
                0x08001f04       0x68 C:/PROGRA~3/MATLAB/SUPPOR~1/R2018a/3P778C~1.INS/MBEDLI~1.INS/0F0230~1/TARGET_DISCO_F769NI/TOOLCHAIN_GCC_ARM/stm32f7xx_hal_i2c.o
 .text.I2C_RequestMemoryRead
                0x08001f6c       0x66 C:/PROGRA~3/MATLAB/SUPPOR~1/R2018a/3P778C~1.INS/MBEDLI~1.INS/0F0230~1/TARGET_DISCO_F769NI/TOOLCHAIN_GCC_ARM/stm32f7xx_hal_i2c.o
 .text.I2C_WaitOnSTOPFlagUntilTimeout
                0x08001fd2       0x4e C:/PROGRA~3/MATLAB/SUPPOR~1/R2018a/3P778C~1.INS/MBEDLI~1.INS/0F0230~1/TARGET_DISCO_F769NI/TOOLCHAIN_GCC_ARM/stm32f7xx_hal_i2c.o
 .text.HAL_I2C_MspInit
                0x08002020        0x2 C:/PROGRA~3/MATLAB/SUPPOR~1/R2018a/3P778C~1.INS/MBEDLI~1.INS/0F0230~1/TARGET_DISCO_F769NI/TOOLCHAIN_GCC_ARM/stm32f7xx_hal_i2c.o
                0x08002020                HAL_I2C_MspInit
 .text.HAL_I2C_Init
                0x08002022       0xa2 C:/PROGRA~3/MATLAB/SUPPOR~1/R2018a/3P778C~1.INS/MBEDLI~1.INS/0F0230~1/TARGET_DISCO_F769NI/TOOLCHAIN_GCC_ARM/stm32f7xx_hal_i2c.o
                0x08002022                HAL_I2C_Init
 .text.HAL_I2C_MspDeInit
                0x080020c4        0x2 C:/PROGRA~3/MATLAB/SUPPOR~1/R2018a/3P778C~1.INS/MBEDLI~1.INS/0F0230~1/TARGET_DISCO_F769NI/TOOLCHAIN_GCC_ARM/stm32f7xx_hal_i2c.o
                0x080020c4                HAL_I2C_MspDeInit
 .text.HAL_I2C_DeInit
                0x080020c6       0x32 C:/PROGRA~3/MATLAB/SUPPOR~1/R2018a/3P778C~1.INS/MBEDLI~1.INS/0F0230~1/TARGET_DISCO_F769NI/TOOLCHAIN_GCC_ARM/stm32f7xx_hal_i2c.o
                0x080020c6                HAL_I2C_DeInit
 .text.HAL_I2C_Mem_Write
                0x080020f8      0x170 C:/PROGRA~3/MATLAB/SUPPOR~1/R2018a/3P778C~1.INS/MBEDLI~1.INS/0F0230~1/TARGET_DISCO_F769NI/TOOLCHAIN_GCC_ARM/stm32f7xx_hal_i2c.o
                0x080020f8                HAL_I2C_Mem_Write
 .text.HAL_I2C_Mem_Read
                0x08002268      0x17c C:/PROGRA~3/MATLAB/SUPPOR~1/R2018a/3P778C~1.INS/MBEDLI~1.INS/0F0230~1/TARGET_DISCO_F769NI/TOOLCHAIN_GCC_ARM/stm32f7xx_hal_i2c.o
                0x08002268                HAL_I2C_Mem_Read
 .text.HAL_I2C_GetState
                0x080023e4        0x6 C:/PROGRA~3/MATLAB/SUPPOR~1/R2018a/3P778C~1.INS/MBEDLI~1.INS/0F0230~1/TARGET_DISCO_F769NI/TOOLCHAIN_GCC_ARM/stm32f7xx_hal_i2c.o
                0x080023e4                HAL_I2C_GetState
 *fill*         0x080023ea        0x2 
 .text.HAL_PWREx_EnableOverDrive
                0x080023ec       0x70 C:/PROGRA~3/MATLAB/SUPPOR~1/R2018a/3P778C~1.INS/MBEDLI~1.INS/0F0230~1/TARGET_DISCO_F769NI/TOOLCHAIN_GCC_ARM/stm32f7xx_hal_pwr_ex.o
                0x080023ec                HAL_PWREx_EnableOverDrive
 .text.HAL_RCC_OscConfig
                0x0800245c      0x370 C:/PROGRA~3/MATLAB/SUPPOR~1/R2018a/3P778C~1.INS/MBEDLI~1.INS/0F0230~1/TARGET_DISCO_F769NI/TOOLCHAIN_GCC_ARM/stm32f7xx_hal_rcc.o
                0x0800245c                HAL_RCC_OscConfig
 .text.HAL_RCC_GetSysClockFreq
                0x080027cc       0x74 C:/PROGRA~3/MATLAB/SUPPOR~1/R2018a/3P778C~1.INS/MBEDLI~1.INS/0F0230~1/TARGET_DISCO_F769NI/TOOLCHAIN_GCC_ARM/stm32f7xx_hal_rcc.o
                0x080027cc                HAL_RCC_GetSysClockFreq
 .text.HAL_RCC_ClockConfig
                0x08002840      0x158 C:/PROGRA~3/MATLAB/SUPPOR~1/R2018a/3P778C~1.INS/MBEDLI~1.INS/0F0230~1/TARGET_DISCO_F769NI/TOOLCHAIN_GCC_ARM/stm32f7xx_hal_rcc.o
                0x08002840                HAL_RCC_ClockConfig
 .text.HAL_RCC_GetPCLK1Freq
                0x08002998       0x30 C:/PROGRA~3/MATLAB/SUPPOR~1/R2018a/3P778C~1.INS/MBEDLI~1.INS/0F0230~1/TARGET_DISCO_F769NI/TOOLCHAIN_GCC_ARM/stm32f7xx_hal_rcc.o
                0x08002998                HAL_RCC_GetPCLK1Freq
 .text.HAL_RCC_GetPCLK2Freq
                0x080029c8       0x30 C:/PROGRA~3/MATLAB/SUPPOR~1/R2018a/3P778C~1.INS/MBEDLI~1.INS/0F0230~1/TARGET_DISCO_F769NI/TOOLCHAIN_GCC_ARM/stm32f7xx_hal_rcc.o
                0x080029c8                HAL_RCC_GetPCLK2Freq
 .text.HAL_RCC_GetClockConfig
                0x080029f8       0x3c C:/PROGRA~3/MATLAB/SUPPOR~1/R2018a/3P778C~1.INS/MBEDLI~1.INS/0F0230~1/TARGET_DISCO_F769NI/TOOLCHAIN_GCC_ARM/stm32f7xx_hal_rcc.o
                0x080029f8                HAL_RCC_GetClockConfig
 .text.HAL_RCCEx_PeriphCLKConfig
                0x08002a34      0x790 C:/PROGRA~3/MATLAB/SUPPOR~1/R2018a/3P778C~1.INS/MBEDLI~1.INS/0F0230~1/TARGET_DISCO_F769NI/TOOLCHAIN_GCC_ARM/stm32f7xx_hal_rcc_ex.o
                0x08002a34                HAL_RCCEx_PeriphCLKConfig
 .text.HAL_RCCEx_GetPeriphCLKConfig
                0x080031c4      0x200 C:/PROGRA~3/MATLAB/SUPPOR~1/R2018a/3P778C~1.INS/MBEDLI~1.INS/0F0230~1/TARGET_DISCO_F769NI/TOOLCHAIN_GCC_ARM/stm32f7xx_hal_rcc_ex.o
                0x080031c4                HAL_RCCEx_GetPeriphCLKConfig
 .text.HAL_RCCEx_GetPeriphCLKFreq
                0x080033c4       0xe4 C:/PROGRA~3/MATLAB/SUPPOR~1/R2018a/3P778C~1.INS/MBEDLI~1.INS/0F0230~1/TARGET_DISCO_F769NI/TOOLCHAIN_GCC_ARM/stm32f7xx_hal_rcc_ex.o
                0x080033c4                HAL_RCCEx_GetPeriphCLKFreq
 .text.SAI_InterruptFlag
                0x080034a8       0x2c C:/PROGRA~3/MATLAB/SUPPOR~1/R2018a/3P778C~1.INS/MBEDLI~1.INS/0F0230~1/TARGET_DISCO_F769NI/TOOLCHAIN_GCC_ARM/stm32f7xx_hal_sai.o
 .text.SAI_Disable
                0x080034d4       0x40 C:/PROGRA~3/MATLAB/SUPPOR~1/R2018a/3P778C~1.INS/MBEDLI~1.INS/0F0230~1/TARGET_DISCO_F769NI/TOOLCHAIN_GCC_ARM/stm32f7xx_hal_sai.o
 .text.HAL_SAI_MspInit
                0x08003514        0x2 C:/PROGRA~3/MATLAB/SUPPOR~1/R2018a/3P778C~1.INS/MBEDLI~1.INS/0F0230~1/TARGET_DISCO_F769NI/TOOLCHAIN_GCC_ARM/stm32f7xx_hal_sai.o
                0x08003514                HAL_SAI_MspInit
 *fill*         0x08003516        0x2 
 .text.HAL_SAI_Init
                0x08003518      0x1b4 C:/PROGRA~3/MATLAB/SUPPOR~1/R2018a/3P778C~1.INS/MBEDLI~1.INS/0F0230~1/TARGET_DISCO_F769NI/TOOLCHAIN_GCC_ARM/stm32f7xx_hal_sai.o
                0x08003518                HAL_SAI_Init
 .text.HAL_SAI_MspDeInit
                0x080036cc        0x2 C:/PROGRA~3/MATLAB/SUPPOR~1/R2018a/3P778C~1.INS/MBEDLI~1.INS/0F0230~1/TARGET_DISCO_F769NI/TOOLCHAIN_GCC_ARM/stm32f7xx_hal_sai.o
                0x080036cc                HAL_SAI_MspDeInit
 .text.HAL_SAI_DeInit
                0x080036ce       0x40 C:/PROGRA~3/MATLAB/SUPPOR~1/R2018a/3P778C~1.INS/MBEDLI~1.INS/0F0230~1/TARGET_DISCO_F769NI/TOOLCHAIN_GCC_ARM/stm32f7xx_hal_sai.o
                0x080036ce                HAL_SAI_DeInit
 .text.HAL_SAI_DMAStop
                0x0800370e       0x52 C:/PROGRA~3/MATLAB/SUPPOR~1/R2018a/3P778C~1.INS/MBEDLI~1.INS/0F0230~1/TARGET_DISCO_F769NI/TOOLCHAIN_GCC_ARM/stm32f7xx_hal_sai.o
                0x0800370e                HAL_SAI_DMAStop
 .text.HAL_SAI_Transmit_DMA
                0x08003760       0x9c C:/PROGRA~3/MATLAB/SUPPOR~1/R2018a/3P778C~1.INS/MBEDLI~1.INS/0F0230~1/TARGET_DISCO_F769NI/TOOLCHAIN_GCC_ARM/stm32f7xx_hal_sai.o
                0x08003760                HAL_SAI_Transmit_DMA
 .text.HAL_SAI_Receive_DMA
                0x080037fc       0x9c C:/PROGRA~3/MATLAB/SUPPOR~1/R2018a/3P778C~1.INS/MBEDLI~1.INS/0F0230~1/TARGET_DISCO_F769NI/TOOLCHAIN_GCC_ARM/stm32f7xx_hal_sai.o
                0x080037fc                HAL_SAI_Receive_DMA
 .text.SAI_DMATxCplt
                0x08003898       0x38 C:/PROGRA~3/MATLAB/SUPPOR~1/R2018a/3P778C~1.INS/MBEDLI~1.INS/0F0230~1/TARGET_DISCO_F769NI/TOOLCHAIN_GCC_ARM/stm32f7xx_hal_sai.o
 .text.SAI_DMATxHalfCplt
                0x080038d0        0xa C:/PROGRA~3/MATLAB/SUPPOR~1/R2018a/3P778C~1.INS/MBEDLI~1.INS/0F0230~1/TARGET_DISCO_F769NI/TOOLCHAIN_GCC_ARM/stm32f7xx_hal_sai.o
 .text.SAI_DMARxCplt
                0x080038da       0x38 C:/PROGRA~3/MATLAB/SUPPOR~1/R2018a/3P778C~1.INS/MBEDLI~1.INS/0F0230~1/TARGET_DISCO_F769NI/TOOLCHAIN_GCC_ARM/stm32f7xx_hal_sai.o
 .text.SAI_DMARxHalfCplt
                0x08003912        0xa C:/PROGRA~3/MATLAB/SUPPOR~1/R2018a/3P778C~1.INS/MBEDLI~1.INS/0F0230~1/TARGET_DISCO_F769NI/TOOLCHAIN_GCC_ARM/stm32f7xx_hal_sai.o
 .text.SAI_DMAError
                0x0800391c       0x44 C:/PROGRA~3/MATLAB/SUPPOR~1/R2018a/3P778C~1.INS/MBEDLI~1.INS/0F0230~1/TARGET_DISCO_F769NI/TOOLCHAIN_GCC_ARM/stm32f7xx_hal_sai.o
 .text.HAL_SAI_GetState
                0x08003960        0x6 C:/PROGRA~3/MATLAB/SUPPOR~1/R2018a/3P778C~1.INS/MBEDLI~1.INS/0F0230~1/TARGET_DISCO_F769NI/TOOLCHAIN_GCC_ARM/stm32f7xx_hal_sai.o
                0x08003960                HAL_SAI_GetState
 .text.HAL_TIM_OC_MspInit
                0x08003966        0x2 C:/PROGRA~3/MATLAB/SUPPOR~1/R2018a/3P778C~1.INS/MBEDLI~1.INS/0F0230~1/TARGET_DISCO_F769NI/TOOLCHAIN_GCC_ARM/stm32f7xx_hal_tim.o
                0x08003966                HAL_TIM_OC_MspInit
 .text.TIM_Base_SetConfig
                0x08003968       0xd0 C:/PROGRA~3/MATLAB/SUPPOR~1/R2018a/3P778C~1.INS/MBEDLI~1.INS/0F0230~1/TARGET_DISCO_F769NI/TOOLCHAIN_GCC_ARM/stm32f7xx_hal_tim.o
                0x08003968                TIM_Base_SetConfig
 .text.HAL_TIM_OC_Init
                0x08003a38       0x34 C:/PROGRA~3/MATLAB/SUPPOR~1/R2018a/3P778C~1.INS/MBEDLI~1.INS/0F0230~1/TARGET_DISCO_F769NI/TOOLCHAIN_GCC_ARM/stm32f7xx_hal_tim.o
                0x08003a38                HAL_TIM_OC_Init
 .text.TIM_CCxChannelCmd
                0x08003a6c       0x18 C:/PROGRA~3/MATLAB/SUPPOR~1/R2018a/3P778C~1.INS/MBEDLI~1.INS/0F0230~1/TARGET_DISCO_F769NI/TOOLCHAIN_GCC_ARM/stm32f7xx_hal_tim.o
                0x08003a6c                TIM_CCxChannelCmd
 .text.HAL_TIM_PWM_Start
                0x08003a84       0x34 C:/PROGRA~3/MATLAB/SUPPOR~1/R2018a/3P778C~1.INS/MBEDLI~1.INS/0F0230~1/TARGET_DISCO_F769NI/TOOLCHAIN_GCC_ARM/stm32f7xx_hal_tim.o
                0x08003a84                HAL_TIM_PWM_Start
 .text.HAL_TIM_OC_Start
                0x08003ab8        0x4 C:/PROGRA~3/MATLAB/SUPPOR~1/R2018a/3P778C~1.INS/MBEDLI~1.INS/0F0230~1/TARGET_DISCO_F769NI/TOOLCHAIN_GCC_ARM/stm32f7xx_hal_tim.o
                0x08003ab8                HAL_TIM_OC_Start
 .text.HAL_UART_MspInit
                0x08003abc        0x2 C:/PROGRA~3/MATLAB/SUPPOR~1/R2018a/3P778C~1.INS/MBEDLI~1.INS/0F0230~1/TARGET_DISCO_F769NI/TOOLCHAIN_GCC_ARM/stm32f7xx_hal_uart.o
                0x08003abc                HAL_UART_MspInit
 .text.UART_WaitOnFlagUntilTimeout
                0x08003abe       0x62 C:/PROGRA~3/MATLAB/SUPPOR~1/R2018a/3P778C~1.INS/MBEDLI~1.INS/0F0230~1/TARGET_DISCO_F769NI/TOOLCHAIN_GCC_ARM/stm32f7xx_hal_uart.o
                0x08003abe                UART_WaitOnFlagUntilTimeout
 .text.UART_SetConfig
                0x08003b20      0x290 C:/PROGRA~3/MATLAB/SUPPOR~1/R2018a/3P778C~1.INS/MBEDLI~1.INS/0F0230~1/TARGET_DISCO_F769NI/TOOLCHAIN_GCC_ARM/stm32f7xx_hal_uart.o
                0x08003b20                UART_SetConfig
 .text.UART_AdvFeatureConfig
                0x08003db0       0xaa C:/PROGRA~3/MATLAB/SUPPOR~1/R2018a/3P778C~1.INS/MBEDLI~1.INS/0F0230~1/TARGET_DISCO_F769NI/TOOLCHAIN_GCC_ARM/stm32f7xx_hal_uart.o
                0x08003db0                UART_AdvFeatureConfig
 .text.UART_CheckIdleState
                0x08003e5a       0x44 C:/PROGRA~3/MATLAB/SUPPOR~1/R2018a/3P778C~1.INS/MBEDLI~1.INS/0F0230~1/TARGET_DISCO_F769NI/TOOLCHAIN_GCC_ARM/stm32f7xx_hal_uart.o
                0x08003e5a                UART_CheckIdleState
 .text.HAL_UART_Init
                0x08003e9e       0x64 C:/PROGRA~3/MATLAB/SUPPOR~1/R2018a/3P778C~1.INS/MBEDLI~1.INS/0F0230~1/TARGET_DISCO_F769NI/TOOLCHAIN_GCC_ARM/stm32f7xx_hal_uart.o
                0x08003e9e                HAL_UART_Init
 *fill*         0x08003f02        0x2 
 .text.SCB_EnableICache
                0x08003f04       0x28 C:/PROGRA~3/MATLAB/SUPPOR~1/R2018a/3P778C~1.INS/MBEDLI~1.INS/0F0230~1/TARGET_DISCO_F769NI/TOOLCHAIN_GCC_ARM/system_stm32f7xx.o
 .text.SCB_EnableDCache
                0x08003f2c       0x74 C:/PROGRA~3/MATLAB/SUPPOR~1/R2018a/3P778C~1.INS/MBEDLI~1.INS/0F0230~1/TARGET_DISCO_F769NI/TOOLCHAIN_GCC_ARM/system_stm32f7xx.o
 .text.SystemCoreClockUpdate
                0x08003fa0       0x74 C:/PROGRA~3/MATLAB/SUPPOR~1/R2018a/3P778C~1.INS/MBEDLI~1.INS/0F0230~1/TARGET_DISCO_F769NI/TOOLCHAIN_GCC_ARM/system_stm32f7xx.o
                0x08003fa0                SystemCoreClockUpdate
 .text.SetSysClock_PLL_HSE
                0x08004014       0xac C:/PROGRA~3/MATLAB/SUPPOR~1/R2018a/3P778C~1.INS/MBEDLI~1.INS/0F0230~1/TARGET_DISCO_F769NI/TOOLCHAIN_GCC_ARM/system_stm32f7xx.o
                0x08004014                SetSysClock_PLL_HSE
 .text.SetSysClock_PLL_HSI
                0x080040c0       0x84 C:/PROGRA~3/MATLAB/SUPPOR~1/R2018a/3P778C~1.INS/MBEDLI~1.INS/0F0230~1/TARGET_DISCO_F769NI/TOOLCHAIN_GCC_ARM/system_stm32f7xx.o
                0x080040c0                SetSysClock_PLL_HSI
 .text.SetSysClock
                0x08004144       0x14 C:/PROGRA~3/MATLAB/SUPPOR~1/R2018a/3P778C~1.INS/MBEDLI~1.INS/0F0230~1/TARGET_DISCO_F769NI/TOOLCHAIN_GCC_ARM/system_stm32f7xx.o
                0x08004144                SetSysClock
 .text.SystemInit
                0x08004158       0x7c C:/PROGRA~3/MATLAB/SUPPOR~1/R2018a/3P778C~1.INS/MBEDLI~1.INS/0F0230~1/TARGET_DISCO_F769NI/TOOLCHAIN_GCC_ARM/system_stm32f7xx.o
                0x08004158                SystemInit
 .text.us_ticker_init
                0x080041d4       0x24 C:/PROGRA~3/MATLAB/SUPPOR~1/R2018a/3P778C~1.INS/MBEDLI~1.INS/0F0230~1/TARGET_DISCO_F769NI/TOOLCHAIN_GCC_ARM/us_ticker_32b.o
                0x080041d4                us_ticker_init
 .text.us_ticker_read
                0x080041f8       0x1c C:/PROGRA~3/MATLAB/SUPPOR~1/R2018a/3P778C~1.INS/MBEDLI~1.INS/0F0230~1/TARGET_DISCO_F769NI/TOOLCHAIN_GCC_ARM/us_ticker_32b.o
                0x080041f8                us_ticker_read
 .text.us_ticker_set_interrupt
                0x08004214       0x1c C:/PROGRA~3/MATLAB/SUPPOR~1/R2018a/3P778C~1.INS/MBEDLI~1.INS/0F0230~1/TARGET_DISCO_F769NI/TOOLCHAIN_GCC_ARM/us_ticker_32b.o
                0x08004214                us_ticker_set_interrupt
 .text.us_ticker_disable_interrupt
                0x08004230       0x18 C:/PROGRA~3/MATLAB/SUPPOR~1/R2018a/3P778C~1.INS/MBEDLI~1.INS/0F0230~1/TARGET_DISCO_F769NI/TOOLCHAIN_GCC_ARM/us_ticker_32b.o
                0x08004230                us_ticker_disable_interrupt
 .text.us_ticker_clear_interrupt
                0x08004248       0x18 C:/PROGRA~3/MATLAB/SUPPOR~1/R2018a/3P778C~1.INS/MBEDLI~1.INS/0F0230~1/TARGET_DISCO_F769NI/TOOLCHAIN_GCC_ARM/us_ticker_32b.o
                0x08004248                us_ticker_clear_interrupt
 .text.NVIC_GetPriority
                0x08004260       0x50 stm32f7_audio_wrapper.o
 .text.mw_blockLowerPriorityTasks
                0x080042b0       0x28 stm32f7_audio_wrapper.o
 .text.DMA2_Stream1_IRQHandler
                0x080042d8       0x34 stm32f7_audio_wrapper.o
                0x080042d8                DMA2_Stream1_IRQHandler
 .text.DMA2_Stream0_IRQHandler
                0x0800430c       0x18 stm32f7_audio_wrapper.o
                0x0800430c                DMA2_Stream0_IRQHandler
 .text.DMA2_Stream5_IRQHandler
                0x08004324       0x18 stm32f7_audio_wrapper.o
                0x08004324                DMA2_Stream5_IRQHandler
 .text.DMA2_Stream6_IRQHandler
                0x0800433c       0x18 stm32f7_audio_wrapper.o
                0x0800433c                DMA2_Stream6_IRQHandler
 .text.DMA2_Stream7_IRQHandler
                0x08004354       0x18 stm32f7_audio_wrapper.o
                0x08004354                DMA2_Stream7_IRQHandler
 .text.DMA2_Stream4_IRQHandler
                0x0800436c       0x18 stm32f7_audio_wrapper.o
                0x0800436c                DMA2_Stream4_IRQHandler
 .text.dma_audio_out_isr
                0x08004384       0x18 stm32f7_audio_wrapper.o
                0x08004384                dma_audio_out_isr
 .text.I2Cx_MspInit
                0x0800439c      0x17c stm32f769i_discovery.o
 .text.I2Cx_Init
                0x08004518       0x78 stm32f769i_discovery.o
 .text.I2Cx_ReadMultiple
                0x08004590       0x5c stm32f769i_discovery.o
 .text.I2Cx_WriteMultiple
                0x080045ec       0x5c stm32f769i_discovery.o
 .text.I2Cx_Error
                0x08004648       0x20 stm32f769i_discovery.o
 .text.AUDIO_IO_Init
                0x08004668       0x14 stm32f769i_discovery.o
                0x08004668                AUDIO_IO_Init
 .text.AUDIO_IO_DeInit
                0x0800467c       0x10 stm32f769i_discovery.o
                0x0800467c                AUDIO_IO_DeInit
 .text.AUDIO_IO_Write
                0x0800468c       0x54 stm32f769i_discovery.o
                0x0800468c                AUDIO_IO_Write
 .text.AUDIO_IO_Read
                0x080046e0       0x58 stm32f769i_discovery.o
                0x080046e0                AUDIO_IO_Read
 .text.AUDIO_IO_Delay
                0x08004738       0x18 stm32f769i_discovery.o
                0x08004738                AUDIO_IO_Delay
 .text.BSP_AUDIO_OUT_Init
                0x08004750       0x9c stm32f769i_discovery_audio.o
                0x08004750                BSP_AUDIO_OUT_Init
 .text.BSP_AUDIO_OUT_Play
                0x080047ec       0x54 stm32f769i_discovery_audio.o
                0x080047ec                BSP_AUDIO_OUT_Play
 .text.MW_BSP_AUDIO_OUT_Play
                0x08004840       0x2c stm32f769i_discovery_audio.o
                0x08004840                MW_BSP_AUDIO_OUT_Play
 .text.BSP_AUDIO_OUT_Stop
                0x0800486c       0x44 stm32f769i_discovery_audio.o
                0x0800486c                BSP_AUDIO_OUT_Stop
 .text.BSP_AUDIO_OUT_SetAudioFrameSlot
                0x080048b0       0x40 stm32f769i_discovery_audio.o
                0x080048b0                BSP_AUDIO_OUT_SetAudioFrameSlot
 .text.HAL_SAI_TxCpltCallback
                0x080048f0       0x14 stm32f769i_discovery_audio.o
                0x080048f0                HAL_SAI_TxCpltCallback
 .text.HAL_SAI_TxHalfCpltCallback
                0x08004904       0x14 stm32f769i_discovery_audio.o
                0x08004904                HAL_SAI_TxHalfCpltCallback
 .text.HAL_SAI_ErrorCallback
                0x08004918       0x28 stm32f769i_discovery_audio.o
                0x08004918                HAL_SAI_ErrorCallback
 .text.BSP_AUDIO_OUT_TransferComplete_CallBack
                0x08004940       0x50 stm32f769i_discovery_audio.o
                0x08004940                BSP_AUDIO_OUT_TransferComplete_CallBack
 .text.BSP_AUDIO_OUT_HalfTransfer_CallBack
                0x08004990       0x44 stm32f769i_discovery_audio.o
                0x08004990                BSP_AUDIO_OUT_HalfTransfer_CallBack
 .text.BSP_AUDIO_OUT_Error_CallBack
                0x080049d4       0x10 stm32f769i_discovery_audio.o
                0x080049d4                BSP_AUDIO_OUT_Error_CallBack
 .text.BSP_AUDIO_OUT_MspInit
                0x080049e4      0x144 stm32f769i_discovery_audio.o
                0x080049e4                BSP_AUDIO_OUT_MspInit
 .text.SAI_AUDIO_IN_MspInit
                0x08004b28      0x164 stm32f769i_discovery_audio.o
 .text.BSP_AUDIO_OUT_ClockConfig
                0x08004c8c       0x88 stm32f769i_discovery_audio.o
                0x08004c8c                BSP_AUDIO_OUT_ClockConfig
 .text.SAIx_Out_Init
                0x08004d14       0xdc stm32f769i_discovery_audio.o
 .text.SAIx_Out_DeInit
                0x08004df0       0x2c stm32f769i_discovery_audio.o
 .text.SAIx_In_Init
                0x08004e1c      0x1a4 stm32f769i_discovery_audio.o
 .text.SAIx_In_DeInit
                0x08004fc0       0x40 stm32f769i_discovery_audio.o
 .text.BSP_AUDIO_IN_InitEx
                0x08005000       0xdc stm32f769i_discovery_audio.o
                0x08005000                BSP_AUDIO_IN_InitEx
 .text.MW_BSP_AUDIO_IN_Record
                0x080050dc       0x2c stm32f769i_discovery_audio.o
                0x080050dc                MW_BSP_AUDIO_IN_Record
 .text.BSP_AUDIO_IN_Record
                0x08005108       0xec stm32f769i_discovery_audio.o
                0x08005108                BSP_AUDIO_IN_Record
 .text.BSP_AUDIO_IN_Stop
                0x080051f4       0xb4 stm32f769i_discovery_audio.o
                0x080051f4                BSP_AUDIO_IN_Stop
 .text.HAL_DFSDM_FilterRegConvCpltCallback
                0x080052a8      0x3a0 stm32f769i_discovery_audio.o
                0x080052a8                HAL_DFSDM_FilterRegConvCpltCallback
 .text.HAL_DFSDM_FilterRegConvHalfCpltCallback
                0x08005648      0x3a0 stm32f769i_discovery_audio.o
                0x08005648                HAL_DFSDM_FilterRegConvHalfCpltCallback
 .text.HAL_SAI_RxHalfCpltCallback
                0x080059e8       0x14 stm32f769i_discovery_audio.o
                0x080059e8                HAL_SAI_RxHalfCpltCallback
 .text.HAL_SAI_RxCpltCallback
                0x080059fc       0x14 stm32f769i_discovery_audio.o
                0x080059fc                HAL_SAI_RxCpltCallback
 .text.BSP_AUDIO_IN_TransferComplete_CallBack
                0x08005a10       0x50 stm32f769i_discovery_audio.o
                0x08005a10                BSP_AUDIO_IN_TransferComplete_CallBack
 .text.BSP_AUDIO_IN_HalfTransfer_CallBack
                0x08005a60       0x44 stm32f769i_discovery_audio.o
                0x08005a60                BSP_AUDIO_IN_HalfTransfer_CallBack
 .text.BSP_AUDIO_IN_Error_CallBack
                0x08005aa4       0x10 stm32f769i_discovery_audio.o
                0x08005aa4                BSP_AUDIO_IN_Error_CallBack
 .text.BSP_AUDIO_IN_MspInit
                0x08005ab4       0x2c stm32f769i_discovery_audio.o
                0x08005ab4                BSP_AUDIO_IN_MspInit
 .text.BSP_AUDIO_IN_ClockConfig
                0x08005ae0       0xa0 stm32f769i_discovery_audio.o
                0x08005ae0                BSP_AUDIO_IN_ClockConfig
 .text.DFSDMx_Init
                0x08005b80      0x9e0 stm32f769i_discovery_audio.o
 .text.DFSDMx_ChannelMspInit
                0x08006560       0xb8 stm32f769i_discovery_audio.o
 .text.DFSDMx_FilterMspInit
                0x08006618      0x230 stm32f769i_discovery_audio.o
 .text.wm8994_Init
                0x08006848      0xc94 wm8994.o
                0x08006848                wm8994_Init
 .text.wm8994_DeInit
                0x080074dc        0xc wm8994.o
                0x080074dc                wm8994_DeInit
 .text.wm8994_ReadID
                0x080074e8       0x24 wm8994.o
                0x080074e8                wm8994_ReadID
 .text.wm8994_Play
                0x0800750c       0x30 wm8994.o
                0x0800750c                wm8994_Play
 .text.wm8994_Pause
                0x0800753c       0x44 wm8994.o
                0x0800753c                wm8994_Pause
 .text.wm8994_Resume
                0x08007580       0x2c wm8994.o
                0x08007580                wm8994_Resume
 .text.wm8994_Stop
                0x080075ac       0xdc wm8994.o
                0x080075ac                wm8994_Stop
 .text.wm8994_SetVolume
                0x08007688      0x238 wm8994.o
                0x08007688                wm8994_SetVolume
 .text.wm8994_SetMute
                0x080078c0       0x9c wm8994.o
                0x080078c0                wm8994_SetMute
 .text.wm8994_SetOutputMode
                0x0800795c      0x240 wm8994.o
                0x0800795c                wm8994_SetOutputMode
 .text.wm8994_SetFrequency
                0x08007b9c      0x140 wm8994.o
                0x08007b9c                wm8994_SetFrequency
 .text.wm8994_Reset
                0x08007cdc       0x40 wm8994.o
                0x08007cdc                wm8994_Reset
 .text.CODEC_IO_Write
                0x08007d1c       0x30 wm8994.o
 .text.SystemProp_matlabCodegenSetAn_p
                0x08007d4c       0x20 Sine_test.o
 .text.Sine_test_SystemCore_release_p
                0x08007d6c       0x24 Sine_test.o
 .text.Sine_test_SystemCore_delete_p
                0x08007d90       0x18 Sine_test.o
 .text.matlabCodegenHandle_matlabCod_p
                0x08007da8       0x28 Sine_test.o
 .text.SystemProp_matlabCodegenSetAnyP
                0x08007dd0       0x20 Sine_test.o
 .text.Sine_test_SystemCore_release
                0x08007df0       0x2c Sine_test.o
 .text.Sine_test_SystemCore_delete
                0x08007e1c       0x18 Sine_test.o
 .text.matlabCodegenHandle_matlabCodeg
                0x08007e34       0x28 Sine_test.o
 *fill*         0x08007e5c        0x4 
 .text.Sine_test_step
                0x08007e60      0x3d0 Sine_test.o
                0x08007e60                Sine_test_step
 .text.Sine_test_initialize
                0x08008230      0x2ac Sine_test.o
                0x08008230                Sine_test_initialize
 .text.Sine_test_terminate
                0x080084dc       0x1c Sine_test.o
                0x080084dc                Sine_test_terminate
 .text.rtGetInf
                0x080084f8       0x50 rtGetInf.o
                0x080084f8                rtGetInf
 .text.rtGetInfF
                0x08008548       0x1c rtGetInf.o
                0x08008548                rtGetInfF
 .text.rtGetMinusInf
                0x08008564       0x50 rtGetInf.o
                0x08008564                rtGetMinusInf
 .text.rtGetMinusInfF
                0x080085b4       0x1c rtGetInf.o
                0x080085b4                rtGetMinusInfF
 .text.rtGetNaN
                0x080085d0       0x50 rtGetNaN.o
                0x080085d0                rtGetNaN
 .text.rtGetNaNF
                0x08008620       0x24 rtGetNaN.o
                0x08008620                rtGetNaNF
 .text.rt_InitInfAndNaN
                0x08008644       0x70 rt_nonfinite.o
                0x08008644                rt_InitInfAndNaN
 .text.rtIsInfF
                0x080086b4       0x4c rt_nonfinite.o
                0x080086b4                rtIsInfF
 .text.rtIsNaNF
                0x08008700       0x2c rt_nonfinite.o
                0x08008700                rtIsNaNF
 .text.GrowRecvBufIfNeeded
                0x0800872c       0x60 ext_svr.o
 .text.GetPktHdr
                0x0800878c       0x7c ext_svr.o
 .text.ClearPkt
                0x08008808       0x50 ext_svr.o
 .text.GetPkt   0x08008858       0x80 ext_svr.o
 .text.DisconnectFromHost
                0x080088d8       0x6c ext_svr.o
 .text.ForceDisconnectFromHost
                0x08008944       0x4c ext_svr.o
 .text.ProcessConnectPkt
                0x08008990      0x174 ext_svr.o
 .text.SendPktHdrToHost
                0x08008b04       0x50 ext_svr.o
 .text.SendPktDataToHost
                0x08008b54       0x44 ext_svr.o
 .text.SendPktToHost
                0x08008b98       0x4c ext_svr.o
                0x08008b98                SendPktToHost
 .text.SendResponseStatus
                0x08008be4       0x38 ext_svr.o
 .text.ProcessSetParamPkt
                0x08008c1c       0x60 ext_svr.o
 .text.ProcessGetParamsPkt
                0x08008c7c      0x12c ext_svr.o
 .text.ProcessSelectTriggerSignalPkt
                0x08008da8       0xa8 ext_svr.o
 .text.ProcessCancelLoggingArmTriggerPkt
                0x08008e50       0x7c ext_svr.o
 .text.ExtParseArgsAndInitUD
                0x08008ecc       0x64 ext_svr.o
                0x08008ecc                ExtParseArgsAndInitUD
 .text.ExtWaitForStartPkt
                0x08008f30       0x18 ext_svr.o
                0x08008f30                ExtWaitForStartPkt
 .text.UploadServerWork
                0x08008f48       0xcc ext_svr.o
                0x08008f48                UploadServerWork
 .text.rt_UploadServerWork
                0x08009014       0x2c ext_svr.o
                0x08009014                rt_UploadServerWork
 .text.rt_ExtModeInit
                0x08009040       0x54 ext_svr.o
                0x08009040                rt_ExtModeInit
 .text.rt_ExtModeSleep
                0x08009094       0x24 ext_svr.o
                0x08009094                rt_ExtModeSleep
 .text.rt_PktServerWork
                0x080090b8      0x264 ext_svr.o
                0x080090b8                rt_PktServerWork
 .text.ExtModeShutdown
                0x0800931c       0x44 ext_svr.o
 .text.rt_ExtModeShutdown
                0x08009360       0x84 ext_svr.o
                0x08009360                rt_ExtModeShutdown
 .text.rt_UploadCheckTrigger
                0x080093e4       0x2c ext_svr.o
                0x080093e4                rt_UploadCheckTrigger
 .text.rt_UploadCheckEndTrigger
                0x08009410       0x28 ext_svr.o
                0x08009410                rt_UploadCheckEndTrigger
 .text.rt_UploadBufAddTimePoint
                0x08009438       0x34 ext_svr.o
                0x08009438                rt_UploadBufAddTimePoint
 .text.SetParam
                0x0800946c      0x120 updown.o
                0x0800946c                SetParam
 .text.InitUploadSection
                0x0800958c       0xc0 updown.o
 .text.InitSysUploadTable
                0x0800964c      0x174 updown.o
 .text.UploadBufInit
                0x080097c0       0x70 updown.o
 .text.UploadDestroyTrigger
                0x08009830       0xd0 updown.o
 .text.UploadLogInfoReset
                0x08009900       0x6c updown.o
                0x08009900                UploadLogInfoReset
 .text.UploadLogInfoTerm
                0x0800996c      0x108 updown.o
                0x0800996c                UploadLogInfoTerm
 .text.UploadPrepareForFinalFlush
                0x08009a74       0x64 updown.o
                0x08009a74                UploadPrepareForFinalFlush
 .text.UploadLogInfoInit
                0x08009ad8      0x180 updown.o
                0x08009ad8                UploadLogInfoInit
 .text.UploadInitTrigger
                0x08009c58      0x1cc updown.o
                0x08009c58                UploadInitTrigger
 .text.UploadArmTrigger
                0x08009e24       0xa0 updown.o
                0x08009e24                UploadArmTrigger
 .text.UploadEndLoggingSession
                0x08009ec4       0x38 updown.o
                0x08009ec4                UploadEndLoggingSession
 .text.UploadCancelLogging
                0x08009efc       0x70 updown.o
                0x08009efc                UploadCancelLogging
 .text.UploadBufDataSent
                0x08009f6c       0x68 updown.o
                0x08009f6c                UploadBufDataSent
 .text.UploadBufAssignMem
                0x08009fd4      0x124 updown.o
 .text.UploadCheckTriggerSignals
                0x0800a0f8      0x198 updown.o
 .text.UploadBufAddTimePoint
                0x0800a290      0x4d4 updown.o
                0x0800a290                UploadBufAddTimePoint
 .text.UploadCheckTrigger
                0x0800a764       0x94 updown.o
                0x0800a764                UploadCheckTrigger
 .text.UploadCheckEndTrigger
                0x0800a7f8       0x5c updown.o
                0x0800a7f8                UploadCheckEndTrigger
 .text.SetExtBufListFields
                0x0800a854      0x10c updown.o
 .text.SetExtBufListFieldsForEmptyList
                0x0800a960       0x44 updown.o
 .text.UploadBufGetData
                0x0800a9a4       0xbc updown.o
                0x0800a9a4                UploadBufGetData
 .text.rtExtModeWaitForStartPkt
                0x0800aa60       0x64 ext_work.o
                0x0800aa60                rtExtModeWaitForStartPkt
 .text.rtExtModeOneStep
                0x0800aac4       0x34 ext_work.o
                0x0800aac4                rtExtModeOneStep
 .text.rtExtModeUpload
                0x0800aaf8       0x20 ext_work.o
                0x0800aaf8                rtExtModeUpload
 .text.rtExtModeCheckEndTrigger
                0x0800ab18        0xc ext_work.o
                0x0800ab18                rtExtModeCheckEndTrigger
 .text.rtExtModeUploadCheckTrigger
                0x0800ab24       0x18 ext_work.o
                0x0800ab24                rtExtModeUploadCheckTrigger
 .text.rtExtModeCheckInit
                0x0800ab3c       0x14 ext_work.o
                0x0800ab3c                rtExtModeCheckInit
 .text.rtExtModeShutdown
                0x0800ab50       0x18 ext_work.o
                0x0800ab50                rtExtModeShutdown
 .text.rtERTExtModeSetTFinal
                0x0800ab68       0x48 ext_work.o
                0x0800ab68                rtERTExtModeSetTFinal
 .text.rtSetTFinalForExtMode
                0x0800abb0       0x18 ext_work.o
                0x0800abb0                rtSetTFinalForExtMode
 .text.rtParseArgsForExtMode
                0x0800abc8       0x1c ext_work.o
                0x0800abc8                rtParseArgsForExtMode
 .text.rtERTExtModeStartMsg
                0x0800abe4       0x10 ext_work.o
                0x0800abe4                rtERTExtModeStartMsg
 .text.rtIOStreamBlockingSend
                0x0800abf4       0x64 rtiostream_utils.o
                0x0800abf4                rtIOStreamBlockingSend
 .text.rtIOStreamBlockingRecv
                0x0800ac58       0x64 rtiostream_utils.o
                0x0800ac58                rtIOStreamBlockingRecv
 .text.NVIC_SetPriority
                0x0800acbc       0x54 stm32f769i_init_board.o
 .text.stm32f7xx_init_board
                0x0800ad10       0x1c stm32f769i_init_board.o
                0x0800ad10                stm32f7xx_init_board
 .text.SystemClock_Config
                0x0800ad2c       0xbc stm32f769i_init_board.o
 .text._ZN13PlatformMutexD2Ev
                0x0800ade8       0x18 BufferedSerial.o
                0x0800ade8                PlatformMutex::~PlatformMutex()
                0x0800ade8                PlatformMutex::~PlatformMutex()
 .text._ZnwjPv  0x0800ae00       0x18 BufferedSerial.o
                0x0800ae00                operator new(unsigned int, void*)
 .text._ZN4mbed8FileLike5lseekEli
                0x0800ae18       0x28 BufferedSerial.o
                0x0800ae18                mbed::FileLike::lseek(long, int)
 .text._ZN4mbed8FileLike5fsyncEv
                0x0800ae40       0x20 BufferedSerial.o
                0x0800ae40                mbed::FileLike::fsync()
 .text._ZN4mbed8FileLike4flenEv
                0x0800ae60       0x20 BufferedSerial.o
                0x0800ae60                mbed::FileLike::flen()
 .text._ZN4mbed10SerialBaseD2Ev
                0x0800ae80       0x68 BufferedSerial.o
                0x0800ae80                mbed::SerialBase::~SerialBase()
                0x0800ae80                mbed::SerialBase::~SerialBase()
 .text._ZN4mbed10SerialBaseD0Ev
                0x0800aee8       0x20 BufferedSerial.o
                0x0800aee8                mbed::SerialBase::~SerialBase()
 .text._ZN4mbed6SerialD2Ev
                0x0800af08       0x58 BufferedSerial.o
                0x0800af08                mbed::Serial::~Serial()
                0x0800af08                mbed::Serial::~Serial()
                0x0800af58                non-virtual thunk to mbed::Serial::~Serial()
 .text._ZN4mbed6SerialD0Ev
                0x0800af60       0x28 BufferedSerial.o
                0x0800af60                mbed::Serial::~Serial()
                0x0800af80                non-virtual thunk to mbed::Serial::~Serial()
 .text._ZN14BufferedSerialC2E7PinNameS0_i
                0x0800af88       0xbc BufferedSerial.o
                0x0800af88                BufferedSerial::BufferedSerial(PinName, PinName, int)
                0x0800af88                BufferedSerial::BufferedSerial(PinName, PinName, int)
 .text._ZN14BufferedSerialD2Ev
                0x0800b044       0xac BufferedSerial.o
                0x0800b044                BufferedSerial::~BufferedSerial()
                0x0800b044                BufferedSerial::~BufferedSerial()
 .text._ZThn180_N14BufferedSerialD1Ev
                0x0800b0f0        0x8 BufferedSerial.o
                0x0800b0f0                non-virtual thunk to BufferedSerial::~BufferedSerial()
 .text._ZN14BufferedSerialD0Ev
                0x0800b0f8       0x20 BufferedSerial.o
                0x0800b0f8                BufferedSerial::~BufferedSerial()
 .text._ZThn180_N14BufferedSerialD0Ev
                0x0800b118        0x8 BufferedSerial.o
                0x0800b118                non-virtual thunk to BufferedSerial::~BufferedSerial()
 .text._ZN14BufferedSerial14initDataBufferEv
                0x0800b120       0x2c BufferedSerial.o
                0x0800b120                BufferedSerial::initDataBuffer()
 .text._ZN14BufferedSerial17writeToDataBufferEh
                0x0800b14c       0x64 BufferedSerial.o
                0x0800b14c                BufferedSerial::writeToDataBuffer(unsigned char)
 .text._ZN14BufferedSerial18readFromDataBufferEv
                0x0800b1b0       0x60 BufferedSerial.o
                0x0800b1b0                BufferedSerial::readFromDataBuffer()
 .text._ZN14BufferedSerial15isDataAvailableEv
                0x0800b210       0x2c BufferedSerial.o
                0x0800b210                BufferedSerial::isDataAvailable()
 .text._ZN14BufferedSerial5rxIrqEv
                0x0800b23c       0x28 BufferedSerial.o
                0x0800b23c                BufferedSerial::rxIrq()
 .text._ZN6CThunkIN4mbed10SerialBaseEED2Ev
                0x0800b264       0x18 BufferedSerial.o
                0x0800b264                CThunk<mbed::SerialBase>::~CThunk()
                0x0800b264                CThunk<mbed::SerialBase>::~CThunk()
 .text._ZN4mbed8CallbackIFviEED2Ev
                0x0800b27c       0x24 BufferedSerial.o
                0x0800b27c                mbed::Callback<void (int)>::~Callback()
                0x0800b27c                mbed::Callback<void (int)>::~Callback()
 .text._ZN4mbed8CallbackIFvvEED2Ev
                0x0800b2a0       0x24 BufferedSerial.o
                0x0800b2a0                mbed::Callback<void ()>::~Callback()
                0x0800b2a0                mbed::Callback<void ()>::~Callback()
 .text._ZN4mbed8CallbackIFvvEEC2EPS1_
                0x0800b2c4       0x2c BufferedSerial.o
                0x0800b2c4                mbed::Callback<void ()>::Callback(void (*)())
                0x0800b2c4                mbed::Callback<void ()>::Callback(void (*)())
 .text._ZN4mbed8callbackI14BufferedSerialS1_vEENS_8CallbackIFT1_vEEEPT0_MT_FS3_vE
                0x0800b2f0       0x24 BufferedSerial.o
                0x0800b2f0                mbed::Callback<void ()> mbed::callback<BufferedSerial, BufferedSerial, void>(BufferedSerial*, void (BufferedSerial::*)())
 .text._ZN4mbed8CallbackIFvvEE8generateIPS1_EEvRKT_
                0x0800b314       0x34 BufferedSerial.o
                0x0800b314                void mbed::Callback<void ()>::generate<void (*)()>(void (* const&)())
 .text._ZN4mbed8CallbackIFvvEEC2I14BufferedSerialS4_EEPT0_MT_FvvE
                0x0800b348       0x34 BufferedSerial.o
                0x0800b348                mbed::Callback<void ()>::Callback<BufferedSerial, BufferedSerial>(BufferedSerial*, void (BufferedSerial::*)())
                0x0800b348                mbed::Callback<void ()>::Callback<BufferedSerial, BufferedSerial>(BufferedSerial*, void (BufferedSerial::*)())
 .text._ZN4mbed8CallbackIFvvEE13function_callIPS1_EEvPKv
                0x0800b37c       0x14 BufferedSerial.o
                0x0800b37c                void mbed::Callback<void ()>::function_call<void (*)()>(void const*)
 .text._ZN4mbed8CallbackIFvvEE13function_moveIPS1_EEvPvPKv
                0x0800b390       0x28 BufferedSerial.o
                0x0800b390                void mbed::Callback<void ()>::function_move<void (*)()>(void*, void const*)
 .text._ZN4mbed8CallbackIFvvEE13function_dtorIPS1_EEvPv
                0x0800b3b8       0x14 BufferedSerial.o
                0x0800b3b8                void mbed::Callback<void ()>::function_dtor<void (*)()>(void*)
 .text._ZN4mbed8CallbackIFvvEE14method_contextI14BufferedSerialMS4_FvvEEC2EPS4_S6_
                0x0800b3cc       0x34 BufferedSerial.o
                0x0800b3cc                mbed::Callback<void ()>::method_context<BufferedSerial, void (BufferedSerial::*)()>::method_context(BufferedSerial*, void (BufferedSerial::*)())
                0x0800b3cc                mbed::Callback<void ()>::method_context<BufferedSerial, void (BufferedSerial::*)()>::method_context(BufferedSerial*, void (BufferedSerial::*)())
 .text._ZN4mbed8CallbackIFvvEE8generateINS2_14method_contextI14BufferedSerialMS5_FvvEEEEEvRKT_
                0x0800b400       0x34 BufferedSerial.o
                0x0800b400                void mbed::Callback<void ()>::generate<mbed::Callback<void ()>::method_context<BufferedSerial, void (BufferedSerial::*)()> >(mbed::Callback<void ()>::method_context<BufferedSerial, void (BufferedSerial::*)()> const&)
 .text._ZN4mbed8CallbackIFvvEE13function_callINS2_14method_contextI14BufferedSerialMS5_FvvEEEEEvPKv
                0x0800b434       0x14 BufferedSerial.o
                0x0800b434                void mbed::Callback<void ()>::function_call<mbed::Callback<void ()>::method_context<BufferedSerial, void (BufferedSerial::*)()> >(void const*)
 .text._ZN4mbed8CallbackIFvvEE13function_moveINS2_14method_contextI14BufferedSerialMS5_FvvEEEEEvPvPKv
                0x0800b448       0x2c BufferedSerial.o
                0x0800b448                void mbed::Callback<void ()>::function_move<mbed::Callback<void ()>::method_context<BufferedSerial, void (BufferedSerial::*)()> >(void*, void const*)
 .text._ZN4mbed8CallbackIFvvEE13function_dtorINS2_14method_contextI14BufferedSerialMS5_FvvEEEEEvPv
                0x0800b474       0x14 BufferedSerial.o
                0x0800b474                void mbed::Callback<void ()>::function_dtor<mbed::Callback<void ()>::method_context<BufferedSerial, void (BufferedSerial::*)()> >(void*)
 .text._ZNK4mbed8CallbackIFvvEE14method_contextI14BufferedSerialMS4_FvvEEclEv
                0x0800b488       0x48 BufferedSerial.o
                0x0800b488                mbed::Callback<void ()>::method_context<BufferedSerial, void (BufferedSerial::*)()>::operator()() const
 .text.NVIC_GetPriority
                0x0800b4d0       0x50 SysTickScheduler.o
 .text.mw_blockLowerPriorityTasks
                0x0800b520       0x28 SysTickScheduler.o
 .text.SysTick_Isr
                0x0800b548       0x40 SysTickScheduler.o
 .text.SysTick_Handler
                0x0800b588       0x28 SysTickScheduler.o
                0x0800b588                SysTick_Handler
 .text.ARMCM_SysTick_Config
                0x0800b5b0       0x14 SysTickScheduler.o
                0x0800b5b0                ARMCM_SysTick_Config
 .text.arm_cortex_m_call_thread_with_context_switch
                0x0800b5c4       0x30 m3m4m4f_multitasking.o
                0x0800b5c4                arm_cortex_m_call_thread_with_context_switch
 .text.SVC_Handler
                0x0800b5f4       0x58 m3m4m4f_multitasking.o
                0x0800b5f4                SVC_Handler
 .text.IsEscapeChar
                0x0800b64c       0x30 ext_serial_pkt.o
 .text.Filter   0x0800b67c       0x84 ext_serial_pkt.o
 .text.Num2String
                0x0800b700       0x88 ext_serial_pkt.o
 .text.String2Num
                0x0800b788       0x70 ext_serial_pkt.o
 .text.SetExtSerialPacket
                0x0800b7f8      0x130 ext_serial_pkt.o
                0x0800b7f8                SetExtSerialPacket
 .text.GetExtSerialPacket
                0x0800b928      0x33c ext_serial_pkt.o
                0x0800b928                GetExtSerialPacket
 .text.ExtSerialPortCreate
                0x0800bc64       0x3c rtiostream_serial_interface.o
                0x0800bc64                ExtSerialPortCreate
 .text.ExtSerialPortConnect
                0x0800bca0       0x88 rtiostream_serial_interface.o
                0x0800bca0                ExtSerialPortConnect
 .text.ExtSerialPortDisconnect
                0x0800bd28       0x58 rtiostream_serial_interface.o
                0x0800bd28                ExtSerialPortDisconnect
 .text.ExtSerialPortSetData
                0x0800bd80       0x48 rtiostream_serial_interface.o
                0x0800bd80                ExtSerialPortSetData
 .text.ExtSerialPortDataPending
                0x0800bdc8       0x8c rtiostream_serial_interface.o
                0x0800bdc8                ExtSerialPortDataPending
 .text.ExtSerialPortGetData
                0x0800be54       0xd0 rtiostream_serial_interface.o
                0x0800be54                ExtSerialPortGetData
 .text.isFIFOEmpty
                0x0800bf24       0x28 ext_svr_serial_transport.o
 .text.InsertFIFO
                0x0800bf4c       0x54 ext_svr_serial_transport.o
 .text.RemoveFIFO
                0x0800bfa0       0x54 ext_svr_serial_transport.o
 .text.isFIFOFreeEmpty
                0x0800bff4       0x24 ext_svr_serial_transport.o
 .text.isFIFOPktEmpty
                0x0800c018       0x24 ext_svr_serial_transport.o
 .text.InsertFIFOFree
                0x0800c03c       0x24 ext_svr_serial_transport.o
 .text.RemoveFIFOFree
                0x0800c060       0x1c ext_svr_serial_transport.o
 .text.InsertFIFOPkt
                0x0800c07c       0x24 ext_svr_serial_transport.o
 .text.RemoveFIFOPkt
                0x0800c0a0       0x1c ext_svr_serial_transport.o
 .text.GetFIFOPkt
                0x0800c0bc       0x18 ext_svr_serial_transport.o
 .text.AddToFIFOFree
                0x0800c0d4       0x44 ext_svr_serial_transport.o
 .text.SavePkt  0x0800c118       0x38 ext_svr_serial_transport.o
 .text.ExtGetPktBlocking
                0x0800c150       0x84 ext_svr_serial_transport.o
 .text.ExtSetPkt
                0x0800c1d4      0x124 ext_svr_serial_transport.o
 .text.ExtSetPktWithACK
                0x0800c2f8       0x6c ext_svr_serial_transport.o
 .text.ExtGetPkt
                0x0800c364       0xec ext_svr_serial_transport.o
 .text.ExtPktPending
                0x0800c450       0x78 ext_svr_serial_transport.o
 .text.ExtClearSerialConnection
                0x0800c4c8       0x18 ext_svr_serial_transport.o
 .text.ExtResetSerialConnection
                0x0800c4e0       0xa4 ext_svr_serial_transport.o
 .text.ExtOpenSerialConnection
                0x0800c584       0xb8 ext_svr_serial_transport.o
 .text.ExtCloseSerialConnection
                0x0800c63c       0x1c ext_svr_serial_transport.o
 .text.ExtInit  0x0800c658       0x1c ext_svr_serial_transport.o
                0x0800c658                ExtInit
 .text.ExtOpenConnection
                0x0800c674       0x2c ext_svr_serial_transport.o
                0x0800c674                ExtOpenConnection
 .text.ExtCloseConnection
                0x0800c6a0       0x14 ext_svr_serial_transport.o
                0x0800c6a0                ExtCloseConnection
 .text.ExtShutDown
                0x0800c6b4       0x28 ext_svr_serial_transport.o
                0x0800c6b4                ExtShutDown
 .text.ExtProcessArgs
                0x0800c6dc       0x90 ext_svr_serial_transport.o
                0x0800c6dc                ExtProcessArgs
 .text.ExtWaitForStartPktFromHost
                0x0800c76c       0x18 ext_svr_serial_transport.o
                0x0800c76c                ExtWaitForStartPktFromHost
 .text.ExtUserDataCreate
                0x0800c784       0x14 ext_svr_serial_transport.o
                0x0800c784                ExtUserDataCreate
 .text.ExtUserDataDestroy
                0x0800c798       0x14 ext_svr_serial_transport.o
                0x0800c798                ExtUserDataDestroy
 .text.ExtGetHostPkt
                0x0800c7ac       0x60 ext_svr_serial_transport.o
                0x0800c7ac                ExtGetHostPkt
 .text.ExtSetHostPkt
                0x0800c80c       0x40 ext_svr_serial_transport.o
                0x0800c80c                ExtSetHostPkt
 .text.ExtModeSleep
                0x0800c84c       0x18 ext_svr_serial_transport.o
                0x0800c84c                ExtModeSleep
 .text.ExtForceDisconnect
                0x0800c864       0x20 ext_svr_serial_transport.o
                0x0800c864                ExtForceDisconnect
 .text.rtIOStreamOpen
                0x0800c884       0x48 rtiostream_serial_mbed.o
                0x0800c884                rtIOStreamOpen
 .text.rtIOStreamSend
                0x0800c8cc       0x4c rtiostream_serial_mbed.o
                0x0800c8cc                rtIOStreamSend
 .text.rtIOStreamRecv
                0x0800c918       0x84 rtiostream_serial_mbed.o